###############################################################################
#
# IAR ELF Linker V7.60.1.11101/W32 for ARM                27/Apr/2016  00:57:01
# Copyright 2007-2016 IAR Systems AB.
#
#    Output file  =  
#        C:\Users\Benoit\Dev\Code\Benoit\SW9000GPS\EWARM\SW9000GPS\Exe\SW9000GPS.out
#    Map file     =  
#        C:\Users\Benoit\Dev\Code\Benoit\SW9000GPS\EWARM\SW9000GPS\List\SW9000GPS.map
#    Command line =  
#        C:\Users\Benoit\Dev\Code\Benoit\SW9000GPS\EWARM\SW9000GPS\Obj\cmsis_os.o
#        C:\Users\Benoit\Dev\Code\Benoit\SW9000GPS\EWARM\SW9000GPS\Obj\croutine.o
#        C:\Users\Benoit\Dev\Code\Benoit\SW9000GPS\EWARM\SW9000GPS\Obj\event_groups.o
#        C:\Users\Benoit\Dev\Code\Benoit\SW9000GPS\EWARM\SW9000GPS\Obj\freertos.o
#        C:\Users\Benoit\Dev\Code\Benoit\SW9000GPS\EWARM\SW9000GPS\Obj\heap_4.o
#        C:\Users\Benoit\Dev\Code\Benoit\SW9000GPS\EWARM\SW9000GPS\Obj\list.o
#        C:\Users\Benoit\Dev\Code\Benoit\SW9000GPS\EWARM\SW9000GPS\Obj\main.o
#        C:\Users\Benoit\Dev\Code\Benoit\SW9000GPS\EWARM\SW9000GPS\Obj\port.o
#        C:\Users\Benoit\Dev\Code\Benoit\SW9000GPS\EWARM\SW9000GPS\Obj\portasm.o
#        C:\Users\Benoit\Dev\Code\Benoit\SW9000GPS\EWARM\SW9000GPS\Obj\queue.o
#        C:\Users\Benoit\Dev\Code\Benoit\SW9000GPS\EWARM\SW9000GPS\Obj\startup_stm32l476xx.o
#        C:\Users\Benoit\Dev\Code\Benoit\SW9000GPS\EWARM\SW9000GPS\Obj\stm32l4xx_hal.o
#        C:\Users\Benoit\Dev\Code\Benoit\SW9000GPS\EWARM\SW9000GPS\Obj\stm32l4xx_hal_cortex.o
#        C:\Users\Benoit\Dev\Code\Benoit\SW9000GPS\EWARM\SW9000GPS\Obj\stm32l4xx_hal_dma.o
#        C:\Users\Benoit\Dev\Code\Benoit\SW9000GPS\EWARM\SW9000GPS\Obj\stm32l4xx_hal_flash.o
#        C:\Users\Benoit\Dev\Code\Benoit\SW9000GPS\EWARM\SW9000GPS\Obj\stm32l4xx_hal_flash_ex.o
#        C:\Users\Benoit\Dev\Code\Benoit\SW9000GPS\EWARM\SW9000GPS\Obj\stm32l4xx_hal_flash_ramfunc.o
#        C:\Users\Benoit\Dev\Code\Benoit\SW9000GPS\EWARM\SW9000GPS\Obj\stm32l4xx_hal_gpio.o
#        C:\Users\Benoit\Dev\Code\Benoit\SW9000GPS\EWARM\SW9000GPS\Obj\stm32l4xx_hal_i2c.o
#        C:\Users\Benoit\Dev\Code\Benoit\SW9000GPS\EWARM\SW9000GPS\Obj\stm32l4xx_hal_i2c_ex.o
#        C:\Users\Benoit\Dev\Code\Benoit\SW9000GPS\EWARM\SW9000GPS\Obj\stm32l4xx_hal_msp.o
#        C:\Users\Benoit\Dev\Code\Benoit\SW9000GPS\EWARM\SW9000GPS\Obj\stm32l4xx_hal_pwr.o
#        C:\Users\Benoit\Dev\Code\Benoit\SW9000GPS\EWARM\SW9000GPS\Obj\stm32l4xx_hal_pwr_ex.o
#        C:\Users\Benoit\Dev\Code\Benoit\SW9000GPS\EWARM\SW9000GPS\Obj\stm32l4xx_hal_rcc.o
#        C:\Users\Benoit\Dev\Code\Benoit\SW9000GPS\EWARM\SW9000GPS\Obj\stm32l4xx_hal_rcc_ex.o
#        C:\Users\Benoit\Dev\Code\Benoit\SW9000GPS\EWARM\SW9000GPS\Obj\stm32l4xx_hal_spi.o
#        C:\Users\Benoit\Dev\Code\Benoit\SW9000GPS\EWARM\SW9000GPS\Obj\stm32l4xx_hal_spi_ex.o
#        C:\Users\Benoit\Dev\Code\Benoit\SW9000GPS\EWARM\SW9000GPS\Obj\stm32l4xx_hal_tim.o
#        C:\Users\Benoit\Dev\Code\Benoit\SW9000GPS\EWARM\SW9000GPS\Obj\stm32l4xx_hal_tim_ex.o
#        C:\Users\Benoit\Dev\Code\Benoit\SW9000GPS\EWARM\SW9000GPS\Obj\stm32l4xx_hal_timebase_TIM.o
#        C:\Users\Benoit\Dev\Code\Benoit\SW9000GPS\EWARM\SW9000GPS\Obj\stm32l4xx_hal_uart.o
#        C:\Users\Benoit\Dev\Code\Benoit\SW9000GPS\EWARM\SW9000GPS\Obj\stm32l4xx_hal_uart_ex.o
#        C:\Users\Benoit\Dev\Code\Benoit\SW9000GPS\EWARM\SW9000GPS\Obj\stm32l4xx_it.o
#        C:\Users\Benoit\Dev\Code\Benoit\SW9000GPS\EWARM\SW9000GPS\Obj\system_stm32l4xx.o
#        C:\Users\Benoit\Dev\Code\Benoit\SW9000GPS\EWARM\SW9000GPS\Obj\tasks.o
#        C:\Users\Benoit\Dev\Code\Benoit\SW9000GPS\EWARM\SW9000GPS\Obj\timers.o
#        --redirect _Printf=_PrintfFull --redirect _Scanf=_ScanfFull -o
#        C:\Users\Benoit\Dev\Code\Benoit\SW9000GPS\EWARM\SW9000GPS\Exe\SW9000GPS.out
#        --map
#        C:\Users\Benoit\Dev\Code\Benoit\SW9000GPS\EWARM\SW9000GPS\List\SW9000GPS.map
#        --config
#        C:\Users\Benoit\Dev\Code\Benoit\SW9000GPS\EWARM/stm32l476xx_flash.icf
#        --semihosting --entry __iar_program_start --vfe
#
###############################################################################

*******************************************************************************
*** RUNTIME MODEL ATTRIBUTES
***

CppFlavor                     = *
__Heap_Handler                = DLMalloc
__SystemLibrary               = DLib
__dlib_dynamic_initialization = normal


*******************************************************************************
*** PLACEMENT SUMMARY
***

"A1":  place at 0x08000000 { ro section .intvec };
"P1":  place in [from 0x08000000 to 0x080fffff] { ro };
"P2":  place in [from 0x20000000 to 0x20017fff] { rw, block CSTACK, block HEAP };
initialize by copy { rw };

  Section             Kind        Address    Size  Object
  -------             ----        -------    ----  ------
"A1":                                       0x188
  .intvec             ro code  0x08000000   0x188  startup_stm32l476xx.o [1]
                             - 0x08000188   0x188

"P1":                                      0x7185
  .text               ro code  0x08000188   0xfd8  dlmalloc.o [3]
  .text               ro code  0x08001160     0x6  abort.o [3]
  .text               ro code  0x08001168    0x2c  xgetmemchunk.o [3]
  .text               ro code  0x08001194    0x14  exit.o [6]
  .text               ro code  0x080011a8   0xda8  main.o [1]
  .text               ro code  0x08001f50   0x1f8  stm32l4xx_hal_gpio.o [1]
  .text               ro code  0x08002148    0x40  stm32l4xx_hal.o [1]
  .text               ro code  0x08002188    0xc0  cmsis_os.o [1]
  .text               ro code  0x08002248   0x7da  stm32l4xx_hal_spi.o [1]
  .text               ro code  0x08002a24   0x640  stm32l4xx_hal_uart.o [1]
  .text               ro code  0x08003064    0x56  ABImemcpy_unaligned.o [5]
  .text               ro code  0x080030bc   0x6f4  stm32l4xx_hal_rcc.o [1]
  .text               ro code  0x080037b0   0x558  stm32l4xx_hal_rcc_ex.o [1]
  .text               ro code  0x08003d08    0x78  stm32l4xx_hal_pwr_ex.o [1]
  .text               ro code  0x08003d80    0xe8  stm32l4xx_hal_cortex.o [1]
  .text               ro code  0x08003e68   0x45a  xsin.o [4]
  .text               ro code  0x080042c4   0x1a2  DblMul.o [4]
  .text               ro code  0x08004468   0x180  DblSub.o [4]
  .text               ro code  0x080045e8    0xf4  atan2.o [4]
  .text               ro code  0x080046dc    0x4c  round.o [4]
  .text               ro code  0x08004728    0x4c  DblToI32.o [4]
  .text               ro code  0x08004774    0x6c  strncpy_unaligned.o [5]
  .text               ro code  0x080047e0   0x172  xstod.o [4]
  .text               ro code  0x08004954   0x256  DblDiv.o [4]
  .text               ro code  0x08004bac    0x36  strlen.o [5]
  .text               ro code  0x08004be4    0x2c  I32ToDbl.o [4]
  .text               ro code  0x08004c10    0xbc  atan.o [4]
  .text               ro code  0x08004ccc    0x7c  stm32l4xx_hal_timebase_TIM.o [1]
  .text               ro code  0x08004d48   0x160  stm32l4xx_hal_msp.o [1]
  .text               ro code  0x08004ea8   0x6cc  tasks.o [1]
  .text               ro code  0x08005574   0x1e8  port.o [1]
  .text               ro code  0x0800575c    0xee  I64DivMod.o [5]
  .text               ro code  0x0800584c    0x2e  DblCmpLe.o [4]
  .text               ro code  0x0800587c    0x2e  DblCmpGe.o [4]
  .text               ro code  0x080058ac    0xe8  DblAdd.o [4]
  .text               ro code  0x08005994     0xc  errno.o [3]
  .text               ro code  0x080059a0   0x168  xquad.o [4]
  .text               ro code  0x08005b08    0x40  xdtest.o [4]
  .text               ro code  0x08005b48   0x1f0  xatan.o [4]
  .text               ro code  0x08005d38    0x7a  xdint.o [4]
  .text               ro code  0x08005db4    0x5e  ABImemset.o [5]
  .text               ro code  0x08005e12   0x122  xstopfx.o [3]
  .text               ro code  0x08005f34   0x1d0  xstoflt.o [3]
  .rodata             const    0x08006104    0x3c  main.o [1]
  .text               ro code  0x08006140   0x200  xdtento.o [4]
  .text               ro code  0x08006340   0x234  xstoxflt.o [3]
  .text               ro code  0x08006574   0x114  xdscale.o [4]
  .text               ro code  0x08006688   0x260  stm32l4xx_hal_tim.o [1]
  .text               ro code  0x080068e8    0x8e  list.o [1]
  .text               ro code  0x08006978   0x1b4  heap_4.o [1]
  .text               ro code  0x08006b2c    0x3a  ABImemset48.o [5]
  CODE                ro code  0x08006b68    0xa8  portasm.o [1]
  .text               ro code  0x08006c10     0x2  I64DivZer.o [5]
  .text               ro code  0x08006c12     0x2  xtls.o [3]
  .text               ro code  0x08006c14    0x20  DblCmpEq.o [4]
  .text               ro code  0x08006c34   0x1a8  fmod.o [4]
  .text               ro code  0x08006ddc    0x28  isxxx.o [3]
  .text               ro code  0x08006e04    0x6c  localeconv.o [3]
  .text               ro code  0x08006e70    0x44  xdnorm.o [4]
  .text               ro code  0x08006eb4    0x52  xdunscal.o [4]
  .text               ro code  0x08006f08    0x58  memchr.o [5]
  .text               ro code  0x08006f60     0x4  stm32l4xx_hal_tim_ex.o [1]
  .text               ro code  0x08006f64     0xc  iarEdom.o [5]
  .text               ro code  0x08006f70    0x18  setlocale.o [3]
  .text               ro code  0x08006f88    0x16  xlocale_c.o [3]
  .text               ro code  0x08006f9e    0x14  xlocale_c.o [3]
  .text               ro code  0x08006fb4    0x8c  system_stm32l4xx.o [1]
  .text               ro code  0x08007040    0x48  stm32l4xx_it.o [1]
  .text               ro code  0x08007088    0x40  zero_init3.o [5]
  .text               ro code  0x080070c8    0x38  packbits_init_single.o [5]
  .text               ro code  0x08007100    0x28  data_init.o [5]
  .text               ro code  0x08007128    0x22  fpinit_M.o [4]
  .iar.init_table     const    0x0800714c    0x20  - Linker created -
  .text               ro code  0x0800716c    0x1a  cmain.o [5]
  .text               ro code  0x08007186     0x4  low_level_init.o [3]
  .text               ro code  0x0800718a     0x4  exit.o [3]
  .text               ro code  0x08007190     0xa  cexit.o [5]
  .text               ro code  0x0800719c    0x10  startup_stm32l476xx.o [1]
  .text               ro code  0x080071ac     0xc  cstartup_M.o [5]
  .rodata             const    0x080071b8     0x8  system_stm32l4xx.o [1]
  .text               ro code  0x080071c0     0x4  startup_stm32l476xx.o [1]
  .text               ro code  0x080071c4     0x4  startup_stm32l476xx.o [1]
  .text               ro code  0x080071c8     0x4  startup_stm32l476xx.o [1]
  .text               ro code  0x080071cc     0x4  startup_stm32l476xx.o [1]
  .text               ro code  0x080071d0     0x4  startup_stm32l476xx.o [1]
  .text               ro code  0x080071d4     0x4  startup_stm32l476xx.o [1]
  .text               ro code  0x080071d8     0x4  startup_stm32l476xx.o [1]
  .text               ro code  0x080071dc     0x4  startup_stm32l476xx.o [1]
  .text               ro code  0x080071e0     0x4  startup_stm32l476xx.o [1]
  .text               ro code  0x080071e4     0x4  startup_stm32l476xx.o [1]
  .text               ro code  0x080071e8     0x4  startup_stm32l476xx.o [1]
  .text               ro code  0x080071ec     0x4  startup_stm32l476xx.o [1]
  .text               ro code  0x080071f0     0x4  startup_stm32l476xx.o [1]
  .text               ro code  0x080071f4     0x4  startup_stm32l476xx.o [1]
  .text               ro code  0x080071f8     0x4  startup_stm32l476xx.o [1]
  .text               ro code  0x080071fc     0x4  startup_stm32l476xx.o [1]
  .text               ro code  0x08007200     0x4  startup_stm32l476xx.o [1]
  .text               ro code  0x08007204     0x4  startup_stm32l476xx.o [1]
  .text               ro code  0x08007208     0x4  startup_stm32l476xx.o [1]
  .text               ro code  0x0800720c     0x4  startup_stm32l476xx.o [1]
  .text               ro code  0x08007210     0x4  startup_stm32l476xx.o [1]
  .text               ro code  0x08007214     0x4  startup_stm32l476xx.o [1]
  .text               ro code  0x08007218     0x4  startup_stm32l476xx.o [1]
  .text               ro code  0x0800721c     0x4  startup_stm32l476xx.o [1]
  .text               ro code  0x08007220     0x4  startup_stm32l476xx.o [1]
  .text               ro code  0x08007224     0x4  startup_stm32l476xx.o [1]
  .text               ro code  0x08007228     0x4  startup_stm32l476xx.o [1]
  .text               ro code  0x0800722c     0x4  startup_stm32l476xx.o [1]
  .text               ro code  0x08007230     0x4  startup_stm32l476xx.o [1]
  .text               ro code  0x08007234     0x4  startup_stm32l476xx.o [1]
  .text               ro code  0x08007238     0x4  startup_stm32l476xx.o [1]
  .text               ro code  0x0800723c     0x4  startup_stm32l476xx.o [1]
  .text               ro code  0x08007240     0x4  startup_stm32l476xx.o [1]
  .text               ro code  0x08007244     0x4  startup_stm32l476xx.o [1]
  .text               ro code  0x08007248     0x4  startup_stm32l476xx.o [1]
  .text               ro code  0x0800724c     0x4  startup_stm32l476xx.o [1]
  .text               ro code  0x08007250     0x4  startup_stm32l476xx.o [1]
  .text               ro code  0x08007254     0x4  startup_stm32l476xx.o [1]
  .text               ro code  0x08007258     0x4  startup_stm32l476xx.o [1]
  .text               ro code  0x0800725c     0x4  startup_stm32l476xx.o [1]
  .text               ro code  0x08007260     0x4  startup_stm32l476xx.o [1]
  .text               ro code  0x08007264     0x4  startup_stm32l476xx.o [1]
  .text               ro code  0x08007268     0x4  startup_stm32l476xx.o [1]
  .text               ro code  0x0800726c     0x4  startup_stm32l476xx.o [1]
  .text               ro code  0x08007270     0x4  startup_stm32l476xx.o [1]
  .text               ro code  0x08007274     0x4  startup_stm32l476xx.o [1]
  .text               ro code  0x08007278     0x4  startup_stm32l476xx.o [1]
  .text               ro code  0x0800727c     0x4  startup_stm32l476xx.o [1]
  .text               ro code  0x08007280     0x4  startup_stm32l476xx.o [1]
  .text               ro code  0x08007284     0x4  startup_stm32l476xx.o [1]
  .text               ro code  0x08007288     0x4  startup_stm32l476xx.o [1]
  .text               ro code  0x0800728c     0x4  startup_stm32l476xx.o [1]
  .text               ro code  0x08007290     0x4  startup_stm32l476xx.o [1]
  .text               ro code  0x08007294     0x4  startup_stm32l476xx.o [1]
  .text               ro code  0x08007298     0x4  startup_stm32l476xx.o [1]
  .text               ro code  0x0800729c     0x4  startup_stm32l476xx.o [1]
  .text               ro code  0x080072a0     0x4  startup_stm32l476xx.o [1]
  .text               ro code  0x080072a4     0x4  startup_stm32l476xx.o [1]
  .text               ro code  0x080072a8     0x4  startup_stm32l476xx.o [1]
  .text               ro code  0x080072ac     0x4  startup_stm32l476xx.o [1]
  .text               ro code  0x080072b0     0x4  startup_stm32l476xx.o [1]
  .text               ro code  0x080072b4     0x4  startup_stm32l476xx.o [1]
  .text               ro code  0x080072b8     0x4  startup_stm32l476xx.o [1]
  .text               ro code  0x080072bc     0x4  startup_stm32l476xx.o [1]
  .text               ro code  0x080072c0     0x4  startup_stm32l476xx.o [1]
  .text               ro code  0x080072c4     0x4  startup_stm32l476xx.o [1]
  .text               ro code  0x080072c8     0x4  startup_stm32l476xx.o [1]
  .text               ro code  0x080072cc     0x4  startup_stm32l476xx.o [1]
  .text               ro code  0x080072d0     0x4  startup_stm32l476xx.o [1]
  .text               ro code  0x080072d4     0x4  startup_stm32l476xx.o [1]
  .text               ro code  0x080072d8     0x4  startup_stm32l476xx.o [1]
  .text               ro code  0x080072dc     0x4  startup_stm32l476xx.o [1]
  .text               ro code  0x080072e0     0x4  startup_stm32l476xx.o [1]
  .text               ro code  0x080072e4     0x4  startup_stm32l476xx.o [1]
  .text               ro code  0x080072e8     0x4  startup_stm32l476xx.o [1]
  .text               ro code  0x080072ec     0x4  startup_stm32l476xx.o [1]
  .text               ro code  0x080072f0     0x4  startup_stm32l476xx.o [1]
  .text               ro code  0x080072f4     0x4  startup_stm32l476xx.o [1]
  .rodata             const    0x080072f8     0x0  zero_init3.o [5]
  .rodata             const    0x080072f8     0x0  packbits_init_single.o [5]
  Initializer bytes   const    0x080072f8    0x15  <for P2-1>
                             - 0x0800730d  0x7185

"P2", part 1 of 3:                          0x110
  P2-1                         0x20000000   0x110  <Init block>
    .data             inited   0x20000000     0xc  port.o [1]
    .data             inited   0x2000000c     0x4  system_stm32l4xx.o [1]
    __DLIB_PERTHREAD  inited   0x20000010     0x4  errno.o [3]
    __DLIB_PERTHREAD  inited   0x20000014    0x88  localeconv.o [3]
    __DLIB_PERTHREAD  inited   0x2000009c    0x74  setlocale.o [3]
                             - 0x20000110   0x110

"P2", part 2 of 3:                          0x600
  CSTACK                       0x20000110   0x400  <Block>
    CSTACK            uninit   0x20000110   0x400  <Block tail>
  HEAP                         0x20000510   0x200  <Block>
    HEAP              uninit   0x20000510   0x200  <Block tail>
                             - 0x20000710   0x600

"P2", part 3 of 3:                         0x52f0
  .bss                zero     0x20000710  0x4e38  heap_4.o [1]
  .bss                zero     0x20005548   0x1d8  dlmalloc.o [3]
  .bss                zero     0x20005720    0x9c  tasks.o [1]
  .bss                zero     0x200057bc    0x8c  tasks.o [1]
  .bss                zero     0x20005848    0x80  main.o [1]
  .bss                zero     0x200058c8    0x70  main.o [1]
  .bss                zero     0x20005938    0x6c  main.o [1]
  .bss                zero     0x200059a4    0x3c  stm32l4xx_hal_timebase_TIM.o [1]
  .bss                zero     0x200059e0    0x18  dlmalloc.o [3]
  .bss                zero     0x200059f8     0x4  stm32l4xx_hal.o [1]
  .bss                zero     0x200059fc     0x4  xgetmemchunk.o [3]
                             - 0x20005a00  0x52f0


*******************************************************************************
*** INIT TABLE
***

          Address     Size
          -------     ----
Zero (__iar_zero_init3)
    1 destination range, total size 0x52f0:
          0x20000710  0x52f0

Copy/packbits (__iar_packbits_init_single3)
    1 source range, total size 0x15 (7% of destination):
          0x080072f8    0x15
    1 destination range, total size 0x110:
          0x20000000   0x110



*******************************************************************************
*** MODULE SUMMARY
***

    Module                        ro code  ro data  rw data
    ------                        -------  -------  -------
C:\Users\Benoit\Dev\Code\Benoit\SW9000GPS\EWARM\SW9000GPS\Obj: [1]
    cmsis_os.o                        192
    heap_4.o                          436            20 024
    list.o                            142
    main.o                          3 496       60      348
    port.o                            488                12
    portasm.o                         168
    startup_stm32l476xx.o             720
    stm32l4xx_hal.o                    64                 4
    stm32l4xx_hal_cortex.o            232
    stm32l4xx_hal_gpio.o              504
    stm32l4xx_hal_msp.o               352
    stm32l4xx_hal_pwr_ex.o            120
    stm32l4xx_hal_rcc.o             1 780
    stm32l4xx_hal_rcc_ex.o          1 368
    stm32l4xx_hal_spi.o             2 010
    stm32l4xx_hal_tim.o               608
    stm32l4xx_hal_tim_ex.o              4
    stm32l4xx_hal_timebase_TIM.o      124                60
    stm32l4xx_hal_uart.o            1 600
    stm32l4xx_it.o                     72
    system_stm32l4xx.o                140        9        4
    tasks.o                         1 740               296
    -------------------------------------------------------
    Total:                         16 360       69   20 748

command line: [2]
    -------------------------------------------------------
    Total:

dl7M_tlf.a: [3]
    abort.o                             6
    dlmalloc.o                      4 056               496
    errno.o                            12                 4
    exit.o                              4
    isxxx.o                            40
    localeconv.o                      108       11      136
    low_level_init.o                    4
    setlocale.o                        24        9      116
    xgetmemchunk.o                     44                 4
    xlocale_c.o                        42
    xstoflt.o                         464
    xstopfx.o                         290
    xstoxflt.o                        564
    xtls.o                              2
    -------------------------------------------------------
    Total:                          5 660       20      756

m7M_tls.a: [4]
    DblAdd.o                          232
    DblCmpEq.o                         32
    DblCmpGe.o                         46
    DblCmpLe.o                         46
    DblDiv.o                          598
    DblMul.o                          418
    DblSub.o                          384
    DblToI32.o                         76
    I32ToDbl.o                         44
    atan.o                            188
    atan2.o                           244
    fmod.o                            424
    fpinit_M.o                         34
    round.o                            76
    xatan.o                           496
    xdint.o                           122
    xdnorm.o                           68
    xdscale.o                         276
    xdtento.o                         512
    xdtest.o                           64
    xdunscal.o                         82
    xquad.o                           360
    xsin.o                          1 114
    xstod.o                           370
    -------------------------------------------------------
    Total:                          6 306

rt7M_tl.a: [5]
    ABImemcpy_unaligned.o              86
    ABImemset.o                        94
    ABImemset48.o                      58
    I64DivMod.o                       238
    I64DivZer.o                         2
    cexit.o                            10
    cmain.o                            26
    cstartup_M.o                       12
    data_init.o                        40
    iarEdom.o                          12
    memchr.o                           88
    packbits_init_single.o             56
    strlen.o                           54
    strncpy_unaligned.o               108
    zero_init3.o                       64
    -------------------------------------------------------
    Total:                            948

shb_l.a: [6]
    exit.o                             20
    -------------------------------------------------------
    Total:                             20

    Gaps                               36        2
    Linker created                              32    1 536
-----------------------------------------------------------
    Grand Total:                   29 330      123   23 040


*******************************************************************************
*** ENTRY LIST
***

Entry                      Address    Size  Type      Object
-----                      -------    ----  ----      ------
.iar.init_table$$Base   0x0800714c           --   Gb  - Linker created -
.iar.init_table$$Limit  0x0800716c           --   Gb  - Linker created -
?main                   0x0800716d          Code  Gb  cmain.o [5]
AHBPrescTable           0x08007000    0x10  Data  Gb  system_stm32l4xx.o [1]
APBPrescTable           0x080071b8     0x8  Data  Gb  system_stm32l4xx.o [1]
BusFault_Handler        0x08007047     0x2  Code  Gb  stm32l4xx_it.o [1]
CSTACK$$Base            0x20000110           --   Gb  - Linker created -
CSTACK$$Limit           0x20000510           --   Gb  - Linker created -
DebugMon_Handler        0x0800704b     0x2  Code  Gb  stm32l4xx_it.o [1]
Directions              0x080016d1    0x64  Code  Gb  main.o [1]
EXTI0_IRQHandler        0x08007051    0x12  Code  Gb  stm32l4xx_it.o [1]
EXTI15_10_IRQHandler    0x0800706d    0x1c  Code  Gb  stm32l4xx_it.o [1]
GPSReceive              0x08001745    0x9a  Code  Gb  main.o [1]
HAL_Delay               0x0800216f    0x16  Code  Wk  stm32l4xx_hal.o [1]
HAL_GPIO_EXTI_Callback  0x080011a9    0x5a  Code  Gb  main.o [1]
HAL_GPIO_EXTI_IRQHandler
                        0x0800210b    0x14  Code  Gb  stm32l4xx_hal_gpio.o [1]
HAL_GPIO_Init           0x08001f51   0x1a4  Code  Gb  stm32l4xx_hal_gpio.o [1]
HAL_GPIO_ReadPin        0x080020f5     0xc  Code  Gb  stm32l4xx_hal_gpio.o [1]
HAL_GPIO_WritePin       0x08002101     0xa  Code  Gb  stm32l4xx_hal_gpio.o [1]
HAL_GetTick             0x08002169     0x6  Code  Wk  stm32l4xx_hal.o [1]
HAL_IncTick             0x0800215f     0xa  Code  Wk  stm32l4xx_hal.o [1]
HAL_Init                0x08002149    0x16  Code  Gb  stm32l4xx_hal.o [1]
HAL_InitTick            0x08004ccd    0x66  Code  Gb  stm32l4xx_hal_timebase_TIM.o [1]
HAL_MspInit             0x08004d49    0x5c  Code  Gb  stm32l4xx_hal_msp.o [1]
HAL_NVIC_ClearPendingIRQ
                        0x08003e2b     0xc  Code  Gb  stm32l4xx_hal_cortex.o [1]
HAL_NVIC_EnableIRQ      0x08003def     0xc  Code  Gb  stm32l4xx_hal_cortex.o [1]
HAL_NVIC_SetPriority    0x08003db5    0x3a  Code  Gb  stm32l4xx_hal_cortex.o [1]
HAL_NVIC_SetPriorityGrouping
                        0x08003d9b    0x1a  Code  Gb  stm32l4xx_hal_cortex.o [1]
HAL_PWREx_ControlVoltageScaling
                        0x08003d15    0x60  Code  Gb  stm32l4xx_hal_pwr_ex.o [1]
HAL_PWREx_GetVoltageRange
                        0x08003d09     0xc  Code  Gb  stm32l4xx_hal_pwr_ex.o [1]
HAL_RCCEx_PeriphCLKConfig
                        0x080037b1   0x3ca  Code  Gb  stm32l4xx_hal_rcc_ex.o [1]
HAL_RCC_ClockConfig     0x080034ab   0x122  Code  Gb  stm32l4xx_hal_rcc.o [1]
HAL_RCC_GetClockConfig  0x080036cd    0x34  Code  Gb  stm32l4xx_hal_rcc.o [1]
HAL_RCC_GetHCLKFreq     0x080036a3     0x6  Code  Gb  stm32l4xx_hal_rcc.o [1]
HAL_RCC_GetPCLK1Freq    0x080036a9    0x10  Code  Gb  stm32l4xx_hal_rcc.o [1]
HAL_RCC_GetPCLK2Freq    0x080036b9     0xe  Code  Gb  stm32l4xx_hal_rcc.o [1]
HAL_RCC_GetSysClockFreq
                        0x080035f5    0xae  Code  Gb  stm32l4xx_hal_rcc.o [1]
HAL_RCC_OscConfig       0x080030bd   0x3ae  Code  Gb  stm32l4xx_hal_rcc.o [1]
HAL_SPI_Init            0x08002249    0xb4  Code  Gb  stm32l4xx_hal_spi.o [1]
HAL_SPI_MspInit         0x08004da5    0x48  Code  Gb  stm32l4xx_hal_msp.o [1]
HAL_SPI_Receive         0x0800242f   0x1bc  Code  Gb  stm32l4xx_hal_spi.o [1]
HAL_SPI_Transmit        0x080022fd   0x132  Code  Gb  stm32l4xx_hal_spi.o [1]
HAL_SPI_TransmitReceive
                        0x0800261d   0x22a  Code  Gb  stm32l4xx_hal_spi.o [1]
HAL_SYSTICK_CLKSourceConfig
                        0x08003e37    0x16  Code  Gb  stm32l4xx_hal_cortex.o [1]
HAL_SYSTICK_Config      0x08003e03    0x28  Code  Gb  stm32l4xx_hal_cortex.o [1]
HAL_TIMEx_BreakCallback
                        0x08006f63     0x2  Code  Wk  stm32l4xx_hal_tim_ex.o [1]
HAL_TIMEx_CommutationCallback
                        0x08006f61     0x2  Code  Wk  stm32l4xx_hal_tim_ex.o [1]
HAL_TIM_Base_Init       0x08006689    0x1a  Code  Gb  stm32l4xx_hal_tim.o [1]
HAL_TIM_Base_MspInit    0x080066a3     0x2  Code  Wk  stm32l4xx_hal_tim.o [1]
HAL_TIM_Base_Start_IT   0x080066a5    0x16  Code  Gb  stm32l4xx_hal_tim.o [1]
HAL_TIM_IC_CaptureCallback
                        0x08006823     0x2  Code  Wk  stm32l4xx_hal_tim.o [1]
HAL_TIM_IRQHandler      0x080066d7   0x14a  Code  Gb  stm32l4xx_hal_tim.o [1]
HAL_TIM_OC_DelayElapsedCallback
                        0x08006821     0x2  Code  Wk  stm32l4xx_hal_tim.o [1]
HAL_TIM_PWM_PulseFinishedCallback
                        0x08006825     0x2  Code  Wk  stm32l4xx_hal_tim.o [1]
HAL_TIM_PeriodElapsedCallback
                        0x08004d45     0x4  Code  Gb  stm32l4xx_hal_timebase_TIM.o [1]
HAL_TIM_TriggerCallback
                        0x08006827     0x2  Code  Wk  stm32l4xx_hal_tim.o [1]
HAL_UART_Init           0x08002a25    0x30  Code  Gb  stm32l4xx_hal_uart.o [1]
HAL_UART_MspInit        0x08004dff    0x6c  Code  Gb  stm32l4xx_hal_msp.o [1]
HAL_UART_Receive        0x08002b3f    0xd0  Code  Gb  stm32l4xx_hal_uart.o [1]
HAL_UART_Transmit       0x08002aa1    0x9e  Code  Gb  stm32l4xx_hal_uart.o [1]
HEAP$$Base              0x20000510           --   Gb  - Linker created -
HEAP$$Limit             0x20000710           --   Gb  - Linker created -
HardFault_Handler       0x08007043     0x2  Code  Gb  stm32l4xx_it.o [1]
MSIRangeTable           0x08007010    0x30  Data  Gb  system_stm32l4xx.o [1]
MX_GPIO_Init            0x08001421   0x10a  Code  Lc  main.o [1]
MemManage_Handler       0x08007045     0x2  Code  Gb  stm32l4xx_it.o [1]
NMI_Handler             0x08007041     0x2  Code  Gb  stm32l4xx_it.o [1]
NVIC_SetPriority        0x08003d81    0x1a  Code  Lc  stm32l4xx_hal_cortex.o [1]
PendSV_Handler          0x08006b69          Code  Gb  portasm.o [1]
RCCEx_PLLSAI1_ConfigNP  0x08003ba5    0x48  Code  Lc  stm32l4xx_hal_rcc_ex.o [1]
RCCEx_PLLSAI1_ConfigNQ  0x08003c0d    0x54  Code  Lc  stm32l4xx_hal_rcc_ex.o [1]
RCCEx_PLLSAI2_ConfigNP  0x08003c73    0x50  Code  Lc  stm32l4xx_hal_rcc_ex.o [1]
RCC_SetFlashLatencyFromMSIRange
                        0x08003701    0x76  Code  Lc  stm32l4xx_hal_rcc.o [1]
Region$$Table$$Base     0x0800714c           --   Gb  - Linker created -
Region$$Table$$Limit    0x0800716c           --   Gb  - Linker created -
SPI_EndRxTransaction    0x0800298f    0x5e  Code  Lc  stm32l4xx_hal_spi.o [1]
SPI_EndRxTxTransaction  0x080029ed    0x20  Code  Lc  stm32l4xx_hal_spi.o [1]
SPI_WaitFifoStateUntilTimeout
                        0x080028db    0x68  Code  Lc  stm32l4xx_hal_spi.o [1]
SPI_WaitFlagStateUntilTimeout
                        0x0800288b    0x50  Code  Lc  stm32l4xx_hal_spi.o [1]
SVC_Handler             0x08006bc1          Code  Gb  portasm.o [1]
StartBLEDTask           0x08001e29    0x44  Code  Gb  main.o [1]
StartDefaultTask        0x08001bd5   0x168  Code  Gb  main.o [1]
StartLLEDTask           0x08001d89    0x38  Code  Gb  main.o [1]
StartRLEDTask           0x08001d3d    0x36  Code  Gb  main.o [1]
StartTLEDTask           0x08001ddf    0x38  Code  Gb  main.o [1]
SysTick_Handler         0x0800704d     0x4  Code  Gb  stm32l4xx_it.o [1]
SystemClock_Config      0x08001399    0x88  Code  Gb  main.o [1]
SystemCoreClock         0x2000000c     0x4  Data  Gb  system_stm32l4xx.o [1]
SystemInit              0x08006fb5    0x3c  Code  Gb  system_stm32l4xx.o [1]
TIM1_UP_TIM16_IRQHandler
                        0x08007063     0x6  Code  Gb  stm32l4xx_it.o [1]
TIM_Base_SetConfig      0x08006829    0x9e  Code  Gb  stm32l4xx_hal_tim.o [1]
UART_AdvFeatureConfig   0x08002eaf    0xc6  Code  Gb  stm32l4xx_hal_uart.o [1]
UART_CheckIdleState     0x08002f75    0x4a  Code  Gb  stm32l4xx_hal_uart.o [1]
UART_SetConfig          0x08002c15   0x260  Code  Gb  stm32l4xx_hal_uart.o [1]
UART_WaitOnFlagUntilTimeout
                        0x08002fc1    0x8a  Code  Gb  stm32l4xx_hal_uart.o [1]
UsageFault_Handler      0x08007049     0x2  Code  Gb  stm32l4xx_it.o [1]
_IsdstStr               0x200000a0     0x4  Data  Gb  setlocale.o [3]
_LocaleC_isalpha        0x08006f89    0x16  Code  Gb  xlocale_c.o [3]
_LocaleC_isspace        0x08006f9f    0x14  Code  Gb  xlocale_c.o [3]
_LocaleForCat           0x08006f71    0x14  Code  Gb  setlocale.o [3]
_LocaleReturnString     0x200000c0    0x50  Data  Lc  setlocale.o [3]
_Locale_Profile         0x200000a4    0x1c  Data  Gb  setlocale.o [3]
_Locale_aeabi_lconv     0x20000064    0x38  Data  Gb  localeconv.o [3]
_Locale_lconv           0x20000014    0x50  Data  Gb  localeconv.o [3]
_Stoflt                 0x08005f35   0x1d0  Code  Gb  xstoflt.o [3]
_Stopfx                 0x08005e13   0x122  Code  Gb  xstopfx.o [3]
_Stoxflt                0x08006341   0x1fa  Code  Gb  xstoxflt.o [3]
_Stoxflt::digits        0x08006544    0x18  Data  Lc  xstoxflt.o [3]
_Stoxflt::vals          0x0800655c    0x18  Data  Lc  xstoxflt.o [3]
_TzoneStr               0x2000009c     0x4  Data  Gb  setlocale.o [3]
__aeabi_cdcmpeq         0x08006c15          Code  Gb  DblCmpEq.o [4]
__aeabi_cdcmple         0x0800584d          Code  Gb  DblCmpLe.o [4]
__aeabi_cdrcmple        0x0800587d          Code  Gb  DblCmpGe.o [4]
__aeabi_d2iz            0x08004729          Code  Gb  DblToI32.o [4]
__aeabi_dadd            0x080058ad          Code  Gb  DblAdd.o [4]
__aeabi_ddiv            0x08004955          Code  Gb  DblDiv.o [4]
__aeabi_dmul            0x080042c5          Code  Gb  DblMul.o [4]
__aeabi_dsub            0x08004469          Code  Gb  DblSub.o [4]
__aeabi_errno_addr      0x08005995     0x6  Code  Gb  errno.o [3]
__aeabi_i2d             0x08004be5          Code  Gb  I32ToDbl.o [4]
__aeabi_ldiv0           0x08006c11          Code  Gb  I64DivZer.o [5]
__aeabi_memset4         0x08006b2d          Code  Gb  ABImemset48.o [5]
__aeabi_memset8         0x08006b2d          Code  Gb  ABImemset48.o [5]
__aeabi_uldivmod        0x0800575d          Code  Gb  I64DivMod.o [5]
__cmain                 0x0800716d          Code  Gb  cmain.o [5]
__data_GetMemChunk      0x08001169    0x2c  Code  Gb  xgetmemchunk.o [3]
__data_GetMemChunk::start
                        0x200059fc     0x4  Data  Lc  xgetmemchunk.o [3]
__exit                  0x08001195    0x14  Code  Gb  exit.o [6]
__iar_Atan              0x08005b49   0x158  Code  Gb  xatan.o [4]
__iar_Dint              0x08005d39    0x7a  Code  Gb  xdint.o [4]
__iar_Dnorm             0x08006e71    0x44  Code  Gb  xdnorm.o [4]
__iar_Dscale            0x08006575   0x114  Code  Gb  xdscale.o [4]
__iar_Dtentox           0x0800619d   0x140  Code  Gb  xdtento.o [4]
__iar_Dtest             0x08005b09    0x30  Code  Gb  xdtest.o [4]
__iar_Dunscale          0x08006eb5    0x52  Code  Gb  xdunscal.o [4]
__iar_Errno             0x20000010     0x4  Data  Gb  errno.o [3]
__iar_Locale_lconv_init
                        0x08006e05    0x3a  Code  Gb  localeconv.o [3]
__iar_Memchr            0x08006f09          Code  Gb  memchr.o [5]
__iar_Memset4_word      0x08006b35          Code  Gb  ABImemset48.o [5]
__iar_Memset8_word      0x08006b35          Code  Gb  ABImemset48.o [5]
__iar_Memset_word       0x08005db5          Code  Gb  ABImemset.o [5]
__iar_Quad              0x080059a1   0x12c  Code  Gb  xquad.o [4]
__iar_Sin               0x08003e69   0x3ac  Code  Gb  xsin.o [4]
__iar_Stodx             0x080047e1   0x150  Code  Gb  xstod.o [4]
__iar_d2uiz             0x08004755          Code  Gb  DblToI32.o [4]
__iar_dadd              0x080058c1          Code  Gb  DblAdd.o [4]
__iar_data_init3        0x08007101    0x28  Code  Gb  data_init.o [5]
__iar_dlib_perthread_access
                        0x08006c13     0x2  Code  Gb  xtls.o [3]
__iar_dlmalloc          0x08000ea5   0x2aa  Code  Gb  dlmalloc.o [3]
__iar_dsub              0x0800447d          Code  Gb  DblSub.o [4]
__iar_dsubStart         0x0800448f          Code  Gb  DblSub.o [4]
__iar_edom              0x08006f65          Code  Gb  iarEdom.o [5]
__iar_fmod              0x08006c35          Code  Gb  fmod.o [4]
__iar_fmodl             0x08006c35          Code  Gb  fmod.o [4]
__iar_init_vfp          0x08007129          Code  Gb  fpinit_M.o [4]
__iar_packbits_init_single3
                        0x080070c9    0x38  Code  Gb  packbits_init_single.o [5]
__iar_program_start     0x080071ad          Code  Gb  cstartup_M.o [5]
__iar_ui2d              0x08004bf9          Code  Gb  I32ToDbl.o [4]
__iar_unaligned___aeabi_memcpy4
                        0x08003065          Code  Gb  ABImemcpy_unaligned.o [5]
__iar_unaligned___aeabi_memcpy8
                        0x08003065          Code  Gb  ABImemcpy_unaligned.o [5]
__iar_unaligned_strncpy
                        0x08004775          Code  Gb  strncpy_unaligned.o [5]
__iar_vfp___iar_Sin     0x080042b1    0x12  Code  Gb  xsin.o [4]
__iar_vfp___iar_Stod    0x08004945     0x4  Code  Gb  xstod.o [4]
__iar_vfp_atan          0x08004cbd    0x10  Code  Gb  atan.o [4]
__iar_vfp_atan2         0x080046c9    0x14  Code  Gb  atan2.o [4]
__iar_vfp_round         0x080046dd    0x42  Code  Gb  round.o [4]
__iar_zero_init3        0x08007089    0x40  Code  Gb  zero_init3.o [5]
__low_level_init        0x08007187     0x4  Code  Gb  low_level_init.o [3]
__vector_table          0x08000000          Data  Gb  startup_stm32l476xx.o [1]
_call_main              0x08007179          Code  Gb  cmain.o [5]
_exit                   0x08007191          Code  Gb  cexit.o [5]
_gm_                    0x20005548   0x1d8  Data  Lc  dlmalloc.o [3]
_main                   0x08007183          Code  Gb  cmain.o [5]
a                       0x08005cf8    0x40  Data  Lc  xatan.o [4]
abort                   0x08001161     0x6  Code  Gb  abort.o [3]
angleToLED              0x08001b81    0x3c  Code  Gb  main.o [1]
atan                    0x08004c11    0x98  Code  Gb  atan.o [4]
atan2                   0x080045e9    0xd0  Code  Gb  atan2.o [4]
bLEDTaskHandle          0x200059a0     0x4  Data  Gb  main.o [1]
blinking                0x20005848     0x1  Data  Gb  main.o [1]
calculateangle          0x08001553    0xfe  Code  Gb  main.o [1]
compass_calibrate       0x080019d1    0x76  Code  Gb  main.o [1]
compass_dbg_uartout     0x080017df   0x104  Code  Gb  main.o [1]
compass_getAngle        0x08001ab5    0xae  Code  Gb  main.o [1]
compass_processInput    0x08001951    0x80  Code  Gb  main.o [1]
compass_send_SPI        0x080018fd    0x4c  Code  Gb  main.o [1]
compass_takemeasurement
                        0x08001a53    0x32  Code  Gb  main.o [1]
defaultTaskHandle       0x200058bc     0x4  Data  Gb  main.o [1]
dmul                    0x08006141    0x5a  Code  Lc  xdtento.o [4]
exit                    0x0800718b     0x4  Code  Gb  exit.o [3]
fmod                    0x08006c35          Code  Gb  fmod.o [4]
fmodl                   0x08006c35          Code  Gb  fmod.o [4]
hspi2                   0x20005938    0x64  Data  Gb  main.o [1]
htim1                   0x200059a4    0x3c  Data  Gb  stm32l4xx_hal_timebase_TIM.o [1]
huart1                  0x2000584c    0x70  Data  Gb  main.o [1]
huart2                  0x200058c8    0x70  Data  Gb  main.o [1]
inHandlerMode           0x08002195     0xc  Code  Lc  cmsis_os.o [1]
init_mparams            0x080001a5    0x32  Code  Lc  dlmalloc.o [3]
init_top                0x080001d7    0x34  Code  Lc  dlmalloc.o [3]
isalpha                 0x08006ddd    0x14  Code  Gb  isxxx.o [3]
isspace                 0x08006df1    0x14  Code  Gb  isxxx.o [3]
lLEDTaskHandle          0x200058c4     0x4  Data  Gb  main.o [1]
localeconv              0x08006e3f    0x16  Code  Gb  localeconv.o [3]
main                    0x0800120d   0x126  Code  Gb  main.o [1]
makeFreeRtosPriority    0x08002189     0xc  Code  Lc  cmsis_os.o [1]
memchr                  0x08006f09          Code  Gb  memchr.o [5]
mparams                 0x200059e0    0x18  Data  Lc  dlmalloc.o [3]
osDelay                 0x080021e1     0xe  Code  Gb  cmsis_os.o [1]
osKernelStart           0x080021a1     0xa  Code  Gb  cmsis_os.o [1]
osSystickHandler        0x08002209    0x14  Code  Gb  cmsis_os.o [1]
osThreadCreate          0x080021ab    0x36  Code  Gb  cmsis_os.o [1]
osThreadResume          0x08002227    0x22  Code  Gb  cmsis_os.o [1]
osThreadSuspend         0x0800221d     0xa  Code  Gb  cmsis_os.o [1]
pows                    0x080062f8    0x48  Data  Lc  xdtento.o [4]
prepend_alloc           0x0800020b   0x372  Code  Lc  dlmalloc.o [3]
prvAddCurrentTaskToDelayedList
                        0x08005483    0x30  Code  Lc  tasks.o [1]
prvAllocateTCBAndStack  0x080054b3    0x38  Code  Lc  tasks.o [1]
prvIdleTask             0x080053d5    0x5a  Code  Lc  tasks.o [1]
prvInitialiseTCBVariables
                        0x0800542f    0x54  Code  Lc  tasks.o [1]
prvInsertBlockIntoFreeList
                        0x08006adf    0x46  Code  Lc  heap_4.o [1]
prvResetNextTaskUnblockTime
                        0x080054eb    0x1a  Code  Lc  tasks.o [1]
prvTaskExitError        0x08005599    0x28  Code  Lc  port.o [1]
prvTaskIsTaskSuspended  0x080050bb    0x2c  Code  Lc  tasks.o [1]
pvPortMalloc            0x08006979    0xf8  Code  Gb  heap_4.o [1]
pxCurrentTCB            0x20005748     0x4  Data  Gb  tasks.o [1]
pxDelayedTaskList       0x2000574c     0x4  Data  Lc  tasks.o [1]
pxEnd                   0x20000718     0x4  Data  Lc  heap_4.o [1]
pxOverflowDelayedTaskList
                        0x20005750     0x4  Data  Lc  tasks.o [1]
pxPortInitialiseStack   0x08005575    0x22  Code  Gb  port.o [1]
pxReadyTasksLists       0x200057bc    0x8c  Data  Lc  tasks.o [1]
rLEDTaskHandle          0x200058c0     0x4  Data  Gb  main.o [1]
segment_holding         0x08000189    0x1c  Code  Lc  dlmalloc.o [3]
strlen                  0x08004bad          Code  Gb  strlen.o [5]
sys_alloc               0x0800057d   0x388  Code  Lc  dlmalloc.o [3]
tLEDTaskHandle          0x2000599c     0x4  Data  Gb  main.o [1]
tmalloc_large           0x08000911   0x380  Code  Lc  dlmalloc.o [3]
tmalloc_small           0x08000c91   0x206  Code  Lc  dlmalloc.o [3]
ucHeap                  0x20000728  0x4e20  Data  Lc  heap_4.o [1]
ucMaxSysCallPriority    0x20000000     0x1  Data  Lc  port.o [1]
ulMaxPRIGROUPValue      0x20000008     0x4  Data  Lc  port.o [1]
uwTick                  0x200059f8     0x4  Data  Gb  stm32l4xx_hal.o [1]
uxCriticalNesting       0x20000004     0x4  Data  Lc  port.o [1]
uxCurrentNumberOfTasks  0x2000576c     0x4  Data  Lc  tasks.o [1]
uxListRemove            0x08006953    0x24  Code  Gb  list.o [1]
uxPendedTicks           0x2000577c     0x4  Data  Lc  tasks.o [1]
uxSchedulerSuspended    0x20005790     0x4  Data  Lc  tasks.o [1]
uxTaskNumber            0x20005788     0x4  Data  Lc  tasks.o [1]
uxTasksDeleted          0x20005754     0x4  Data  Lc  tasks.o [1]
uxTopReadyPriority      0x20005774     0x4  Data  Lc  tasks.o [1]
vListInitialise         0x080068e9    0x1a  Code  Gb  list.o [1]
vListInitialiseItem     0x08006903     0x6  Code  Gb  list.o [1]
vListInsert             0x08006921    0x32  Code  Gb  list.o [1]
vListInsertEnd          0x08006909    0x18  Code  Gb  list.o [1]
vPortEnableVFP          0x08006bf5          Code  Gb  portasm.o [1]
vPortEnterCritical      0x08005659    0x32  Code  Gb  port.o [1]
vPortExitCritical       0x0800568b    0x24  Code  Gb  port.o [1]
vPortFree               0x08006a83    0x4e  Code  Gb  heap_4.o [1]
vPortSetupTimerInterrupt
                        0x080056d5    0x18  Code  Wk  port.o [1]
vPortStartFirstTask     0x08006bdd          Code  Gb  portasm.o [1]
vPortValidateInterruptPriority
                        0x080056ed    0x42  Code  Gb  port.o [1]
vTaskDelay              0x08004fc9    0x3a  Code  Gb  tasks.o [1]
vTaskResume             0x080050e7    0x4a  Code  Gb  tasks.o [1]
vTaskStartScheduler     0x080051ad    0x5a  Code  Gb  tasks.o [1]
vTaskSuspend            0x08005003    0x50  Code  Gb  tasks.o [1]
vTaskSuspendAll         0x08005207     0xc  Code  Gb  tasks.o [1]
vTaskSwitchContext      0x08005367    0x52  Code  Gb  tasks.o [1]
xBlockAllocatedBit      0x20000724     0x4  Data  Lc  heap_4.o [1]
xDelayedTaskList1       0x20005794    0x14  Data  Lc  tasks.o [1]
xDelayedTaskList2       0x200057a8    0x14  Data  Lc  tasks.o [1]
xFreeBytesRemaining     0x2000071c     0x4  Data  Lc  heap_4.o [1]
xMinimumEverFreeBytesRemaining
                        0x20000720     0x4  Data  Lc  heap_4.o [1]
xNextTaskUnblockTime    0x2000578c     0x4  Data  Lc  tasks.o [1]
xNumOfOverflows         0x20005784     0x4  Data  Lc  tasks.o [1]
xPendingReadyList       0x20005720    0x14  Data  Lc  tasks.o [1]
xPortStartScheduler     0x080055c1    0x84  Code  Gb  port.o [1]
xPortSysTickHandler     0x080056af    0x26  Code  Gb  port.o [1]
xSchedulerRunning       0x20005778     0x4  Data  Lc  tasks.o [1]
xStart                  0x20000710     0x8  Data  Lc  heap_4.o [1]
xSuspendedTaskList      0x20005758    0x14  Data  Lc  tasks.o [1]
xTaskGenericCreate      0x08004ea9   0x118  Code  Gb  tasks.o [1]
xTaskGetSchedulerState  0x08005505    0x16  Code  Gb  tasks.o [1]
xTaskIncrementTick      0x080052ab    0xbc  Code  Gb  tasks.o [1]
xTaskResumeAll          0x08005213    0x98  Code  Gb  tasks.o [1]
xTaskResumeFromISR      0x08005143    0x6a  Code  Gb  tasks.o [1]
xTasksWaitingTermination
                        0x20005734    0x14  Data  Lc  tasks.o [1]
xTickCount              0x20005770     0x4  Data  Lc  tasks.o [1]
xYieldPending           0x20005780     0x4  Data  Lc  tasks.o [1]


[1] = C:\Users\Benoit\Dev\Code\Benoit\SW9000GPS\EWARM\SW9000GPS\Obj
[2] = command line
[3] = dl7M_tlf.a
[4] = m7M_tls.a
[5] = rt7M_tl.a
[6] = shb_l.a

  29 330 bytes of readonly  code memory
     123 bytes of readonly  data memory
  23 040 bytes of readwrite data memory

Errors: none
Warnings: none
