###############################################################################
#
# IAR ELF Linker V7.60.1.11101/W32 for ARM                06/Apr/2016  23:04:50
# Copyright 2007-2016 IAR Systems AB.
#
#    Output file  =  
#        C:\Users\Benoit\Dev\Code\Benoit\SW9000\EWARM\SW9000\Exe\SW9000.out
#    Map file     =  
#        C:\Users\Benoit\Dev\Code\Benoit\SW9000\EWARM\SW9000\List\SW9000.map
#    Command line =  
#        C:\Users\Benoit\Dev\Code\Benoit\SW9000\EWARM\SW9000\Obj\bsp_driver_sd.o
#        C:\Users\Benoit\Dev\Code\Benoit\SW9000\EWARM\SW9000\Obj\cmsis_os.o
#        C:\Users\Benoit\Dev\Code\Benoit\SW9000\EWARM\SW9000\Obj\croutine.o
#        C:\Users\Benoit\Dev\Code\Benoit\SW9000\EWARM\SW9000\Obj\diskio.o
#        C:\Users\Benoit\Dev\Code\Benoit\SW9000\EWARM\SW9000\Obj\event_groups.o
#        C:\Users\Benoit\Dev\Code\Benoit\SW9000\EWARM\SW9000\Obj\fatfs.o
#        C:\Users\Benoit\Dev\Code\Benoit\SW9000\EWARM\SW9000\Obj\ff.o
#        C:\Users\Benoit\Dev\Code\Benoit\SW9000\EWARM\SW9000\Obj\ff_gen_drv.o
#        C:\Users\Benoit\Dev\Code\Benoit\SW9000\EWARM\SW9000\Obj\freertos.o
#        C:\Users\Benoit\Dev\Code\Benoit\SW9000\EWARM\SW9000\Obj\heap_4.o
#        C:\Users\Benoit\Dev\Code\Benoit\SW9000\EWARM\SW9000\Obj\list.o
#        C:\Users\Benoit\Dev\Code\Benoit\SW9000\EWARM\SW9000\Obj\main.o
#        C:\Users\Benoit\Dev\Code\Benoit\SW9000\EWARM\SW9000\Obj\port.o
#        C:\Users\Benoit\Dev\Code\Benoit\SW9000\EWARM\SW9000\Obj\portasm.o
#        C:\Users\Benoit\Dev\Code\Benoit\SW9000\EWARM\SW9000\Obj\queue.o
#        C:\Users\Benoit\Dev\Code\Benoit\SW9000\EWARM\SW9000\Obj\sd_diskio.o
#        C:\Users\Benoit\Dev\Code\Benoit\SW9000\EWARM\SW9000\Obj\startup_stm32l476xx.o
#        C:\Users\Benoit\Dev\Code\Benoit\SW9000\EWARM\SW9000\Obj\stm32l4xx_hal.o
#        C:\Users\Benoit\Dev\Code\Benoit\SW9000\EWARM\SW9000\Obj\stm32l4xx_hal_cortex.o
#        C:\Users\Benoit\Dev\Code\Benoit\SW9000\EWARM\SW9000\Obj\stm32l4xx_hal_dma.o
#        C:\Users\Benoit\Dev\Code\Benoit\SW9000\EWARM\SW9000\Obj\stm32l4xx_hal_flash.o
#        C:\Users\Benoit\Dev\Code\Benoit\SW9000\EWARM\SW9000\Obj\stm32l4xx_hal_flash_ex.o
#        C:\Users\Benoit\Dev\Code\Benoit\SW9000\EWARM\SW9000\Obj\stm32l4xx_hal_flash_ramfunc.o
#        C:\Users\Benoit\Dev\Code\Benoit\SW9000\EWARM\SW9000\Obj\stm32l4xx_hal_gpio.o
#        C:\Users\Benoit\Dev\Code\Benoit\SW9000\EWARM\SW9000\Obj\stm32l4xx_hal_i2c.o
#        C:\Users\Benoit\Dev\Code\Benoit\SW9000\EWARM\SW9000\Obj\stm32l4xx_hal_i2c_ex.o
#        C:\Users\Benoit\Dev\Code\Benoit\SW9000\EWARM\SW9000\Obj\stm32l4xx_hal_msp.o
#        C:\Users\Benoit\Dev\Code\Benoit\SW9000\EWARM\SW9000\Obj\stm32l4xx_hal_pwr.o
#        C:\Users\Benoit\Dev\Code\Benoit\SW9000\EWARM\SW9000\Obj\stm32l4xx_hal_pwr_ex.o
#        C:\Users\Benoit\Dev\Code\Benoit\SW9000\EWARM\SW9000\Obj\stm32l4xx_hal_rcc.o
#        C:\Users\Benoit\Dev\Code\Benoit\SW9000\EWARM\SW9000\Obj\stm32l4xx_hal_rcc_ex.o
#        C:\Users\Benoit\Dev\Code\Benoit\SW9000\EWARM\SW9000\Obj\stm32l4xx_hal_sai.o
#        C:\Users\Benoit\Dev\Code\Benoit\SW9000\EWARM\SW9000\Obj\stm32l4xx_hal_sd.o
#        C:\Users\Benoit\Dev\Code\Benoit\SW9000\EWARM\SW9000\Obj\stm32l4xx_hal_spi.o
#        C:\Users\Benoit\Dev\Code\Benoit\SW9000\EWARM\SW9000\Obj\stm32l4xx_hal_spi_ex.o
#        C:\Users\Benoit\Dev\Code\Benoit\SW9000\EWARM\SW9000\Obj\stm32l4xx_hal_tim.o
#        C:\Users\Benoit\Dev\Code\Benoit\SW9000\EWARM\SW9000\Obj\stm32l4xx_hal_tim_ex.o
#        C:\Users\Benoit\Dev\Code\Benoit\SW9000\EWARM\SW9000\Obj\stm32l4xx_hal_timebase_TIM.o
#        C:\Users\Benoit\Dev\Code\Benoit\SW9000\EWARM\SW9000\Obj\stm32l4xx_hal_uart.o
#        C:\Users\Benoit\Dev\Code\Benoit\SW9000\EWARM\SW9000\Obj\stm32l4xx_hal_uart_ex.o
#        C:\Users\Benoit\Dev\Code\Benoit\SW9000\EWARM\SW9000\Obj\stm32l4xx_it.o
#        C:\Users\Benoit\Dev\Code\Benoit\SW9000\EWARM\SW9000\Obj\stm32l4xx_ll_sdmmc.o
#        C:\Users\Benoit\Dev\Code\Benoit\SW9000\EWARM\SW9000\Obj\syscall.o
#        C:\Users\Benoit\Dev\Code\Benoit\SW9000\EWARM\SW9000\Obj\system_stm32l4xx.o
#        C:\Users\Benoit\Dev\Code\Benoit\SW9000\EWARM\SW9000\Obj\tasks.o
#        C:\Users\Benoit\Dev\Code\Benoit\SW9000\EWARM\SW9000\Obj\timers.o
#        --redirect _Printf=_PrintfFull --redirect _Scanf=_ScanfFull -o
#        C:\Users\Benoit\Dev\Code\Benoit\SW9000\EWARM\SW9000\Exe\SW9000.out
#        --map
#        C:\Users\Benoit\Dev\Code\Benoit\SW9000\EWARM\SW9000\List\SW9000.map
#        --config
#        C:\Users\Benoit\Dev\Code\Benoit\SW9000\EWARM/stm32l476xx_flash.icf
#        --semihosting --entry __iar_program_start --vfe
#
###############################################################################

*******************************************************************************
*** RUNTIME MODEL ATTRIBUTES
***

CppFlavor       = *
__SystemLibrary = DLib


*******************************************************************************
*** PLACEMENT SUMMARY
***

"A1":  place at 0x08000000 { ro section .intvec };
"P1":  place in [from 0x08000000 to 0x080fffff] { ro };
"P2":  place in [from 0x20000000 to 0x20017fff] { rw, block CSTACK, block HEAP };
initialize by copy { rw };

  Section            Kind        Address    Size  Object
  -------            ----        -------    ----  ------
"A1":                                      0x188
  .intvec            ro code  0x08000000   0x188  startup_stm32l476xx.o [1]
                            - 0x08000188   0x188

"P1":                                     0x64dc
  .text              ro code  0x08000188  0x1334  ff.o [1]
  .text              ro code  0x080014bc    0x66  ABImemset.o [5]
  .text              ro code  0x08001524    0x44  syscall.o [1]
  .text              ro code  0x08001568    0x74  diskio.o [1]
  .text              ro code  0x080015dc    0x68  fatfs.o [1]
  .text              ro code  0x08001644   0x174  cmsis_os.o [1]
  .text              ro code  0x080017b8    0x44  ff_gen_drv.o [1]
  .text              ro code  0x080017fc   0x77c  tasks.o [1]
  .text              ro code  0x08001f78   0x5ac  queue.o [1]
  .text              ro code  0x08002524   0x1e8  port.o [1]
  .text              ro code  0x0800270c    0x8e  list.o [1]
  .text              ro code  0x0800279c   0x1b4  heap_4.o [1]
  .text              ro code  0x08002950    0x3a  ABImemset48.o [5]
  .text              ro code  0x0800298c    0x76  ABImemcpy_unaligned.o [5]
  CODE               ro code  0x08002a04    0xa8  portasm.o [1]
  .text              ro code  0x08002aac   0xe5c  stm32l4xx_hal_sd.o [1]
  .text              ro code  0x08003908   0x33c  stm32l4xx_hal_msp.o [1]
  .text              ro code  0x08003c44    0xb4  stm32l4xx_ll_sdmmc.o [1]
  .text              ro code  0x08003cf8    0x40  stm32l4xx_hal.o [1]
  .text              ro code  0x08003d38    0xd8  stm32l4xx_hal_cortex.o [1]
  .text              ro code  0x08003e10   0x1dc  stm32l4xx_hal_gpio.o [1]
  .text              ro code  0x08003fec    0x7c  stm32l4xx_hal_timebase_TIM.o [1]
  .text              ro code  0x08004068   0x6f4  stm32l4xx_hal_rcc.o [1]
  .text              ro code  0x0800475c   0x260  stm32l4xx_hal_tim.o [1]
  .text              ro code  0x080049bc    0x78  stm32l4xx_hal_pwr_ex.o [1]
  .text              ro code  0x08004a34     0x4  stm32l4xx_hal_tim_ex.o [1]
  .text              ro code  0x08004a38   0x8f4  stm32l4xx_hal_rcc_ex.o [1]
  .text              ro code  0x0800532c   0x4d4  stm32l4xx_hal_uart.o [1]
  .text              ro code  0x08005800    0xee  I64DivMod.o [5]
  .text              ro code  0x080058f0     0x2  I64DivZer.o [5]
  .text              ro code  0x080058f4   0x40c  main.o [1]
  .text              ro code  0x08005d00    0xb4  stm32l4xx_hal_spi.o [1]
  .text              ro code  0x08005db4    0xb2  stm32l4xx_hal_i2c.o [1]
  .text              ro code  0x08005e68    0x56  stm32l4xx_hal_i2c_ex.o [1]
  .text              ro code  0x08005ec0   0x31c  stm32l4xx_hal_sai.o [1]
  .text              ro code  0x080061dc    0xa4  sd_diskio.o [1]
  .text              ro code  0x08006280    0x78  bsp_driver_sd.o [1]
  .text              ro code  0x080062f8    0x8c  system_stm32l4xx.o [1]
  .text              ro code  0x08006384    0x40  zero_init3.o [5]
  .text              ro code  0x080063c4    0x2c  copy_init3.o [5]
  .text              ro code  0x080063f0    0x28  data_init.o [5]
  .text              ro code  0x08006418    0x22  fpinit_M.o [4]
  .iar.init_table    const    0x0800643c    0x24  - Linker created -
  .text              ro code  0x08006460    0x1a  cmain.o [5]
  .text              ro code  0x0800647a     0x4  low_level_init.o [3]
  .text              ro code  0x0800647e     0x4  exit.o [3]
  .text              ro code  0x08006484     0xa  cexit.o [5]
  .text              ro code  0x08006490    0x14  exit.o [6]
  .rodata            const    0x080064a4    0x14  sd_diskio.o [1]
  Initializer bytes  const    0x080064b8    0x14  <for P2-1>
  .text              ro code  0x080064cc    0x10  startup_stm32l476xx.o [1]
  .text              ro code  0x080064dc    0x10  stm32l4xx_it.o [1]
  .rodata            const    0x080064ec     0xc  main.o [1]
  .text              ro code  0x080064f8     0xc  cstartup_M.o [5]
  .rodata            const    0x08006504     0x8  system_stm32l4xx.o [1]
  .text              ro code  0x0800650c     0x4  startup_stm32l476xx.o [1]
  .text              ro code  0x08006510     0x4  startup_stm32l476xx.o [1]
  .text              ro code  0x08006514     0x4  startup_stm32l476xx.o [1]
  .text              ro code  0x08006518     0x4  startup_stm32l476xx.o [1]
  .text              ro code  0x0800651c     0x4  startup_stm32l476xx.o [1]
  .text              ro code  0x08006520     0x4  startup_stm32l476xx.o [1]
  .text              ro code  0x08006524     0x4  startup_stm32l476xx.o [1]
  .text              ro code  0x08006528     0x4  startup_stm32l476xx.o [1]
  .text              ro code  0x0800652c     0x4  startup_stm32l476xx.o [1]
  .text              ro code  0x08006530     0x4  startup_stm32l476xx.o [1]
  .text              ro code  0x08006534     0x4  startup_stm32l476xx.o [1]
  .text              ro code  0x08006538     0x4  startup_stm32l476xx.o [1]
  .text              ro code  0x0800653c     0x4  startup_stm32l476xx.o [1]
  .text              ro code  0x08006540     0x4  startup_stm32l476xx.o [1]
  .text              ro code  0x08006544     0x4  startup_stm32l476xx.o [1]
  .text              ro code  0x08006548     0x4  startup_stm32l476xx.o [1]
  .text              ro code  0x0800654c     0x4  startup_stm32l476xx.o [1]
  .text              ro code  0x08006550     0x4  startup_stm32l476xx.o [1]
  .text              ro code  0x08006554     0x4  startup_stm32l476xx.o [1]
  .text              ro code  0x08006558     0x4  startup_stm32l476xx.o [1]
  .text              ro code  0x0800655c     0x4  startup_stm32l476xx.o [1]
  .text              ro code  0x08006560     0x4  startup_stm32l476xx.o [1]
  .text              ro code  0x08006564     0x4  startup_stm32l476xx.o [1]
  .text              ro code  0x08006568     0x4  startup_stm32l476xx.o [1]
  .text              ro code  0x0800656c     0x4  startup_stm32l476xx.o [1]
  .text              ro code  0x08006570     0x4  startup_stm32l476xx.o [1]
  .text              ro code  0x08006574     0x4  startup_stm32l476xx.o [1]
  .text              ro code  0x08006578     0x4  startup_stm32l476xx.o [1]
  .text              ro code  0x0800657c     0x4  startup_stm32l476xx.o [1]
  .text              ro code  0x08006580     0x4  startup_stm32l476xx.o [1]
  .text              ro code  0x08006584     0x4  startup_stm32l476xx.o [1]
  .text              ro code  0x08006588     0x4  startup_stm32l476xx.o [1]
  .text              ro code  0x0800658c     0x4  startup_stm32l476xx.o [1]
  .text              ro code  0x08006590     0x4  startup_stm32l476xx.o [1]
  .text              ro code  0x08006594     0x4  startup_stm32l476xx.o [1]
  .text              ro code  0x08006598     0x4  startup_stm32l476xx.o [1]
  .text              ro code  0x0800659c     0x4  startup_stm32l476xx.o [1]
  .text              ro code  0x080065a0     0x4  startup_stm32l476xx.o [1]
  .text              ro code  0x080065a4     0x4  startup_stm32l476xx.o [1]
  .text              ro code  0x080065a8     0x4  startup_stm32l476xx.o [1]
  .text              ro code  0x080065ac     0x4  startup_stm32l476xx.o [1]
  .text              ro code  0x080065b0     0x4  startup_stm32l476xx.o [1]
  .text              ro code  0x080065b4     0x4  startup_stm32l476xx.o [1]
  .text              ro code  0x080065b8     0x4  startup_stm32l476xx.o [1]
  .text              ro code  0x080065bc     0x4  startup_stm32l476xx.o [1]
  .text              ro code  0x080065c0     0x4  startup_stm32l476xx.o [1]
  .text              ro code  0x080065c4     0x4  startup_stm32l476xx.o [1]
  .text              ro code  0x080065c8     0x4  startup_stm32l476xx.o [1]
  .text              ro code  0x080065cc     0x4  startup_stm32l476xx.o [1]
  .text              ro code  0x080065d0     0x4  startup_stm32l476xx.o [1]
  .text              ro code  0x080065d4     0x4  startup_stm32l476xx.o [1]
  .text              ro code  0x080065d8     0x4  startup_stm32l476xx.o [1]
  .text              ro code  0x080065dc     0x4  startup_stm32l476xx.o [1]
  .text              ro code  0x080065e0     0x4  startup_stm32l476xx.o [1]
  .text              ro code  0x080065e4     0x4  startup_stm32l476xx.o [1]
  .text              ro code  0x080065e8     0x4  startup_stm32l476xx.o [1]
  .text              ro code  0x080065ec     0x4  startup_stm32l476xx.o [1]
  .text              ro code  0x080065f0     0x4  startup_stm32l476xx.o [1]
  .text              ro code  0x080065f4     0x4  startup_stm32l476xx.o [1]
  .text              ro code  0x080065f8     0x4  startup_stm32l476xx.o [1]
  .text              ro code  0x080065fc     0x4  startup_stm32l476xx.o [1]
  .text              ro code  0x08006600     0x4  startup_stm32l476xx.o [1]
  .text              ro code  0x08006604     0x4  startup_stm32l476xx.o [1]
  .text              ro code  0x08006608     0x4  startup_stm32l476xx.o [1]
  .text              ro code  0x0800660c     0x4  startup_stm32l476xx.o [1]
  .text              ro code  0x08006610     0x4  startup_stm32l476xx.o [1]
  .text              ro code  0x08006614     0x4  startup_stm32l476xx.o [1]
  .text              ro code  0x08006618     0x4  startup_stm32l476xx.o [1]
  .text              ro code  0x0800661c     0x4  startup_stm32l476xx.o [1]
  .text              ro code  0x08006620     0x4  startup_stm32l476xx.o [1]
  .text              ro code  0x08006624     0x4  startup_stm32l476xx.o [1]
  .text              ro code  0x08006628     0x4  startup_stm32l476xx.o [1]
  .text              ro code  0x0800662c     0x4  startup_stm32l476xx.o [1]
  .text              ro code  0x08006630     0x4  startup_stm32l476xx.o [1]
  .text              ro code  0x08006634     0x4  startup_stm32l476xx.o [1]
  .text              ro code  0x08006638     0x4  startup_stm32l476xx.o [1]
  .text              ro code  0x0800663c     0x4  startup_stm32l476xx.o [1]
  .text              ro code  0x08006640     0x4  startup_stm32l476xx.o [1]
  .text              ro code  0x08006644     0x4  startup_stm32l476xx.o [1]
  .text              ro code  0x08006648     0x4  startup_stm32l476xx.o [1]
  .text              ro code  0x0800664c     0x4  startup_stm32l476xx.o [1]
  .text              ro code  0x08006650     0x4  startup_stm32l476xx.o [1]
  .text              ro code  0x08006654     0x4  startup_stm32l476xx.o [1]
  .text              ro code  0x08006658     0x4  startup_stm32l476xx.o [1]
  .text              ro code  0x0800665c     0x4  startup_stm32l476xx.o [1]
  .text              ro code  0x08006660     0x4  startup_stm32l476xx.o [1]
  .rodata            const    0x08006664     0x0  zero_init3.o [5]
  .rodata            const    0x08006664     0x0  copy_init3.o [5]
                            - 0x08006664  0x64dc

"P2", part 1 of 3:                          0x14
  P2-1                        0x20000000    0x11  <Init block>
    .data            inited   0x20000000     0xc  port.o [1]
    .data            inited   0x2000000c     0x4  system_stm32l4xx.o [1]
    .data            inited   0x20000010     0x1  sd_diskio.o [1]
                            - 0x20000011    0x11

"P2", part 2 of 3:                         0x200
  CSTACK                      0x20000018   0x200  <Block>
    CSTACK           uninit   0x20000018   0x200  <Block tail>
                            - 0x20000218   0x200

"P2", part 3 of 3:                        0x1620
  .bss               zero     0x20000218   0xbd0  heap_4.o [1]
  .bss               zero     0x20000de8   0x468  fatfs.o [1]
  .bss               zero     0x20001250   0x410  main.o [1]
  .bss               zero     0x20001660    0x9c  tasks.o [1]
  .bss               zero     0x200016fc    0x8c  tasks.o [1]
  .bss               zero     0x20001788    0x40  queue.o [1]
  .bss               zero     0x200017c8    0x3c  stm32l4xx_hal_timebase_TIM.o [1]
  .bss               zero     0x20001804    0x18  ff.o [1]
  .bss               zero     0x2000181c     0xc  ff_gen_drv.o [1]
  .bss               zero     0x20001828     0x8  ff.o [1]
  .bss               zero     0x20001830     0x4  stm32l4xx_hal.o [1]
  .bss               zero     0x20001834     0x4  stm32l4xx_hal_msp.o [1]
                            - 0x20001838  0x1620


*******************************************************************************
*** INIT TABLE
***

          Address     Size
          -------     ----
Zero (__iar_zero_init3)
    1 destination range, total size 0x1620:
          0x20000218  0x1620

Copy (__iar_copy_init3)
    1 source range, total size 0x14 (117% of destination):
          0x080064b8    0x14
    1 destination range, total size 0x11:
          0x20000000    0x11



*******************************************************************************
*** MODULE SUMMARY
***

    Module                        ro code  ro data  rw data
    ------                        -------  -------  -------
C:\Users\Benoit\Dev\Code\Benoit\SW9000\EWARM\SW9000\Obj: [1]
    bsp_driver_sd.o                   120
    cmsis_os.o                        372
    diskio.o                          116
    fatfs.o                           104             1 128
    ff.o                            4 916                32
    ff_gen_drv.o                       68                12
    heap_4.o                          436             3 024
    list.o                            142
    main.o                          1 036       12    1 040
    port.o                            488       12       12
    portasm.o                         168
    queue.o                         1 452                64
    sd_diskio.o                       164       21        1
    startup_stm32l476xx.o             752
    stm32l4xx_hal.o                    64                 4
    stm32l4xx_hal_cortex.o            216
    stm32l4xx_hal_gpio.o              476
    stm32l4xx_hal_i2c.o               178
    stm32l4xx_hal_i2c_ex.o             86
    stm32l4xx_hal_msp.o               828                 4
    stm32l4xx_hal_pwr_ex.o            120
    stm32l4xx_hal_rcc.o             1 780
    stm32l4xx_hal_rcc_ex.o          2 292
    stm32l4xx_hal_sai.o               796
    stm32l4xx_hal_sd.o              3 676
    stm32l4xx_hal_spi.o               180
    stm32l4xx_hal_tim.o               608
    stm32l4xx_hal_tim_ex.o              4
    stm32l4xx_hal_timebase_TIM.o      124                60
    stm32l4xx_hal_uart.o            1 236
    stm32l4xx_it.o                     16
    stm32l4xx_ll_sdmmc.o              180
    syscall.o                          68
    system_stm32l4xx.o                140       12        4
    tasks.o                         1 916               296
    -------------------------------------------------------
    Total:                         25 318       57    5 681

command line: [2]
    -------------------------------------------------------
    Total:

dl7M_tlf.a: [3]
    exit.o                              4
    low_level_init.o                    4
    -------------------------------------------------------
    Total:                              8

m7M_tls.a: [4]
    fpinit_M.o                         34
    -------------------------------------------------------
    Total:                             34

rt7M_tl.a: [5]
    ABImemcpy_unaligned.o             118
    ABImemset.o                       102
    ABImemset48.o                      58
    I64DivMod.o                       238
    I64DivZer.o                         2
    cexit.o                            10
    cmain.o                            26
    copy_init3.o                       44
    cstartup_M.o                       12
    data_init.o                        40
    zero_init3.o                       64
    -------------------------------------------------------
    Total:                            714

shb_l.a: [6]
    exit.o                             20
    -------------------------------------------------------
    Total:                             20

    Gaps                               20        2
    Linker created                              39      512
-----------------------------------------------------------
    Grand Total:                   26 114       98    6 193


*******************************************************************************
*** ENTRY LIST
***

Entry                      Address   Size  Type      Object
-----                      -------   ----  ----      ------
.iar.init_table$$Base   0x0800643c          --   Gb  - Linker created -
.iar.init_table$$Limit  0x08006460          --   Gb  - Linker created -
?main                   0x08006461         Code  Gb  cmain.o [5]
AHBPrescTable           0x08006344   0x10  Data  Gb  system_stm32l4xx.o [1]
APBPrescTable           0x08006504    0x8  Data  Gb  system_stm32l4xx.o [1]
BSP_SD_GetCardInfo      0x080062e9    0x8  Code  Gb  bsp_driver_sd.o [1]
BSP_SD_GetStatus        0x080062e3    0x6  Code  Gb  bsp_driver_sd.o [1]
BSP_SD_Init             0x08006281   0x34  Code  Gb  bsp_driver_sd.o [1]
BSP_SD_ReadBlocks       0x080062b5    0xe  Code  Gb  bsp_driver_sd.o [1]
BSP_SD_WriteBlocks      0x080062c3    0xc  Code  Gb  bsp_driver_sd.o [1]
CSTACK$$Base            0x20000018          --   Gb  - Linker created -
CSTACK$$Limit           0x20000218          --   Gb  - Linker created -
ExCvt                   0x08000a5c   0x80  Data  Lc  ff.o [1]
FATFS_LinkDriver        0x080017f3    0x4  Code  Gb  ff_gen_drv.o [1]
FATFS_LinkDriverEx      0x080017b9   0x3a  Code  Gb  ff_gen_drv.o [1]
FatFs                   0x2000182c    0x4  Data  Lc  ff.o [1]
Files                   0x20001804   0x18  Data  Lc  ff.o [1]
Fsid                    0x20001828    0x2  Data  Lc  ff.o [1]
HAL_Delay               0x08003d1f   0x16  Code  Wk  stm32l4xx_hal.o [1]
HAL_GPIO_Init           0x08003e11  0x1a4  Code  Gb  stm32l4xx_hal_gpio.o [1]
HAL_GPIO_TogglePin      0x08003fbf    0x8  Code  Gb  stm32l4xx_hal_gpio.o [1]
HAL_GPIO_WritePin       0x08003fb5    0xa  Code  Gb  stm32l4xx_hal_gpio.o [1]
HAL_GetTick             0x08003d19    0x6  Code  Wk  stm32l4xx_hal.o [1]
HAL_I2CEx_ConfigAnalogFilter
                        0x08005e69   0x28  Code  Gb  stm32l4xx_hal_i2c_ex.o [1]
HAL_I2C_Init            0x08005db5   0x96  Code  Gb  stm32l4xx_hal_i2c.o [1]
HAL_I2C_MspInit         0x08003967   0x44  Code  Gb  stm32l4xx_hal_msp.o [1]
HAL_IncTick             0x08003d0f    0xa  Code  Wk  stm32l4xx_hal.o [1]
HAL_Init                0x08003cf9   0x16  Code  Gb  stm32l4xx_hal.o [1]
HAL_InitTick            0x08003fed   0x66  Code  Gb  stm32l4xx_hal_timebase_TIM.o [1]
HAL_MspInit             0x08003909   0x5e  Code  Gb  stm32l4xx_hal_msp.o [1]
HAL_NVIC_EnableIRQ      0x08003da7    0xc  Code  Gb  stm32l4xx_hal_cortex.o [1]
HAL_NVIC_SetPriority    0x08003d6d   0x3a  Code  Gb  stm32l4xx_hal_cortex.o [1]
HAL_NVIC_SetPriorityGrouping
                        0x08003d53   0x1a  Code  Gb  stm32l4xx_hal_cortex.o [1]
HAL_PWREx_ControlVoltageScaling
                        0x080049c9   0x60  Code  Gb  stm32l4xx_hal_pwr_ex.o [1]
HAL_PWREx_GetVoltageRange
                        0x080049bd    0xc  Code  Gb  stm32l4xx_hal_pwr_ex.o [1]
HAL_RCCEx_GetPeriphCLKFreq
                        0x08004e2d  0x388  Code  Gb  stm32l4xx_hal_rcc_ex.o [1]
HAL_RCCEx_PeriphCLKConfig
                        0x08004a39  0x3ca  Code  Gb  stm32l4xx_hal_rcc_ex.o [1]
HAL_RCC_ClockConfig     0x08004457  0x122  Code  Gb  stm32l4xx_hal_rcc.o [1]
HAL_RCC_GetClockConfig  0x08004679   0x34  Code  Gb  stm32l4xx_hal_rcc.o [1]
HAL_RCC_GetHCLKFreq     0x0800464f    0x6  Code  Gb  stm32l4xx_hal_rcc.o [1]
HAL_RCC_GetPCLK1Freq    0x08004655   0x10  Code  Gb  stm32l4xx_hal_rcc.o [1]
HAL_RCC_GetPCLK2Freq    0x08004665    0xe  Code  Gb  stm32l4xx_hal_rcc.o [1]
HAL_RCC_GetSysClockFreq
                        0x080045a1   0xae  Code  Gb  stm32l4xx_hal_rcc.o [1]
HAL_RCC_OscConfig       0x08004069  0x3ae  Code  Gb  stm32l4xx_hal_rcc.o [1]
HAL_SAI_Init            0x08005eef  0x17e  Code  Gb  stm32l4xx_hal_sai.o [1]
HAL_SAI_InitProtocol    0x08005ec1   0x2e  Code  Gb  stm32l4xx_hal_sai.o [1]
HAL_SAI_MspInit         0x08003ba9   0x44  Code  Gb  stm32l4xx_hal_msp.o [1]
HAL_SD_GetStatus        0x080032a5   0x36  Code  Gb  stm32l4xx_hal_sd.o [1]
HAL_SD_Get_CardInfo     0x08002e5f  0x2d6  Code  Gb  stm32l4xx_hal_sd.o [1]
HAL_SD_Init             0x08002aad   0x94  Code  Gb  stm32l4xx_hal_sd.o [1]
HAL_SD_MspInit          0x080039ab   0x4a  Code  Gb  stm32l4xx_hal_msp.o [1]
HAL_SD_ReadBlocks       0x08002b4b  0x14a  Code  Gb  stm32l4xx_hal_sd.o [1]
HAL_SD_StopTransfer     0x08003257   0x1c  Code  Gb  stm32l4xx_hal_sd.o [1]
HAL_SD_WideBusOperation_Config
                        0x08003135  0x102  Code  Gb  stm32l4xx_hal_sd.o [1]
HAL_SD_WriteBlocks      0x08002ca9  0x1a4  Code  Gb  stm32l4xx_hal_sd.o [1]
HAL_SPI_Init            0x08005d01   0xb4  Code  Gb  stm32l4xx_hal_spi.o [1]
HAL_SPI_MspInit         0x08003a09   0x64  Code  Gb  stm32l4xx_hal_msp.o [1]
HAL_SYSTICK_CLKSourceConfig
                        0x08003de3   0x16  Code  Gb  stm32l4xx_hal_cortex.o [1]
HAL_SYSTICK_Config      0x08003dbb   0x28  Code  Gb  stm32l4xx_hal_cortex.o [1]
HAL_TIMEx_BreakCallback
                        0x08004a37    0x2  Code  Wk  stm32l4xx_hal_tim_ex.o [1]
HAL_TIMEx_CommutationCallback
                        0x08004a35    0x2  Code  Wk  stm32l4xx_hal_tim_ex.o [1]
HAL_TIM_Base_Init       0x0800475d   0x1a  Code  Gb  stm32l4xx_hal_tim.o [1]
HAL_TIM_Base_MspInit    0x08004777    0x2  Code  Wk  stm32l4xx_hal_tim.o [1]
HAL_TIM_Base_Start_IT   0x08004779   0x16  Code  Gb  stm32l4xx_hal_tim.o [1]
HAL_TIM_IC_CaptureCallback
                        0x080048f7    0x2  Code  Wk  stm32l4xx_hal_tim.o [1]
HAL_TIM_IRQHandler      0x080047ab  0x14a  Code  Gb  stm32l4xx_hal_tim.o [1]
HAL_TIM_OC_DelayElapsedCallback
                        0x080048f5    0x2  Code  Wk  stm32l4xx_hal_tim.o [1]
HAL_TIM_PWM_PulseFinishedCallback
                        0x080048f9    0x2  Code  Wk  stm32l4xx_hal_tim.o [1]
HAL_TIM_PeriodElapsedCallback
                        0x08004065    0x4  Code  Gb  stm32l4xx_hal_timebase_TIM.o [1]
HAL_TIM_TriggerCallback
                        0x080048fb    0x2  Code  Wk  stm32l4xx_hal_tim.o [1]
HAL_UART_Init           0x0800532d   0x30  Code  Gb  stm32l4xx_hal_uart.o [1]
HAL_UART_MspInit        0x08003a8b   0xda  Code  Gb  stm32l4xx_hal_msp.o [1]
MSIRangeTable           0x08006354   0x30  Data  Gb  system_stm32l4xx.o [1]
MX_FATFS_Init           0x080015dd   0x4e  Code  Gb  fatfs.o [1]
MX_GPIO_Init            0x08005b95   0xde  Code  Lc  main.o [1]
NVIC_SetPriority        0x08003d39   0x1a  Code  Lc  stm32l4xx_hal_cortex.o [1]
PendSV_Handler          0x08002a05         Code  Gb  portasm.o [1]
RCCEx_PLLSAI1_ConfigNP  0x080051b5   0x48  Code  Lc  stm32l4xx_hal_rcc_ex.o [1]
RCCEx_PLLSAI1_ConfigNQ  0x0800521d   0x54  Code  Lc  stm32l4xx_hal_rcc_ex.o [1]
RCCEx_PLLSAI2_ConfigNP  0x08005283   0x50  Code  Lc  stm32l4xx_hal_rcc_ex.o [1]
RCC_SetFlashLatencyFromMSIRange
                        0x080046ad   0x76  Code  Lc  stm32l4xx_hal_rcc.o [1]
Region$$Table$$Base     0x0800643c          --   Gb  - Linker created -
Region$$Table$$Limit    0x08006460          --   Gb  - Linker created -
SAI1_client             0x20001834    0x4  Data  Gb  stm32l4xx_hal_msp.o [1]
SAI_Disable             0x080061af   0x2e  Code  Lc  stm32l4xx_hal_sai.o [1]
SAI_InitI2S             0x08006091   0xa8  Code  Lc  stm32l4xx_hal_sai.o [1]
SAI_InitPCM             0x0800613d   0x72  Code  Lc  stm32l4xx_hal_sai.o [1]
SDCardInfo1             0x20001608   0x58  Data  Gb  main.o [1]
SDFatFS                 0x2000101c  0x234  Data  Gb  fatfs.o [1]
SDMMC_DataConfig        0x08003ccb   0x20  Code  Gb  stm32l4xx_ll_sdmmc.o [1]
SDMMC_GetCommandResponse
                        0x08003cb1    0x6  Code  Gb  stm32l4xx_ll_sdmmc.o [1]
SDMMC_GetPowerState     0x08003c87    0x8  Code  Gb  stm32l4xx_ll_sdmmc.o [1]
SDMMC_GetResponse       0x08003cb7   0x14  Code  Gb  stm32l4xx_ll_sdmmc.o [1]
SDMMC_Init              0x08003c45   0x26  Code  Gb  stm32l4xx_ll_sdmmc.o [1]
SDMMC_PowerState_ON     0x08003c7d    0x4  Code  Gb  stm32l4xx_ll_sdmmc.o [1]
SDMMC_ReadFIFO          0x08003c71    0x2  Code  Gb  stm32l4xx_ll_sdmmc.o [1]
SDMMC_SendCommand       0x08003c8f   0x22  Code  Gb  stm32l4xx_ll_sdmmc.o [1]
SDMMC_WriteFIFO         0x08003c73    0xa  Code  Gb  stm32l4xx_ll_sdmmc.o [1]
SD_CmdResp1Error        0x0800359b   0xce  Code  Lc  stm32l4xx_hal_sd.o [1]
SD_CmdResp2Error        0x08003677   0x30  Code  Lc  stm32l4xx_hal_sd.o [1]
SD_Driver               0x080064a4   0x14  Data  Gb  sd_diskio.o [1]
SD_FindSCR              0x080036a7  0x100  Code  Lc  stm32l4xx_hal_sd.o [1]
SD_Initialize_Cards     0x080032f9  0x106  Code  Lc  stm32l4xx_hal_sd.o [1]
SD_IsCardProgramming    0x080037b9  0x13c  Code  Lc  stm32l4xx_hal_sd.o [1]
SD_Path                 0x20001018    0x4  Data  Gb  fatfs.o [1]
SD_PowerON              0x08003407  0x174  Code  Lc  stm32l4xx_hal_sd.o [1]
SD_initialize           0x080061dd    0xe  Code  Gb  sd_diskio.o [1]
SD_ioctl                0x08006235   0x48  Code  Gb  sd_diskio.o [1]
SD_read                 0x08006205    0xc  Code  Gb  sd_diskio.o [1]
SD_status               0x080061eb    0xc  Code  Gb  sd_diskio.o [1]
SD_write                0x08006211    0xa  Code  Gb  sd_diskio.o [1]
SVC_Handler             0x08002a5d         Code  Gb  portasm.o [1]
StartDefaultTask        0x08005c87   0x20  Code  Gb  main.o [1]
Stat                    0x20000010    0x1  Data  Lc  sd_diskio.o [1]
SysTick_Handler         0x080064dd    0x4  Code  Gb  stm32l4xx_it.o [1]
SystemClock_Config      0x08005ad7   0xbe  Code  Gb  main.o [1]
SystemCoreClock         0x2000000c    0x4  Data  Gb  system_stm32l4xx.o [1]
SystemInit              0x080062f9   0x3c  Code  Gb  system_stm32l4xx.o [1]
TIM1_UP_TIM16_IRQHandler
                        0x080064e1    0x6  Code  Gb  stm32l4xx_it.o [1]
TIM_Base_SetConfig      0x080048fd   0x9e  Code  Gb  stm32l4xx_hal_tim.o [1]
UART_AdvFeatureConfig   0x0800564b   0xc6  Code  Gb  stm32l4xx_hal_uart.o [1]
UART_CheckIdleState     0x08005711   0x4a  Code  Gb  stm32l4xx_hal_uart.o [1]
UART_SetConfig          0x080053b1  0x260  Code  Gb  stm32l4xx_hal_uart.o [1]
UART_WaitOnFlagUntilTimeout
                        0x0800575d   0x8a  Code  Gb  stm32l4xx_hal_uart.o [1]
__aeabi_ldiv0           0x080058f1         Code  Gb  I64DivZer.o [5]
__aeabi_memset          0x080014bd         Code  Gb  ABImemset.o [5]
__aeabi_memset4         0x08002951         Code  Gb  ABImemset48.o [5]
__aeabi_memset8         0x08002951         Code  Gb  ABImemset48.o [5]
__aeabi_uldivmod        0x08005801         Code  Gb  I64DivMod.o [5]
__cmain                 0x08006461         Code  Gb  cmain.o [5]
__exit                  0x08006491   0x14  Code  Gb  exit.o [6]
__iar_Memset            0x080014bd         Code  Gb  ABImemset.o [5]
__iar_Memset4_word      0x08002959         Code  Gb  ABImemset48.o [5]
__iar_Memset8_word      0x08002959         Code  Gb  ABImemset48.o [5]
__iar_Memset_word       0x080014c5         Code  Gb  ABImemset.o [5]
__iar_copy_init3        0x080063c5   0x2c  Code  Gb  copy_init3.o [5]
__iar_data_init3        0x080063f1   0x28  Code  Gb  data_init.o [5]
__iar_init_vfp          0x08006419         Code  Gb  fpinit_M.o [4]
__iar_program_start     0x080064f9         Code  Gb  cstartup_M.o [5]
__iar_unaligned___aeabi_memcpy
                        0x0800298d         Code  Gb  ABImemcpy_unaligned.o [5]
__iar_unaligned___aeabi_memcpy4
                        0x080029ad         Code  Gb  ABImemcpy_unaligned.o [5]
__iar_unaligned___aeabi_memcpy8
                        0x080029ad         Code  Gb  ABImemcpy_unaligned.o [5]
__iar_zero_init3        0x08006385   0x40  Code  Gb  zero_init3.o [5]
__low_level_init        0x0800647b    0x4  Code  Gb  low_level_init.o [3]
__vector_table          0x08000000         Data  Gb  startup_stm32l476xx.o [1]
_call_main              0x0800646d         Code  Gb  cmain.o [5]
_exit                   0x08006485         Code  Gb  cexit.o [5]
_main                   0x08006477         Code  Gb  cmain.o [5]
check_fs                0x08000bcb   0x62  Code  Lc  ff.o [1]
chk_lock                0x080001d1   0x66  Code  Lc  ff.o [1]
clear_lock              0x080002eb   0x1e  Code  Lc  ff.o [1]
clmt_clust              0x08000713   0x2e  Code  Lc  ff.o [1]
clust2sect              0x0800042f   0x1e  Code  Gb  ff.o [1]
create_chain            0x08000663   0xb0  Code  Lc  ff.o [1]
create_name             0x0800095b   0xf0  Code  Lc  ff.o [1]
dec_lock                0x080002b3   0x38  Code  Lc  ff.o [1]
defaultTaskHandle       0x20001604    0x4  Data  Gb  main.o [1]
dir_next                0x080007c5   0xf0  Code  Lc  ff.o [1]
dir_register            0x080008e7   0x66  Code  Lc  ff.o [1]
dir_sdi                 0x08000741   0x84  Code  Lc  ff.o [1]
disk                    0x2000181c    0xc  Data  Gb  ff_gen_drv.o [1]
disk_initialize         0x0800157b   0x1e  Code  Gb  diskio.o [1]
disk_ioctl              0x080015c1   0x18  Code  Gb  diskio.o [1]
disk_read               0x08001599    0xc  Code  Gb  diskio.o [1]
disk_status             0x08001569   0x12  Code  Gb  diskio.o [1]
disk_write              0x080015a5    0xc  Code  Gb  diskio.o [1]
exit                    0x0800647f    0x4  Code  Gb  exit.o [3]
f_close                 0x080013e7   0x38  Code  Gb  ff.o [1]
f_gets                  0x08001477   0x46  Code  Gb  ff.o [1]
f_mount                 0x08000f4f   0x84  Code  Gb  ff.o [1]
f_open                  0x08000fd3  0x18c  Code  Gb  ff.o [1]
f_read                  0x08001183  0x150  Code  Gb  ff.o [1]
f_sync                  0x08001337   0xb0  Code  Gb  ff.o [1]
ff_cre_syncobj          0x08001525   0x1e  Code  Gb  syscall.o [1]
ff_del_syncobj          0x08001543    0xa  Code  Gb  syscall.o [1]
ff_rel_grant            0x08001561    0x4  Code  Gb  syscall.o [1]
ff_req_grant            0x0800154d   0x14  Code  Gb  syscall.o [1]
find_volume             0x08000c3b  0x2ca  Code  Lc  ff.o [1]
follow_path             0x08000add   0xaa  Code  Lc  ff.o [1]
get_fat                 0x0800044d   0xbc  Code  Gb  ff.o [1]
get_fattime             0x08001635    0x4  Code  Gb  fatfs.o [1]
get_ldnumber            0x08000b8d   0x3e  Code  Lc  ff.o [1]
hello                   0x20000de8  0x22c  Data  Gb  fatfs.o [1]
hi2c3                   0x2000155c   0x48  Data  Gb  main.o [1]
hsai_BlockB1            0x20001318   0x84  Data  Gb  main.o [1]
hsd1                    0x200015a4   0x60  Data  Gb  main.o [1]
hspi1                   0x20001250   0x64  Data  Gb  main.o [1]
hspi2                   0x200012b4   0x64  Data  Gb  main.o [1]
htim1                   0x200017c8   0x3c  Data  Gb  stm32l4xx_hal_timebase_TIM.o [1]
huart1                  0x2000140c   0x70  Data  Gb  main.o [1]
huart2                  0x2000147c   0x70  Data  Gb  main.o [1]
huart3                  0x200014ec   0x70  Data  Gb  main.o [1]
huart4                  0x2000139c   0x70  Data  Gb  main.o [1]
inHandlerMode           0x08001651    0xc  Code  Lc  cmsis_os.o [1]
inc_lock                0x08000237   0x7c  Code  Lc  ff.o [1]
ld_clust                0x080008b5   0x20  Code  Lc  ff.o [1]
lock_fs                 0x080001ab    0x8  Code  Lc  ff.o [1]
main                    0x080058f5  0x1e2  Code  Gb  main.o [1]
makeFreeRtosPriority    0x08001645    0xc  Code  Lc  cmsis_os.o [1]
mem_cpy                 0x08000189   0x14  Code  Lc  ff.o [1]
mem_set                 0x0800019d    0xe  Code  Lc  ff.o [1]
move_window             0x08000361   0x38  Code  Lc  ff.o [1]
osDelay                 0x0800169d    0xe  Code  Gb  cmsis_os.o [1]
osKernelStart           0x0800165d    0xa  Code  Gb  cmsis_os.o [1]
osSemaphoreCreate       0x080016ab   0x26  Code  Gb  cmsis_os.o [1]
osSemaphoreDelete       0x08001773    0xc  Code  Gb  cmsis_os.o [1]
osSemaphoreRelease      0x0800172f   0x30  Code  Gb  cmsis_os.o [1]
osSemaphoreWait         0x080016d1   0x40  Code  Gb  cmsis_os.o [1]
osSystickHandler        0x080017a5   0x14  Code  Gb  cmsis_os.o [1]
osThreadCreate          0x08001667   0x36  Code  Gb  cmsis_os.o [1]
prvAddCurrentTaskToDelayedList
                        0x08001d8b   0x30  Code  Lc  tasks.o [1]
prvAllocateTCBAndStack  0x08001dbb   0x38  Code  Lc  tasks.o [1]
prvCopyDataFromQueue    0x0800247d   0x26  Code  Lc  queue.o [1]
prvCopyDataToQueue      0x0800240f   0x6e  Code  Lc  queue.o [1]
prvIdleTask             0x08001cdd   0x5a  Code  Lc  tasks.o [1]
prvInitialiseTCBVariables
                        0x08001d37   0x54  Code  Lc  tasks.o [1]
prvInsertBlockIntoFreeList
                        0x08002903   0x46  Code  Lc  heap_4.o [1]
prvResetNextTaskUnblockTime
                        0x08001df3   0x1a  Code  Lc  tasks.o [1]
prvTaskExitError        0x08002549   0x28  Code  Lc  port.o [1]
prvUnlockQueue          0x080024a3   0x5c  Code  Lc  queue.o [1]
put_fat                 0x08000509   0xe4  Code  Gb  ff.o [1]
pvPortMalloc            0x0800279d   0xf8  Code  Gb  heap_4.o [1]
pvTaskIncrementMutexHeldCount
                        0x08001f2d   0x12  Code  Gb  tasks.o [1]
pxCurrentTCB            0x20001688    0x4  Data  Gb  tasks.o [1]
pxDelayedTaskList       0x2000168c    0x4  Data  Lc  tasks.o [1]
pxEnd                   0x20000220    0x4  Data  Lc  heap_4.o [1]
pxOverflowDelayedTaskList
                        0x20001690    0x4  Data  Lc  tasks.o [1]
pxPortInitialiseStack   0x08002525   0x22  Code  Gb  port.o [1]
pxReadyTasksLists       0x200016fc   0x8c  Data  Lc  tasks.o [1]
remove_chain            0x080005f5   0x6e  Code  Lc  ff.o [1]
retSD                   0x20001014    0x1  Data  Gb  fatfs.o [1]
st_clust                0x080008d5   0x12  Code  Lc  ff.o [1]
sync_fs                 0x08000399   0x96  Code  Lc  ff.o [1]
sync_window             0x08000309   0x4c  Code  Lc  ff.o [1]
ucHeap                  0x20000230  0xbb8  Data  Lc  heap_4.o [1]
ucMaxSysCallPriority    0x20000000    0x1  Data  Lc  port.o [1]
ulMaxPRIGROUPValue      0x20000008    0x4  Data  Lc  port.o [1]
unlock_fs               0x080001b3   0x1e  Code  Lc  ff.o [1]
uwTick                  0x20001830    0x4  Data  Gb  stm32l4xx_hal.o [1]
uxCriticalNesting       0x20000004    0x4  Data  Lc  port.o [1]
uxCurrentNumberOfTasks  0x200016ac    0x4  Data  Lc  tasks.o [1]
uxListRemove            0x08002777   0x24  Code  Gb  list.o [1]
uxPendedTicks           0x200016bc    0x4  Data  Lc  tasks.o [1]
uxSchedulerSuspended    0x200016d0    0x4  Data  Lc  tasks.o [1]
uxTaskNumber            0x200016c8    0x4  Data  Lc  tasks.o [1]
uxTasksDeleted          0x20001694    0x4  Data  Lc  tasks.o [1]
uxTopReadyPriority      0x200016b4    0x4  Data  Lc  tasks.o [1]
vListInitialise         0x0800270d   0x1a  Code  Gb  list.o [1]
vListInitialiseItem     0x08002727    0x6  Code  Gb  list.o [1]
vListInsert             0x08002745   0x32  Code  Gb  list.o [1]
vListInsertEnd          0x0800272d   0x18  Code  Gb  list.o [1]
vPortEnableVFP          0x08002a91         Code  Gb  portasm.o [1]
vPortEnterCritical      0x08002609   0x32  Code  Gb  port.o [1]
vPortExitCritical       0x0800263b   0x24  Code  Gb  port.o [1]
vPortFree               0x080028a7   0x4e  Code  Gb  heap_4.o [1]
vPortSetupTimerInterrupt
                        0x08002685   0x18  Code  Wk  port.o [1]
vPortStartFirstTask     0x08002a79         Code  Gb  portasm.o [1]
vPortValidateInterruptPriority
                        0x0800269d   0x42  Code  Gb  port.o [1]
vQueueDelete            0x080023ef   0x20  Code  Gb  queue.o [1]
vQueueUnregisterQueue   0x080024ff   0x1e  Code  Gb  queue.o [1]
vTaskDelay              0x0800191d   0x3a  Code  Gb  tasks.o [1]
vTaskMissedYield        0x08001cd3    0xa  Code  Gb  tasks.o [1]
vTaskPlaceOnEventList   0x08001b89   0x2c  Code  Gb  tasks.o [1]
vTaskPriorityInherit    0x08001e23   0x7c  Code  Gb  tasks.o [1]
vTaskSetTimeOutState    0x08001c53   0x20  Code  Gb  tasks.o [1]
vTaskStartScheduler     0x0800197d   0x5a  Code  Gb  tasks.o [1]
vTaskSuspendAll         0x080019d7    0xc  Code  Gb  tasks.o [1]
vTaskSwitchContext      0x08001b37   0x52  Code  Gb  tasks.o [1]
validate                0x08000f11   0x3e  Code  Lc  ff.o [1]
xBlockAllocatedBit      0x2000022c    0x4  Data  Lc  heap_4.o [1]
xDelayedTaskList1       0x200016d4   0x14  Data  Lc  tasks.o [1]
xDelayedTaskList2       0x200016e8   0x14  Data  Lc  tasks.o [1]
xFreeBytesRemaining     0x20000224    0x4  Data  Lc  heap_4.o [1]
xMinimumEverFreeBytesRemaining
                        0x20000228    0x4  Data  Lc  heap_4.o [1]
xNextTaskUnblockTime    0x200016cc    0x4  Data  Lc  tasks.o [1]
xNumOfOverflows         0x200016c4    0x4  Data  Lc  tasks.o [1]
xPendingReadyList       0x20001660   0x14  Data  Lc  tasks.o [1]
xPortStartScheduler     0x08002571   0x84  Code  Gb  port.o [1]
xPortSysTickHandler     0x0800265f   0x26  Code  Gb  port.o [1]
xQueueGenericCreate     0x08001fe3   0x54  Code  Gb  queue.o [1]
xQueueGenericReceive    0x0800221f  0x126  Code  Gb  queue.o [1]
xQueueGenericReset      0x08001f79   0x6a  Code  Gb  queue.o [1]
xQueueGenericSend       0x08002037  0x12a  Code  Gb  queue.o [1]
xQueueGiveFromISR       0x08002177   0x7a  Code  Gb  queue.o [1]
xQueueReceiveFromISR    0x08002355   0x6a  Code  Gb  queue.o [1]
xQueueRegistry          0x20001788   0x40  Data  Gb  queue.o [1]
xSchedulerRunning       0x200016b8    0x4  Data  Lc  tasks.o [1]
xStart                  0x20000218    0x8  Data  Lc  heap_4.o [1]
xSuspendedTaskList      0x20001698   0x14  Data  Lc  tasks.o [1]
xTaskCheckForTimeOut    0x08001c73   0x58  Code  Gb  tasks.o [1]
xTaskGenericCreate      0x080017fd  0x118  Code  Gb  tasks.o [1]
xTaskGetSchedulerState  0x08001e0d   0x16  Code  Gb  tasks.o [1]
xTaskIncrementTick      0x08001a7b   0xbc  Code  Gb  tasks.o [1]
xTaskPriorityDisinherit
                        0x08001e9f   0x88  Code  Gb  tasks.o [1]
xTaskRemoveFromEventList
                        0x08001be9   0x56  Code  Gb  tasks.o [1]
xTaskResumeAll          0x080019e3   0x98  Code  Gb  tasks.o [1]
xTasksWaitingTermination
                        0x20001674   0x14  Data  Lc  tasks.o [1]
xTickCount              0x200016b0    0x4  Data  Lc  tasks.o [1]
xYieldPending           0x200016c0    0x4  Data  Lc  tasks.o [1]


[1] = C:\Users\Benoit\Dev\Code\Benoit\SW9000\EWARM\SW9000\Obj
[2] = command line
[3] = dl7M_tlf.a
[4] = m7M_tls.a
[5] = rt7M_tl.a
[6] = shb_l.a

  26 114 bytes of readonly  code memory
      98 bytes of readonly  data memory
   6 193 bytes of readwrite data memory

Errors: none
Warnings: none
