###############################################################################
#
# IAR ELF Linker V7.60.1.11101/W32 for ARM                17/Apr/2016  14:09:59
# Copyright 2007-2016 IAR Systems AB.
#
#    Output file  =  
#        C:\Users\Benoit\Dev\Code\Benoit\SW9000\EWARM\SW9000\Exe\SW9000.out
#    Map file     =  
#        C:\Users\Benoit\Dev\Code\Benoit\SW9000\EWARM\SW9000\List\SW9000.map
#    Command line =  
#        C:\Users\Benoit\Dev\Code\Benoit\SW9000\EWARM\SW9000\Obj\cmsis_os.o
#        C:\Users\Benoit\Dev\Code\Benoit\SW9000\EWARM\SW9000\Obj\croutine.o
#        C:\Users\Benoit\Dev\Code\Benoit\SW9000\EWARM\SW9000\Obj\event_groups.o
#        C:\Users\Benoit\Dev\Code\Benoit\SW9000\EWARM\SW9000\Obj\freertos.o
#        C:\Users\Benoit\Dev\Code\Benoit\SW9000\EWARM\SW9000\Obj\heap_4.o
#        C:\Users\Benoit\Dev\Code\Benoit\SW9000\EWARM\SW9000\Obj\list.o
#        C:\Users\Benoit\Dev\Code\Benoit\SW9000\EWARM\SW9000\Obj\main.o
#        C:\Users\Benoit\Dev\Code\Benoit\SW9000\EWARM\SW9000\Obj\port.o
#        C:\Users\Benoit\Dev\Code\Benoit\SW9000\EWARM\SW9000\Obj\portasm.o
#        C:\Users\Benoit\Dev\Code\Benoit\SW9000\EWARM\SW9000\Obj\queue.o
#        C:\Users\Benoit\Dev\Code\Benoit\SW9000\EWARM\SW9000\Obj\startup_stm32l476xx.o
#        C:\Users\Benoit\Dev\Code\Benoit\SW9000\EWARM\SW9000\Obj\stm32l4xx_hal.o
#        C:\Users\Benoit\Dev\Code\Benoit\SW9000\EWARM\SW9000\Obj\stm32l4xx_hal_cortex.o
#        C:\Users\Benoit\Dev\Code\Benoit\SW9000\EWARM\SW9000\Obj\stm32l4xx_hal_dma.o
#        C:\Users\Benoit\Dev\Code\Benoit\SW9000\EWARM\SW9000\Obj\stm32l4xx_hal_flash.o
#        C:\Users\Benoit\Dev\Code\Benoit\SW9000\EWARM\SW9000\Obj\stm32l4xx_hal_flash_ex.o
#        C:\Users\Benoit\Dev\Code\Benoit\SW9000\EWARM\SW9000\Obj\stm32l4xx_hal_flash_ramfunc.o
#        C:\Users\Benoit\Dev\Code\Benoit\SW9000\EWARM\SW9000\Obj\stm32l4xx_hal_gpio.o
#        C:\Users\Benoit\Dev\Code\Benoit\SW9000\EWARM\SW9000\Obj\stm32l4xx_hal_i2c.o
#        C:\Users\Benoit\Dev\Code\Benoit\SW9000\EWARM\SW9000\Obj\stm32l4xx_hal_i2c_ex.o
#        C:\Users\Benoit\Dev\Code\Benoit\SW9000\EWARM\SW9000\Obj\stm32l4xx_hal_msp.o
#        C:\Users\Benoit\Dev\Code\Benoit\SW9000\EWARM\SW9000\Obj\stm32l4xx_hal_pwr.o
#        C:\Users\Benoit\Dev\Code\Benoit\SW9000\EWARM\SW9000\Obj\stm32l4xx_hal_pwr_ex.o
#        C:\Users\Benoit\Dev\Code\Benoit\SW9000\EWARM\SW9000\Obj\stm32l4xx_hal_rcc.o
#        C:\Users\Benoit\Dev\Code\Benoit\SW9000\EWARM\SW9000\Obj\stm32l4xx_hal_rcc_ex.o
#        C:\Users\Benoit\Dev\Code\Benoit\SW9000\EWARM\SW9000\Obj\stm32l4xx_hal_spi.o
#        C:\Users\Benoit\Dev\Code\Benoit\SW9000\EWARM\SW9000\Obj\stm32l4xx_hal_spi_ex.o
#        C:\Users\Benoit\Dev\Code\Benoit\SW9000\EWARM\SW9000\Obj\stm32l4xx_hal_tim.o
#        C:\Users\Benoit\Dev\Code\Benoit\SW9000\EWARM\SW9000\Obj\stm32l4xx_hal_tim_ex.o
#        C:\Users\Benoit\Dev\Code\Benoit\SW9000\EWARM\SW9000\Obj\stm32l4xx_hal_timebase_TIM.o
#        C:\Users\Benoit\Dev\Code\Benoit\SW9000\EWARM\SW9000\Obj\stm32l4xx_hal_uart.o
#        C:\Users\Benoit\Dev\Code\Benoit\SW9000\EWARM\SW9000\Obj\stm32l4xx_hal_uart_ex.o
#        C:\Users\Benoit\Dev\Code\Benoit\SW9000\EWARM\SW9000\Obj\stm32l4xx_it.o
#        C:\Users\Benoit\Dev\Code\Benoit\SW9000\EWARM\SW9000\Obj\system_stm32l4xx.o
#        C:\Users\Benoit\Dev\Code\Benoit\SW9000\EWARM\SW9000\Obj\tasks.o
#        C:\Users\Benoit\Dev\Code\Benoit\SW9000\EWARM\SW9000\Obj\timers.o
#        --redirect _Printf=_PrintfFull --redirect _Scanf=_ScanfFull -o
#        C:\Users\Benoit\Dev\Code\Benoit\SW9000\EWARM\SW9000\Exe\SW9000.out
#        --map
#        C:\Users\Benoit\Dev\Code\Benoit\SW9000\EWARM\SW9000\List\SW9000.map
#        --config
#        C:\Users\Benoit\Dev\Code\Benoit\SW9000\EWARM/stm32l476xx_flash.icf
#        --semihosting --entry __iar_program_start --vfe
#
###############################################################################

*******************************************************************************
*** RUNTIME MODEL ATTRIBUTES
***

CppFlavor                     = *
__Heap_Handler                = DLMalloc
__SystemLibrary               = DLib
__dlib_dynamic_initialization = normal


*******************************************************************************
*** PLACEMENT SUMMARY
***

"A1":  place at 0x08000000 { ro section .intvec };
"P1":  place in [from 0x08000000 to 0x080fffff] { ro };
"P2":  place in [from 0x20000000 to 0x20017fff] { rw, block CSTACK, block HEAP };
initialize by copy { rw };

  Section             Kind        Address    Size  Object
  -------             ----        -------    ----  ------
"A1":                                       0x188
  .intvec             ro code  0x08000000   0x188  startup_stm32l476xx.o [1]
                             - 0x08000188   0x188

"P1":                                      0x7c19
  .text               ro code  0x08000188  0x14f4  dlmalloc.o [3]
  .text               ro code  0x0800167c     0x6  abort.o [3]
  .text               ro code  0x08001682     0xa  xsprout.o [3]
  .text               ro code  0x0800168c    0x2c  xgetmemchunk.o [3]
  .text               ro code  0x080016b8    0x14  exit.o [6]
  .text               ro code  0x080016cc  0x119e  xprintffull.o [3]
  .text               ro code  0x0800286a    0x20  xmbtowc.o [3]
  .text               ro code  0x0800288c    0x16  strchr.o [5]
  .text               ro code  0x080028a4    0x36  strlen.o [5]
  .text               ro code  0x080028dc    0x58  memchr.o [5]
  .text               ro code  0x08002934     0xa  xmbcurmax.o [3]
  .text               ro code  0x0800293e    0x1a  xwctomb.o [3]
  .text               ro code  0x08002958    0x76  ABImemcpy_unaligned.o [5]
  .text               ro code  0x080029d0    0xee  I64DivMod.o [5]
  .text               ro code  0x08002abe    0x44  xdnorm.o [4]
  .text               ro code  0x08002b04    0x2e  DblCmpLe.o [4]
  .text               ro code  0x08002b34    0x2e  DblCmpGe.o [4]
  .text               ro code  0x08002b64   0x114  xdscale.o [4]
  .text               ro code  0x08002c78    0x58  DblToI32.o [4]
  .text               ro code  0x08002cd0    0x30  I32ToDbl.o [4]
  .text               ro code  0x08002d00   0x180  DblSub.o [4]
  .text               ro code  0x08002e80   0x1a2  DblMul.o [4]
  .text               ro code  0x08003024   0x256  DblDiv.o [4]
  .text               ro code  0x0800327c    0x6c  localeconv.o [3]
  .text               ro code  0x080032e8     0xe  div.o [3]
  .text               ro code  0x080032f8    0x28  setlocale.o [3]
  .text               ro code  0x08003320    0x60  xencoding_sb.o [3]
  .text               ro code  0x08003380     0x2  I64DivZer.o [5]
  .text               ro code  0x08003384    0xe8  DblAdd.o [4]
  .text               ro code  0x0800346c     0x2  xtls.o [3]
  .text               ro code  0x08003470   0xa8c  main.o [1]
  .text               ro code  0x08003efc    0x40  stm32l4xx_hal.o [1]
  .text               ro code  0x08003f3c   0x640  stm32l4xx_hal_uart.o [1]
  .text               ro code  0x0800457c   0x7da  stm32l4xx_hal_spi.o [1]
  .text               ro code  0x08004d58    0xc0  cmsis_os.o [1]
  .text               ro code  0x08004e18   0x6f4  stm32l4xx_hal_rcc.o [1]
  .text               ro code  0x0800550c   0x558  stm32l4xx_hal_rcc_ex.o [1]
  .text               ro code  0x08005a64    0x78  stm32l4xx_hal_pwr_ex.o [1]
  .text               ro code  0x08005adc    0xe8  stm32l4xx_hal_cortex.o [1]
  .text               ro code  0x08005bc4   0x1fa  stm32l4xx_hal_gpio.o [1]
  .text               ro code  0x08005dc0    0x34  sprintf.o [3]
  .text               ro code  0x08005df4    0xbc  atan.o [4]
  .text               ro code  0x08005eb0   0x172  xstod.o [4]
  .text               ro code  0x08006024    0x7c  stm32l4xx_hal_timebase_TIM.o [1]
  .text               ro code  0x080060a0   0x13c  stm32l4xx_hal_msp.o [1]
  .text               ro code  0x080061dc   0x6cc  tasks.o [1]
  .text               ro code  0x080068a8   0x1e8  port.o [1]
  .text               ro code  0x08006a90   0x1f0  xatan.o [4]
  .text               ro code  0x08006c80   0x122  xstopfx.o [3]
  .text               ro code  0x08006da4   0x1d0  xstoflt.o [3]
  .rodata             const    0x08006f74    0x34  main.o [1]
  .text               ro code  0x08006fa8   0x200  xdtento.o [4]
  .text               ro code  0x080071a8   0x234  xstoxflt.o [3]
  .text               ro code  0x080073dc   0x260  stm32l4xx_hal_tim.o [1]
  .text               ro code  0x0800763c    0x8e  list.o [1]
  .text               ro code  0x080076cc   0x1b4  heap_4.o [1]
  .text               ro code  0x08007880    0x3a  ABImemset48.o [5]
  CODE                ro code  0x080078bc    0xa8  portasm.o [1]
  .text               ro code  0x08007964    0x28  isxxx.o [3]
  .text               ro code  0x0800798c    0x20  DblCmpEq.o [4]
  .text               ro code  0x080079ac    0x52  xdunscal.o [4]
  .text               ro code  0x08007a00     0xc  errno.o [3]
  .text               ro code  0x08007a0c     0x4  stm32l4xx_hal_tim_ex.o [1]
  .text               ro code  0x08007a10    0x16  xlocale_c.o [3]
  .text               ro code  0x08007a26    0x14  xlocale_c.o [3]
  .text               ro code  0x08007a3c    0x8c  system_stm32l4xx.o [1]
  .text               ro code  0x08007ac8    0x40  zero_init3.o [5]
  .text               ro code  0x08007b08    0x38  stm32l4xx_it.o [1]
  .text               ro code  0x08007b40    0x38  packbits_init_single.o [5]
  .text               ro code  0x08007b78    0x28  data_init.o [5]
  .text               ro code  0x08007ba0    0x22  fpinit_M.o [4]
  .iar.init_table     const    0x08007bc4    0x20  - Linker created -
  .text               ro code  0x08007be4    0x1a  cmain.o [5]
  .text               ro code  0x08007bfe     0x4  low_level_init.o [3]
  .text               ro code  0x08007c02     0x4  exit.o [3]
  .text               ro code  0x08007c08     0xa  cexit.o [5]
  .text               ro code  0x08007c14    0x10  startup_stm32l476xx.o [1]
  .text               ro code  0x08007c24     0xc  cstartup_M.o [5]
  .rodata             const    0x08007c30     0x8  system_stm32l4xx.o [1]
  .text               ro code  0x08007c38     0x4  startup_stm32l476xx.o [1]
  .text               ro code  0x08007c3c     0x4  startup_stm32l476xx.o [1]
  .text               ro code  0x08007c40     0x4  startup_stm32l476xx.o [1]
  .text               ro code  0x08007c44     0x4  startup_stm32l476xx.o [1]
  .text               ro code  0x08007c48     0x4  startup_stm32l476xx.o [1]
  .text               ro code  0x08007c4c     0x4  startup_stm32l476xx.o [1]
  .text               ro code  0x08007c50     0x4  startup_stm32l476xx.o [1]
  .text               ro code  0x08007c54     0x4  startup_stm32l476xx.o [1]
  .text               ro code  0x08007c58     0x4  startup_stm32l476xx.o [1]
  .text               ro code  0x08007c5c     0x4  startup_stm32l476xx.o [1]
  .text               ro code  0x08007c60     0x4  startup_stm32l476xx.o [1]
  .text               ro code  0x08007c64     0x4  startup_stm32l476xx.o [1]
  .text               ro code  0x08007c68     0x4  startup_stm32l476xx.o [1]
  .text               ro code  0x08007c6c     0x4  startup_stm32l476xx.o [1]
  .text               ro code  0x08007c70     0x4  startup_stm32l476xx.o [1]
  .text               ro code  0x08007c74     0x4  startup_stm32l476xx.o [1]
  .text               ro code  0x08007c78     0x4  startup_stm32l476xx.o [1]
  .text               ro code  0x08007c7c     0x4  startup_stm32l476xx.o [1]
  .text               ro code  0x08007c80     0x4  startup_stm32l476xx.o [1]
  .text               ro code  0x08007c84     0x4  startup_stm32l476xx.o [1]
  .text               ro code  0x08007c88     0x4  startup_stm32l476xx.o [1]
  .text               ro code  0x08007c8c     0x4  startup_stm32l476xx.o [1]
  .text               ro code  0x08007c90     0x4  startup_stm32l476xx.o [1]
  .text               ro code  0x08007c94     0x4  startup_stm32l476xx.o [1]
  .text               ro code  0x08007c98     0x4  startup_stm32l476xx.o [1]
  .text               ro code  0x08007c9c     0x4  startup_stm32l476xx.o [1]
  .text               ro code  0x08007ca0     0x4  startup_stm32l476xx.o [1]
  .text               ro code  0x08007ca4     0x4  startup_stm32l476xx.o [1]
  .text               ro code  0x08007ca8     0x4  startup_stm32l476xx.o [1]
  .text               ro code  0x08007cac     0x4  startup_stm32l476xx.o [1]
  .text               ro code  0x08007cb0     0x4  startup_stm32l476xx.o [1]
  .text               ro code  0x08007cb4     0x4  startup_stm32l476xx.o [1]
  .text               ro code  0x08007cb8     0x4  startup_stm32l476xx.o [1]
  .text               ro code  0x08007cbc     0x4  startup_stm32l476xx.o [1]
  .text               ro code  0x08007cc0     0x4  startup_stm32l476xx.o [1]
  .text               ro code  0x08007cc4     0x4  startup_stm32l476xx.o [1]
  .text               ro code  0x08007cc8     0x4  startup_stm32l476xx.o [1]
  .text               ro code  0x08007ccc     0x4  startup_stm32l476xx.o [1]
  .text               ro code  0x08007cd0     0x4  startup_stm32l476xx.o [1]
  .text               ro code  0x08007cd4     0x4  startup_stm32l476xx.o [1]
  .text               ro code  0x08007cd8     0x4  startup_stm32l476xx.o [1]
  .text               ro code  0x08007cdc     0x4  startup_stm32l476xx.o [1]
  .text               ro code  0x08007ce0     0x4  startup_stm32l476xx.o [1]
  .text               ro code  0x08007ce4     0x4  startup_stm32l476xx.o [1]
  .text               ro code  0x08007ce8     0x4  startup_stm32l476xx.o [1]
  .text               ro code  0x08007cec     0x4  startup_stm32l476xx.o [1]
  .text               ro code  0x08007cf0     0x4  startup_stm32l476xx.o [1]
  .text               ro code  0x08007cf4     0x4  startup_stm32l476xx.o [1]
  .text               ro code  0x08007cf8     0x4  startup_stm32l476xx.o [1]
  .text               ro code  0x08007cfc     0x4  startup_stm32l476xx.o [1]
  .text               ro code  0x08007d00     0x4  startup_stm32l476xx.o [1]
  .text               ro code  0x08007d04     0x4  startup_stm32l476xx.o [1]
  .text               ro code  0x08007d08     0x4  startup_stm32l476xx.o [1]
  .text               ro code  0x08007d0c     0x4  startup_stm32l476xx.o [1]
  .text               ro code  0x08007d10     0x4  startup_stm32l476xx.o [1]
  .text               ro code  0x08007d14     0x4  startup_stm32l476xx.o [1]
  .text               ro code  0x08007d18     0x4  startup_stm32l476xx.o [1]
  .text               ro code  0x08007d1c     0x4  startup_stm32l476xx.o [1]
  .text               ro code  0x08007d20     0x4  startup_stm32l476xx.o [1]
  .text               ro code  0x08007d24     0x4  startup_stm32l476xx.o [1]
  .text               ro code  0x08007d28     0x4  startup_stm32l476xx.o [1]
  .text               ro code  0x08007d2c     0x4  startup_stm32l476xx.o [1]
  .text               ro code  0x08007d30     0x4  startup_stm32l476xx.o [1]
  .text               ro code  0x08007d34     0x4  startup_stm32l476xx.o [1]
  .text               ro code  0x08007d38     0x4  startup_stm32l476xx.o [1]
  .text               ro code  0x08007d3c     0x4  startup_stm32l476xx.o [1]
  .text               ro code  0x08007d40     0x4  startup_stm32l476xx.o [1]
  .text               ro code  0x08007d44     0x4  startup_stm32l476xx.o [1]
  .text               ro code  0x08007d48     0x4  startup_stm32l476xx.o [1]
  .text               ro code  0x08007d4c     0x4  startup_stm32l476xx.o [1]
  .text               ro code  0x08007d50     0x4  startup_stm32l476xx.o [1]
  .text               ro code  0x08007d54     0x4  startup_stm32l476xx.o [1]
  .text               ro code  0x08007d58     0x4  startup_stm32l476xx.o [1]
  .text               ro code  0x08007d5c     0x4  startup_stm32l476xx.o [1]
  .text               ro code  0x08007d60     0x4  startup_stm32l476xx.o [1]
  .text               ro code  0x08007d64     0x4  startup_stm32l476xx.o [1]
  .text               ro code  0x08007d68     0x4  startup_stm32l476xx.o [1]
  .text               ro code  0x08007d6c     0x4  startup_stm32l476xx.o [1]
  .text               ro code  0x08007d70     0x4  startup_stm32l476xx.o [1]
  .text               ro code  0x08007d74     0x4  startup_stm32l476xx.o [1]
  .text               ro code  0x08007d78     0x4  startup_stm32l476xx.o [1]
  .text               ro code  0x08007d7c     0x4  startup_stm32l476xx.o [1]
  .text               ro code  0x08007d80     0x4  startup_stm32l476xx.o [1]
  .text               ro code  0x08007d84     0x4  startup_stm32l476xx.o [1]
  .text               ro code  0x08007d88     0x4  startup_stm32l476xx.o [1]
  .rodata             const    0x08007d8c     0x0  zero_init3.o [5]
  .rodata             const    0x08007d8c     0x0  packbits_init_single.o [5]
  Initializer bytes   const    0x08007d8c    0x15  <for P2-1>
                             - 0x08007da1  0x7c19

"P2", part 1 of 3:                          0x110
  P2-1                         0x20000000   0x110  <Init block>
    .data             inited   0x20000000     0xc  port.o [1]
    .data             inited   0x2000000c     0x4  system_stm32l4xx.o [1]
    __DLIB_PERTHREAD  inited   0x20000010    0x88  localeconv.o [3]
    __DLIB_PERTHREAD  inited   0x20000098     0x4  errno.o [3]
    __DLIB_PERTHREAD  inited   0x2000009c    0x74  setlocale.o [3]
                             - 0x20000110   0x110

"P2", part 2 of 3:                          0x600
  CSTACK                       0x20000110   0x200  <Block>
    CSTACK            uninit   0x20000110   0x200  <Block tail>
  HEAP                         0x20000310   0x400  <Block>
    HEAP              uninit   0x20000310   0x400  <Block tail>
                             - 0x20000710   0x600

"P2", part 3 of 3:                         0x1854
  .bss                zero     0x20000710  0x13a0  heap_4.o [1]
  .bss                zero     0x20001ab0   0x1d8  dlmalloc.o [3]
  .bss                zero     0x20001c88    0x9c  tasks.o [1]
  .bss                zero     0x20001d24    0x8c  tasks.o [1]
  .bss                zero     0x20001db0    0x80  main.o [1]
  .bss                zero     0x20001e30    0x70  main.o [1]
  .bss                zero     0x20001ea0    0x68  main.o [1]
  .bss                zero     0x20001f08    0x3c  stm32l4xx_hal_timebase_TIM.o [1]
  .bss                zero     0x20001f44    0x18  dlmalloc.o [3]
  .bss                zero     0x20001f5c     0x4  stm32l4xx_hal.o [1]
  .bss                zero     0x20001f60     0x4  xgetmemchunk.o [3]
                             - 0x20001f64  0x1854


*******************************************************************************
*** INIT TABLE
***

          Address     Size
          -------     ----
Zero (__iar_zero_init3)
    1 destination range, total size 0x1854:
          0x20000710  0x1854

Copy/packbits (__iar_packbits_init_single3)
    1 source range, total size 0x15 (7% of destination):
          0x08007d8c    0x15
    1 destination range, total size 0x110:
          0x20000000   0x110



*******************************************************************************
*** MODULE SUMMARY
***

    Module                        ro code  ro data  rw data
    ------                        -------  -------  -------
C:\Users\Benoit\Dev\Code\Benoit\SW9000\EWARM\SW9000\Obj: [1]
    cmsis_os.o                        192
    heap_4.o                          436             5 024
    list.o                            142
    main.o                          2 700       52      344
    port.o                            488                12
    portasm.o                         168
    startup_stm32l476xx.o             748
    stm32l4xx_hal.o                    64                 4
    stm32l4xx_hal_cortex.o            232
    stm32l4xx_hal_gpio.o              506
    stm32l4xx_hal_msp.o               316
    stm32l4xx_hal_pwr_ex.o            120
    stm32l4xx_hal_rcc.o             1 780
    stm32l4xx_hal_rcc_ex.o          1 368
    stm32l4xx_hal_spi.o             2 010
    stm32l4xx_hal_tim.o               608
    stm32l4xx_hal_tim_ex.o              4
    stm32l4xx_hal_timebase_TIM.o      124                60
    stm32l4xx_hal_uart.o            1 600
    stm32l4xx_it.o                     56
    system_stm32l4xx.o                140        9        4
    tasks.o                         1 740               296
    -------------------------------------------------------
    Total:                         15 542       61    5 744

command line: [2]
    -------------------------------------------------------
    Total:

dl7M_tlf.a: [3]
    abort.o                             6
    div.o                              14
    dlmalloc.o                      5 364               496
    errno.o                            12        1        4
    exit.o                              4
    isxxx.o                            40
    localeconv.o                      108       10      136
    low_level_init.o                    4
    setlocale.o                        40        9      116
    sprintf.o                          52
    xencoding_sb.o                     96
    xgetmemchunk.o                     44                 4
    xlocale_c.o                        42
    xmbcurmax.o                        10
    xmbtowc.o                          32
    xprintffull.o                   4 510
    xsprout.o                          10
    xstoflt.o                         464
    xstopfx.o                         290
    xstoxflt.o                        564
    xtls.o                              2
    xwctomb.o                          26
    -------------------------------------------------------
    Total:                         11 734       20      756

m7M_tls.a: [4]
    DblAdd.o                          232
    DblCmpEq.o                         32
    DblCmpGe.o                         46
    DblCmpLe.o                         46
    DblDiv.o                          598
    DblMul.o                          418
    DblSub.o                          384
    DblToI32.o                         88
    I32ToDbl.o                         48
    atan.o                            188
    fpinit_M.o                         34
    xatan.o                           496
    xdnorm.o                           68
    xdscale.o                         276
    xdtento.o                         512
    xdunscal.o                         82
    xstod.o                           370
    -------------------------------------------------------
    Total:                          3 918

rt7M_tl.a: [5]
    ABImemcpy_unaligned.o             118
    ABImemset48.o                      58
    I64DivMod.o                       238
    I64DivZer.o                         2
    cexit.o                            10
    cmain.o                            26
    cstartup_M.o                       12
    data_init.o                        40
    memchr.o                           88
    packbits_init_single.o             56
    strchr.o                           22
    strlen.o                           54
    zero_init3.o                       64
    -------------------------------------------------------
    Total:                            788

shb_l.a: [6]
    exit.o                             20
    -------------------------------------------------------
    Total:                             20

    Gaps                               44        2
    Linker created                              32    1 536
-----------------------------------------------------------
    Grand Total:                   32 046      115    8 036


*******************************************************************************
*** ENTRY LIST
***

Entry                      Address    Size  Type      Object
-----                      -------    ----  ----      ------
.iar.init_table$$Base   0x08007bc4           --   Gb  - Linker created -
.iar.init_table$$Limit  0x08007be4           --   Gb  - Linker created -
?main                   0x08007be5          Code  Gb  cmain.o [5]
AHBPrescTable           0x08007a88    0x10  Data  Gb  system_stm32l4xx.o [1]
APBPrescTable           0x08007c30     0x8  Data  Gb  system_stm32l4xx.o [1]
CSTACK$$Base            0x20000110           --   Gb  - Linker created -
CSTACK$$Limit           0x20000310           --   Gb  - Linker created -
EXTI0_IRQHandler        0x08007b0d    0x24  Code  Gb  stm32l4xx_it.o [1]
HAL_Delay               0x08003f23    0x16  Code  Wk  stm32l4xx_hal.o [1]
HAL_GPIO_EXTI_Callback  0x08005dbd     0x2  Code  Wk  stm32l4xx_hal_gpio.o [1]
HAL_GPIO_EXTI_IRQHandler
                        0x08005d7f    0x14  Code  Gb  stm32l4xx_hal_gpio.o [1]
HAL_GPIO_Init           0x08005bc5   0x1a4  Code  Gb  stm32l4xx_hal_gpio.o [1]
HAL_GPIO_ReadPin        0x08005d69     0xc  Code  Gb  stm32l4xx_hal_gpio.o [1]
HAL_GPIO_WritePin       0x08005d75     0xa  Code  Gb  stm32l4xx_hal_gpio.o [1]
HAL_GetTick             0x08003f1d     0x6  Code  Wk  stm32l4xx_hal.o [1]
HAL_IncTick             0x08003f13     0xa  Code  Wk  stm32l4xx_hal.o [1]
HAL_Init                0x08003efd    0x16  Code  Gb  stm32l4xx_hal.o [1]
HAL_InitTick            0x08006025    0x66  Code  Gb  stm32l4xx_hal_timebase_TIM.o [1]
HAL_MspInit             0x080060a1    0x5c  Code  Gb  stm32l4xx_hal_msp.o [1]
HAL_NVIC_ClearPendingIRQ
                        0x08005b87     0xc  Code  Gb  stm32l4xx_hal_cortex.o [1]
HAL_NVIC_EnableIRQ      0x08005b4b     0xc  Code  Gb  stm32l4xx_hal_cortex.o [1]
HAL_NVIC_SetPriority    0x08005b11    0x3a  Code  Gb  stm32l4xx_hal_cortex.o [1]
HAL_NVIC_SetPriorityGrouping
                        0x08005af7    0x1a  Code  Gb  stm32l4xx_hal_cortex.o [1]
HAL_PWREx_ControlVoltageScaling
                        0x08005a71    0x60  Code  Gb  stm32l4xx_hal_pwr_ex.o [1]
HAL_PWREx_GetVoltageRange
                        0x08005a65     0xc  Code  Gb  stm32l4xx_hal_pwr_ex.o [1]
HAL_RCCEx_PeriphCLKConfig
                        0x0800550d   0x3ca  Code  Gb  stm32l4xx_hal_rcc_ex.o [1]
HAL_RCC_ClockConfig     0x08005207   0x122  Code  Gb  stm32l4xx_hal_rcc.o [1]
HAL_RCC_GetClockConfig  0x08005429    0x34  Code  Gb  stm32l4xx_hal_rcc.o [1]
HAL_RCC_GetHCLKFreq     0x080053ff     0x6  Code  Gb  stm32l4xx_hal_rcc.o [1]
HAL_RCC_GetPCLK1Freq    0x08005405    0x10  Code  Gb  stm32l4xx_hal_rcc.o [1]
HAL_RCC_GetPCLK2Freq    0x08005415     0xe  Code  Gb  stm32l4xx_hal_rcc.o [1]
HAL_RCC_GetSysClockFreq
                        0x08005351    0xae  Code  Gb  stm32l4xx_hal_rcc.o [1]
HAL_RCC_OscConfig       0x08004e19   0x3ae  Code  Gb  stm32l4xx_hal_rcc.o [1]
HAL_SPI_Init            0x0800457d    0xb4  Code  Gb  stm32l4xx_hal_spi.o [1]
HAL_SPI_MspInit         0x080060fd    0x48  Code  Gb  stm32l4xx_hal_msp.o [1]
HAL_SPI_Receive         0x08004763   0x1bc  Code  Gb  stm32l4xx_hal_spi.o [1]
HAL_SPI_Transmit        0x08004631   0x132  Code  Gb  stm32l4xx_hal_spi.o [1]
HAL_SPI_TransmitReceive
                        0x08004951   0x22a  Code  Gb  stm32l4xx_hal_spi.o [1]
HAL_SYSTICK_CLKSourceConfig
                        0x08005b93    0x16  Code  Gb  stm32l4xx_hal_cortex.o [1]
HAL_SYSTICK_Config      0x08005b5f    0x28  Code  Gb  stm32l4xx_hal_cortex.o [1]
HAL_TIMEx_BreakCallback
                        0x08007a0f     0x2  Code  Wk  stm32l4xx_hal_tim_ex.o [1]
HAL_TIMEx_CommutationCallback
                        0x08007a0d     0x2  Code  Wk  stm32l4xx_hal_tim_ex.o [1]
HAL_TIM_Base_Init       0x080073dd    0x1a  Code  Gb  stm32l4xx_hal_tim.o [1]
HAL_TIM_Base_MspInit    0x080073f7     0x2  Code  Wk  stm32l4xx_hal_tim.o [1]
HAL_TIM_Base_Start_IT   0x080073f9    0x16  Code  Gb  stm32l4xx_hal_tim.o [1]
HAL_TIM_IC_CaptureCallback
                        0x08007577     0x2  Code  Wk  stm32l4xx_hal_tim.o [1]
HAL_TIM_IRQHandler      0x0800742b   0x14a  Code  Gb  stm32l4xx_hal_tim.o [1]
HAL_TIM_OC_DelayElapsedCallback
                        0x08007575     0x2  Code  Wk  stm32l4xx_hal_tim.o [1]
HAL_TIM_PWM_PulseFinishedCallback
                        0x08007579     0x2  Code  Wk  stm32l4xx_hal_tim.o [1]
HAL_TIM_PeriodElapsedCallback
                        0x0800609d     0x4  Code  Gb  stm32l4xx_hal_timebase_TIM.o [1]
HAL_TIM_TriggerCallback
                        0x0800757b     0x2  Code  Wk  stm32l4xx_hal_tim.o [1]
HAL_UART_Init           0x08003f3d    0x30  Code  Gb  stm32l4xx_hal_uart.o [1]
HAL_UART_MspInit        0x08006157    0x5a  Code  Gb  stm32l4xx_hal_msp.o [1]
HAL_UART_Receive        0x08004057    0xd0  Code  Gb  stm32l4xx_hal_uart.o [1]
HAL_UART_Transmit       0x08003fb9    0x9e  Code  Gb  stm32l4xx_hal_uart.o [1]
HEAP$$Base              0x20000310           --   Gb  - Linker created -
HEAP$$Limit             0x20000710           --   Gb  - Linker created -
LoadInt                 0x08001d3b    0x70  Code  Lc  xprintffull.o [3]
MSIRangeTable           0x08007a98    0x30  Data  Gb  system_stm32l4xx.o [1]
MX_GPIO_Init            0x0800361d   0x104  Code  Lc  main.o [1]
NVIC_SetPriority        0x08005add    0x1a  Code  Lc  stm32l4xx_hal_cortex.o [1]
PendSV_Handler          0x080078bd          Code  Gb  portasm.o [1]
RCCEx_PLLSAI1_ConfigNP  0x08005901    0x48  Code  Lc  stm32l4xx_hal_rcc_ex.o [1]
RCCEx_PLLSAI1_ConfigNQ  0x08005969    0x54  Code  Lc  stm32l4xx_hal_rcc_ex.o [1]
RCCEx_PLLSAI2_ConfigNP  0x080059cf    0x50  Code  Lc  stm32l4xx_hal_rcc_ex.o [1]
RCC_SetFlashLatencyFromMSIRange
                        0x0800545d    0x76  Code  Lc  stm32l4xx_hal_rcc.o [1]
Region$$Table$$Base     0x08007bc4           --   Gb  - Linker created -
Region$$Table$$Limit    0x08007be4           --   Gb  - Linker created -
SPI_EndRxTransaction    0x08004cc3    0x5e  Code  Lc  stm32l4xx_hal_spi.o [1]
SPI_EndRxTxTransaction  0x08004d21    0x20  Code  Lc  stm32l4xx_hal_spi.o [1]
SPI_WaitFifoStateUntilTimeout
                        0x08004c0f    0x68  Code  Lc  stm32l4xx_hal_spi.o [1]
SPI_WaitFlagStateUntilTimeout
                        0x08004bbf    0x50  Code  Lc  stm32l4xx_hal_spi.o [1]
SVC_Handler             0x08007915          Code  Gb  portasm.o [1]
StartCompassTask        0x08003ba5    0x9a  Code  Gb  main.o [1]
StartDefaultTask        0x08003dc5    0x32  Code  Gb  main.o [1]
StartLaserTask          0x08003c65   0x14a  Code  Gb  main.o [1]
StartVibratorTask       0x08003b5f    0x36  Code  Gb  main.o [1]
SysTick_Handler         0x08007b09     0x4  Code  Gb  stm32l4xx_it.o [1]
SystemClock_Config      0x0800357d    0xa0  Code  Gb  main.o [1]
SystemCoreClock         0x2000000c     0x4  Data  Gb  system_stm32l4xx.o [1]
SystemInit              0x08007a3d    0x3c  Code  Gb  system_stm32l4xx.o [1]
TIM1_UP_TIM16_IRQHandler
                        0x08007b31     0x6  Code  Gb  stm32l4xx_it.o [1]
TIM_Base_SetConfig      0x0800757d    0x9e  Code  Gb  stm32l4xx_hal_tim.o [1]
UART_AdvFeatureConfig   0x080043c7    0xc6  Code  Gb  stm32l4xx_hal_uart.o [1]
UART_CheckIdleState     0x0800448d    0x4a  Code  Gb  stm32l4xx_hal_uart.o [1]
UART_SetConfig          0x0800412d   0x260  Code  Gb  stm32l4xx_hal_uart.o [1]
UART_WaitOnFlagUntilTimeout
                        0x080044d9    0x8a  Code  Gb  stm32l4xx_hal_uart.o [1]
_EncodingSb_Mbtowc      0x0800333b    0x30  Code  Gb  xencoding_sb.o [3]
_EncodingSb_Mbtowc::initial
                        0x08003378     0x8  Data  Lc  xencoding_sb.o [3]
_EncodingSb_Wctomb      0x08003321    0x1a  Code  Gb  xencoding_sb.o [3]
_EncodingSb_Wctomb::initial
                        0x08003370     0x8  Data  Lc  xencoding_sb.o [3]
_GenldFull              0x080025cd   0x254  Code  Lc  xprintffull.o [3]
_IsdstStr               0x200000a0     0x4  Data  Gb  setlocale.o [3]
_LdtobFull              0x080021c1   0x406  Code  Lc  xprintffull.o [3]
_LitobFull              0x080020b7   0x10a  Code  Lc  xprintffull.o [3]
_LocaleC_isalpha        0x08007a11    0x16  Code  Gb  xlocale_c.o [3]
_LocaleC_isspace        0x08007a27    0x14  Code  Gb  xlocale_c.o [3]
_LocaleEncoding         0x0800330d     0xe  Code  Gb  setlocale.o [3]
_LocaleForCat           0x080032f9    0x14  Code  Gb  setlocale.o [3]
_LocaleReturnString     0x200000c0    0x50  Data  Lc  setlocale.o [3]
_Locale_Profile         0x200000a4    0x1c  Data  Gb  setlocale.o [3]
_Locale_aeabi_lconv     0x20000060    0x38  Data  Gb  localeconv.o [3]
_Locale_lconv           0x20000010    0x50  Data  Gb  localeconv.o [3]
_Mbtowc                 0x0800286b    0x20  Code  Gb  xmbtowc.o [3]
_PrintfFull             0x080016cd   0x658  Code  Gb  xprintffull.o [3]
_PutcharsFull           0x08002821    0x2e  Code  Lc  xprintffull.o [3]
_PutstrFull             0x08001dab   0x306  Code  Lc  xprintffull.o [3]
_SProut                 0x08001683     0xa  Code  Gb  xsprout.o [3]
_Stoflt                 0x08006da5   0x1d0  Code  Gb  xstoflt.o [3]
_Stopfx                 0x08006c81   0x122  Code  Gb  xstopfx.o [3]
_Stoxflt                0x080071a9   0x1fa  Code  Gb  xstoxflt.o [3]
_Stoxflt::digits        0x080073ac    0x18  Data  Lc  xstoxflt.o [3]
_Stoxflt::vals          0x080073c4    0x18  Data  Lc  xstoxflt.o [3]
_TzoneStr               0x2000009c     0x4  Data  Gb  setlocale.o [3]
_Wctomb                 0x0800293f    0x1a  Code  Gb  xwctomb.o [3]
__aeabi_cdcmpeq         0x0800798d          Code  Gb  DblCmpEq.o [4]
__aeabi_cdcmple         0x08002b05          Code  Gb  DblCmpLe.o [4]
__aeabi_cdrcmple        0x08002b35          Code  Gb  DblCmpGe.o [4]
__aeabi_d2iz            0x08002c79          Code  Gb  DblToI32.o [4]
__aeabi_d2uiz           0x08002ca5          Code  Gb  DblToI32.o [4]
__aeabi_dadd            0x08003385          Code  Gb  DblAdd.o [4]
__aeabi_ddiv            0x08003025          Code  Gb  DblDiv.o [4]
__aeabi_dmul            0x08002e81          Code  Gb  DblMul.o [4]
__aeabi_dsub            0x08002d01          Code  Gb  DblSub.o [4]
__aeabi_errno_addr      0x08007a01     0x6  Code  Gb  errno.o [3]
__aeabi_i2d             0x08002cd1          Code  Gb  I32ToDbl.o [4]
__aeabi_ldiv0           0x08003381          Code  Gb  I64DivZer.o [5]
__aeabi_memset4         0x08007881          Code  Gb  ABImemset48.o [5]
__aeabi_memset8         0x08007881          Code  Gb  ABImemset48.o [5]
__aeabi_ui2d            0x08002ce5          Code  Gb  I32ToDbl.o [4]
__aeabi_uldivmod        0x080029d1          Code  Gb  I64DivMod.o [5]
__cmain                 0x08007be5          Code  Gb  cmain.o [5]
__data_GetMemChunk      0x0800168d    0x2c  Code  Gb  xgetmemchunk.o [3]
__data_GetMemChunk::start
                        0x20001f60     0x4  Data  Lc  xgetmemchunk.o [3]
__exit                  0x080016b9    0x14  Code  Gb  exit.o [6]
__iar_Atan              0x08006a91   0x158  Code  Gb  xatan.o [4]
__iar_Dnorm             0x08002abf    0x44  Code  Gb  xdnorm.o [4]
__iar_Dscale            0x08002b65   0x114  Code  Gb  xdscale.o [4]
__iar_Dtentox           0x08007005   0x140  Code  Gb  xdtento.o [4]
__iar_Dunscale          0x080079ad    0x52  Code  Gb  xdunscal.o [4]
__iar_Errno             0x20000098     0x4  Data  Gb  errno.o [3]
__iar_Locale_lconv_init
                        0x0800327d    0x3a  Code  Gb  localeconv.o [3]
__iar_Mbcurmax          0x08002935     0xa  Code  Gb  xmbcurmax.o [3]
__iar_Memchr            0x080028dd          Code  Gb  memchr.o [5]
__iar_Memset4_word      0x08007889          Code  Gb  ABImemset48.o [5]
__iar_Memset8_word      0x08007889          Code  Gb  ABImemset48.o [5]
__iar_Stodx             0x08005eb1   0x150  Code  Gb  xstod.o [4]
__iar_Strchr            0x0800288d          Code  Gb  strchr.o [5]
__iar_d2uiz             0x08002cb1          Code  Gb  DblToI32.o [4]
__iar_dadd              0x08003399          Code  Gb  DblAdd.o [4]
__iar_data_init3        0x08007b79    0x28  Code  Gb  data_init.o [5]
__iar_dlfree            0x0800115b   0x51a  Code  Gb  dlmalloc.o [3]
__iar_dlib_perthread_access
                        0x0800346d     0x2  Code  Gb  xtls.o [3]
__iar_dlmalloc          0x08000ea5   0x2aa  Code  Gb  dlmalloc.o [3]
__iar_dsub              0x08002d15          Code  Gb  DblSub.o [4]
__iar_dsubStart         0x08002d27          Code  Gb  DblSub.o [4]
__iar_init_vfp          0x08007ba1          Code  Gb  fpinit_M.o [4]
__iar_packbits_init_single3
                        0x08007b41    0x38  Code  Gb  packbits_init_single.o [5]
__iar_program_start     0x08007c25          Code  Gb  cstartup_M.o [5]
__iar_ui2d              0x08002ce9          Code  Gb  I32ToDbl.o [4]
__iar_unaligned___aeabi_memcpy
                        0x08002959          Code  Gb  ABImemcpy_unaligned.o [5]
__iar_unaligned___aeabi_memcpy4
                        0x08002979          Code  Gb  ABImemcpy_unaligned.o [5]
__iar_unaligned___aeabi_memcpy8
                        0x08002979          Code  Gb  ABImemcpy_unaligned.o [5]
__iar_vfp___iar_Stod    0x08006015     0x4  Code  Gb  xstod.o [4]
__iar_vfp_atan          0x08005ea1    0x10  Code  Gb  atan.o [4]
__iar_zero_init3        0x08007ac9    0x40  Code  Gb  zero_init3.o [5]
__low_level_init        0x08007bff     0x4  Code  Gb  low_level_init.o [3]
__vector_table          0x08000000          Data  Gb  startup_stm32l476xx.o [1]
_call_main              0x08007bf1          Code  Gb  cmain.o [5]
_exit                   0x08007c09          Code  Gb  cexit.o [5]
_gm_                    0x20001ab0   0x1d8  Data  Lc  dlmalloc.o [3]
_main                   0x08007bfb          Code  Gb  cmain.o [5]
a                       0x08006c40    0x40  Data  Lc  xatan.o [4]
abort                   0x0800167d     0x6  Code  Gb  abort.o [3]
atan                    0x08005df5    0x98  Code  Gb  atan.o [4]
compassTaskHandle       0x20001f04     0x4  Data  Gb  main.o [1]
compass_calibrate       0x080039a5    0x78  Code  Gb  main.o [1]
compass_dbg_uartout     0x0800372d   0x104  Code  Gb  main.o [1]
compass_getAngle        0x08003a89    0xaa  Code  Gb  main.o [1]
compass_processInput    0x08003925    0x80  Code  Gb  main.o [1]
compass_send_SPI        0x0800383f    0x4c  Code  Gb  main.o [1]
compass_takemeasurement
                        0x08003a29    0x32  Code  Gb  main.o [1]
compass_uart            0x0800388b    0x80  Code  Gb  main.o [1]
debugging               0x20001db1     0x1  Data  Gb  main.o [1]
defaultTaskHandle       0x20001e24     0x4  Data  Gb  main.o [1]
div                     0x080032e9     0xe  Code  Gb  div.o [3]
dmul                    0x08006fa9    0x5a  Code  Lc  xdtento.o [4]
exit                    0x08007c03     0x4  Code  Gb  exit.o [3]
hspi2                   0x20001ea0    0x64  Data  Gb  main.o [1]
htim1                   0x20001f08    0x3c  Data  Gb  stm32l4xx_hal_timebase_TIM.o [1]
huart2                  0x20001e30    0x70  Data  Gb  main.o [1]
huart4                  0x20001db4    0x70  Data  Gb  main.o [1]
inHandlerMode           0x08004d65     0xc  Code  Lc  cmsis_os.o [1]
init_mparams            0x080001a5    0x32  Code  Lc  dlmalloc.o [3]
init_top                0x080001d7    0x34  Code  Lc  dlmalloc.o [3]
isalpha                 0x08007965    0x14  Code  Gb  isxxx.o [3]
isspace                 0x08007979    0x14  Code  Gb  isxxx.o [3]
laserTaskHandle         0x20001e28     0x4  Data  Gb  main.o [1]
localeconv              0x080032b7    0x16  Code  Gb  localeconv.o [3]
main                    0x08003471   0x10c  Code  Gb  main.o [1]
makeFreeRtosPriority    0x08004d59     0xc  Code  Lc  cmsis_os.o [1]
memchr                  0x080028dd          Code  Gb  memchr.o [5]
mparams                 0x20001f44    0x18  Data  Lc  dlmalloc.o [3]
osDelay                 0x08004db1     0xe  Code  Gb  cmsis_os.o [1]
osKernelStart           0x08004d71     0xa  Code  Gb  cmsis_os.o [1]
osSystickHandler        0x08004dd9    0x14  Code  Gb  cmsis_os.o [1]
osThreadCreate          0x08004d7b    0x36  Code  Gb  cmsis_os.o [1]
osThreadResume          0x08004df7    0x22  Code  Gb  cmsis_os.o [1]
osThreadSuspend         0x08004ded     0xa  Code  Gb  cmsis_os.o [1]
pows                    0x08007160    0x48  Data  Lc  xdtento.o [4]
prepend_alloc           0x0800020b   0x372  Code  Lc  dlmalloc.o [3]
prvAddCurrentTaskToDelayedList
                        0x080067b7    0x30  Code  Lc  tasks.o [1]
prvAllocateTCBAndStack  0x080067e7    0x38  Code  Lc  tasks.o [1]
prvIdleTask             0x08006709    0x5a  Code  Lc  tasks.o [1]
prvInitialiseTCBVariables
                        0x08006763    0x54  Code  Lc  tasks.o [1]
prvInsertBlockIntoFreeList
                        0x08007833    0x46  Code  Lc  heap_4.o [1]
prvResetNextTaskUnblockTime
                        0x0800681f    0x1a  Code  Lc  tasks.o [1]
prvTaskExitError        0x080068cd    0x28  Code  Lc  port.o [1]
prvTaskIsTaskSuspended  0x080063ef    0x2c  Code  Lc  tasks.o [1]
pvPortMalloc            0x080076cd    0xf8  Code  Gb  heap_4.o [1]
pxCurrentTCB            0x20001cb0     0x4  Data  Gb  tasks.o [1]
pxDelayedTaskList       0x20001cb4     0x4  Data  Lc  tasks.o [1]
pxEnd                   0x20000718     0x4  Data  Lc  heap_4.o [1]
pxOverflowDelayedTaskList
                        0x20001cb8     0x4  Data  Lc  tasks.o [1]
pxPortInitialiseStack   0x080068a9    0x22  Code  Gb  port.o [1]
pxReadyTasksLists       0x20001d24    0x8c  Data  Lc  tasks.o [1]
segment_holding         0x08000189    0x1c  Code  Lc  dlmalloc.o [3]
sprintf                 0x08005dc1    0x34  Code  Gb  sprintf.o [3]
strchr                  0x0800288d          Code  Gb  strchr.o [5]
strlen                  0x080028a5          Code  Gb  strlen.o [5]
sys_alloc               0x0800057d   0x388  Code  Lc  dlmalloc.o [3]
tmalloc_large           0x08000911   0x380  Code  Lc  dlmalloc.o [3]
tmalloc_small           0x08000c91   0x206  Code  Lc  dlmalloc.o [3]
ucHeap                  0x20000728  0x1388  Data  Lc  heap_4.o [1]
ucMaxSysCallPriority    0x20000000     0x1  Data  Lc  port.o [1]
ulMaxPRIGROUPValue      0x20000008     0x4  Data  Lc  port.o [1]
uwTick                  0x20001f5c     0x4  Data  Gb  stm32l4xx_hal.o [1]
uxCriticalNesting       0x20000004     0x4  Data  Lc  port.o [1]
uxCurrentNumberOfTasks  0x20001cd4     0x4  Data  Lc  tasks.o [1]
uxListRemove            0x080076a7    0x24  Code  Gb  list.o [1]
uxPendedTicks           0x20001ce4     0x4  Data  Lc  tasks.o [1]
uxSchedulerSuspended    0x20001cf8     0x4  Data  Lc  tasks.o [1]
uxTaskNumber            0x20001cf0     0x4  Data  Lc  tasks.o [1]
uxTasksDeleted          0x20001cbc     0x4  Data  Lc  tasks.o [1]
uxTopReadyPriority      0x20001cdc     0x4  Data  Lc  tasks.o [1]
vListInitialise         0x0800763d    0x1a  Code  Gb  list.o [1]
vListInitialiseItem     0x08007657     0x6  Code  Gb  list.o [1]
vListInsert             0x08007675    0x32  Code  Gb  list.o [1]
vListInsertEnd          0x0800765d    0x18  Code  Gb  list.o [1]
vPortEnableVFP          0x08007949          Code  Gb  portasm.o [1]
vPortEnterCritical      0x0800698d    0x32  Code  Gb  port.o [1]
vPortExitCritical       0x080069bf    0x24  Code  Gb  port.o [1]
vPortFree               0x080077d7    0x4e  Code  Gb  heap_4.o [1]
vPortSetupTimerInterrupt
                        0x08006a09    0x18  Code  Wk  port.o [1]
vPortStartFirstTask     0x08007931          Code  Gb  portasm.o [1]
vPortValidateInterruptPriority
                        0x08006a21    0x42  Code  Gb  port.o [1]
vTaskDelay              0x080062fd    0x3a  Code  Gb  tasks.o [1]
vTaskResume             0x0800641b    0x4a  Code  Gb  tasks.o [1]
vTaskStartScheduler     0x080064e1    0x5a  Code  Gb  tasks.o [1]
vTaskSuspend            0x08006337    0x50  Code  Gb  tasks.o [1]
vTaskSuspendAll         0x0800653b     0xc  Code  Gb  tasks.o [1]
vTaskSwitchContext      0x0800669b    0x52  Code  Gb  tasks.o [1]
vibrationLv             0x20001db0     0x1  Data  Gb  main.o [1]
vibratorTaskHandle      0x20001e2c     0x4  Data  Gb  main.o [1]
xBlockAllocatedBit      0x20000724     0x4  Data  Lc  heap_4.o [1]
xDelayedTaskList1       0x20001cfc    0x14  Data  Lc  tasks.o [1]
xDelayedTaskList2       0x20001d10    0x14  Data  Lc  tasks.o [1]
xFreeBytesRemaining     0x2000071c     0x4  Data  Lc  heap_4.o [1]
xMinimumEverFreeBytesRemaining
                        0x20000720     0x4  Data  Lc  heap_4.o [1]
xNextTaskUnblockTime    0x20001cf4     0x4  Data  Lc  tasks.o [1]
xNumOfOverflows         0x20001cec     0x4  Data  Lc  tasks.o [1]
xPendingReadyList       0x20001c88    0x14  Data  Lc  tasks.o [1]
xPortStartScheduler     0x080068f5    0x84  Code  Gb  port.o [1]
xPortSysTickHandler     0x080069e3    0x26  Code  Gb  port.o [1]
xSchedulerRunning       0x20001ce0     0x4  Data  Lc  tasks.o [1]
xStart                  0x20000710     0x8  Data  Lc  heap_4.o [1]
xSuspendedTaskList      0x20001cc0    0x14  Data  Lc  tasks.o [1]
xTaskGenericCreate      0x080061dd   0x118  Code  Gb  tasks.o [1]
xTaskGetSchedulerState  0x08006839    0x16  Code  Gb  tasks.o [1]
xTaskIncrementTick      0x080065df    0xbc  Code  Gb  tasks.o [1]
xTaskResumeAll          0x08006547    0x98  Code  Gb  tasks.o [1]
xTaskResumeFromISR      0x08006477    0x6a  Code  Gb  tasks.o [1]
xTasksWaitingTermination
                        0x20001c9c    0x14  Data  Lc  tasks.o [1]
xTickCount              0x20001cd8     0x4  Data  Lc  tasks.o [1]
xYieldPending           0x20001ce8     0x4  Data  Lc  tasks.o [1]


[1] = C:\Users\Benoit\Dev\Code\Benoit\SW9000\EWARM\SW9000\Obj
[2] = command line
[3] = dl7M_tlf.a
[4] = m7M_tls.a
[5] = rt7M_tl.a
[6] = shb_l.a

  32 046 bytes of readonly  code memory
     115 bytes of readonly  data memory
   8 036 bytes of readwrite data memory

Errors: none
Warnings: none
