Archive member included because of file (symbol)

/home/trougnouf/.eclipse/org.eclipse.platform_4.5.1_155965261_linux_gtk_x86_64/plugins/fr.ac6.mcu.externaltools.arm-none.linux64_1.3.0.201507241112/tools/compiler/bin/../lib/gcc/arm-none-eabi/4.9.3/../../../../arm-none-eabi/lib/cortex-m7/fpu/fpv5-sp-d16/libc_nano.a(lib_a-exit.o)
                              /home/trougnouf/.eclipse/org.eclipse.platform_4.5.1_155965261_linux_gtk_x86_64/plugins/fr.ac6.mcu.externaltools.arm-none.linux64_1.3.0.201507241112/tools/compiler/bin/../lib/gcc/arm-none-eabi/4.9.3/../../../../arm-none-eabi/lib/cortex-m7/fpu/fpv5-sp-d16/crt0.o (exit)
/home/trougnouf/.eclipse/org.eclipse.platform_4.5.1_155965261_linux_gtk_x86_64/plugins/fr.ac6.mcu.externaltools.arm-none.linux64_1.3.0.201507241112/tools/compiler/bin/../lib/gcc/arm-none-eabi/4.9.3/../../../../arm-none-eabi/lib/cortex-m7/fpu/fpv5-sp-d16/libc_nano.a(lib_a-impure.o)
                              /home/trougnouf/.eclipse/org.eclipse.platform_4.5.1_155965261_linux_gtk_x86_64/plugins/fr.ac6.mcu.externaltools.arm-none.linux64_1.3.0.201507241112/tools/compiler/bin/../lib/gcc/arm-none-eabi/4.9.3/../../../../arm-none-eabi/lib/cortex-m7/fpu/fpv5-sp-d16/libc_nano.a(lib_a-exit.o) (_global_impure_ptr)
/home/trougnouf/.eclipse/org.eclipse.platform_4.5.1_155965261_linux_gtk_x86_64/plugins/fr.ac6.mcu.externaltools.arm-none.linux64_1.3.0.201507241112/tools/compiler/bin/../lib/gcc/arm-none-eabi/4.9.3/../../../../arm-none-eabi/lib/cortex-m7/fpu/fpv5-sp-d16/libc_nano.a(lib_a-init.o)
                              /home/trougnouf/.eclipse/org.eclipse.platform_4.5.1_155965261_linux_gtk_x86_64/plugins/fr.ac6.mcu.externaltools.arm-none.linux64_1.3.0.201507241112/tools/compiler/bin/../lib/gcc/arm-none-eabi/4.9.3/../../../../arm-none-eabi/lib/cortex-m7/fpu/fpv5-sp-d16/crt0.o (__libc_init_array)
/home/trougnouf/.eclipse/org.eclipse.platform_4.5.1_155965261_linux_gtk_x86_64/plugins/fr.ac6.mcu.externaltools.arm-none.linux64_1.3.0.201507241112/tools/compiler/bin/../lib/gcc/arm-none-eabi/4.9.3/../../../../arm-none-eabi/lib/cortex-m7/fpu/fpv5-sp-d16/libc_nano.a(lib_a-memcpy.o)
                              Middlewares/FreeRTOS/queue.o (memcpy)
/home/trougnouf/.eclipse/org.eclipse.platform_4.5.1_155965261_linux_gtk_x86_64/plugins/fr.ac6.mcu.externaltools.arm-none.linux64_1.3.0.201507241112/tools/compiler/bin/../lib/gcc/arm-none-eabi/4.9.3/../../../../arm-none-eabi/lib/cortex-m7/fpu/fpv5-sp-d16/libc_nano.a(lib_a-memset.o)
                              /home/trougnouf/.eclipse/org.eclipse.platform_4.5.1_155965261_linux_gtk_x86_64/plugins/fr.ac6.mcu.externaltools.arm-none.linux64_1.3.0.201507241112/tools/compiler/bin/../lib/gcc/arm-none-eabi/4.9.3/../../../../arm-none-eabi/lib/cortex-m7/fpu/fpv5-sp-d16/crt0.o (memset)
/home/trougnouf/.eclipse/org.eclipse.platform_4.5.1_155965261_linux_gtk_x86_64/plugins/fr.ac6.mcu.externaltools.arm-none.linux64_1.3.0.201507241112/tools/compiler/bin/../lib/gcc/arm-none-eabi/4.9.3/../../../../arm-none-eabi/lib/cortex-m7/fpu/fpv5-sp-d16/libc_nano.a(lib_a-printf.o)
                              Application/User/main.o (printf)
/home/trougnouf/.eclipse/org.eclipse.platform_4.5.1_155965261_linux_gtk_x86_64/plugins/fr.ac6.mcu.externaltools.arm-none.linux64_1.3.0.201507241112/tools/compiler/bin/../lib/gcc/arm-none-eabi/4.9.3/../../../../arm-none-eabi/lib/cortex-m7/fpu/fpv5-sp-d16/libc_nano.a(lib_a-rand.o)
                              Application/User/main.o (rand)
/home/trougnouf/.eclipse/org.eclipse.platform_4.5.1_155965261_linux_gtk_x86_64/plugins/fr.ac6.mcu.externaltools.arm-none.linux64_1.3.0.201507241112/tools/compiler/bin/../lib/gcc/arm-none-eabi/4.9.3/../../../../arm-none-eabi/lib/cortex-m7/fpu/fpv5-sp-d16/libc_nano.a(lib_a-findfp.o)
                              /home/trougnouf/.eclipse/org.eclipse.platform_4.5.1_155965261_linux_gtk_x86_64/plugins/fr.ac6.mcu.externaltools.arm-none.linux64_1.3.0.201507241112/tools/compiler/bin/../lib/gcc/arm-none-eabi/4.9.3/../../../../arm-none-eabi/lib/cortex-m7/fpu/fpv5-sp-d16/libc_nano.a(lib_a-printf.o) (__sinit)
/home/trougnouf/.eclipse/org.eclipse.platform_4.5.1_155965261_linux_gtk_x86_64/plugins/fr.ac6.mcu.externaltools.arm-none.linux64_1.3.0.201507241112/tools/compiler/bin/../lib/gcc/arm-none-eabi/4.9.3/../../../../arm-none-eabi/lib/cortex-m7/fpu/fpv5-sp-d16/libc_nano.a(lib_a-fwalk.o)
                              /home/trougnouf/.eclipse/org.eclipse.platform_4.5.1_155965261_linux_gtk_x86_64/plugins/fr.ac6.mcu.externaltools.arm-none.linux64_1.3.0.201507241112/tools/compiler/bin/../lib/gcc/arm-none-eabi/4.9.3/../../../../arm-none-eabi/lib/cortex-m7/fpu/fpv5-sp-d16/libc_nano.a(lib_a-findfp.o) (_fwalk)
/home/trougnouf/.eclipse/org.eclipse.platform_4.5.1_155965261_linux_gtk_x86_64/plugins/fr.ac6.mcu.externaltools.arm-none.linux64_1.3.0.201507241112/tools/compiler/bin/../lib/gcc/arm-none-eabi/4.9.3/../../../../arm-none-eabi/lib/cortex-m7/fpu/fpv5-sp-d16/libc_nano.a(lib_a-malloc.o)
[...]
Memory Configuration

Name             Origin             Length             Attributes
FLASH            0x08000000         0x00100000         xr
RAM              0x20000000         0x00050000         xrw
*default*        0x00000000         0xffffffff

Linker script and memory map

LOAD /home/trougnouf/.eclipse/org.eclipse.platform_4.5.1_155965261_linux_gtk_x86_64/plugins/fr.ac6.mcu.externaltools.arm-none.linux64_1.3.0.201507241112/tools/compiler/bin/../lib/gcc/arm-none-eabi/4.9.3/cortex-m7/fpu/fpv5-sp-d16/crti.o
LOAD /home/trougnouf/.eclipse/org.eclipse.platform_4.5.1_155965261_linux_gtk_x86_64/plugins/fr.ac6.mcu.externaltools.arm-none.linux64_1.3.0.201507241112/tools/compiler/bin/../lib/gcc/arm-none-eabi/4.9.3/cortex-m7/fpu/fpv5-sp-d16/crtbegin.o
LOAD /home/trougnouf/.eclipse/org.eclipse.platform_4.5.1_155965261_linux_gtk_x86_64/plugins/fr.ac6.mcu.externaltools.arm-none.linux64_1.3.0.201507241112/tools/compiler/bin/../lib/gcc/arm-none-eabi/4.9.3/../../../../arm-none-eabi/lib/cortex-m7/fpu/fpv5-sp-d16/crt0.o
LOAD /home/trougnouf/.eclipse/org.eclipse.platform_4.5.1_155965261_linux_gtk_x86_64/plugins/fr.ac6.mcu.externaltools.arm-none.linux64_1.3.0.201507241112/tools/compiler/bin/../lib/gcc/arm-none-eabi/4.9.3/../../../../arm-none-eabi/lib/cortex-m7/fpu/fpv5-sp-d16/libm.a
LOAD Application/SW4STM32/startup_stm32f746xx.o
LOAD Application/User/freertos.o
LOAD Application/User/main.o
LOAD Application/User/stm32f7xx_hal_msp.o
LOAD Application/User/stm32f7xx_it.o
LOAD Drivers/CMSIS/system_stm32f7xx.o
LOAD Drivers/STM32F7xx_HAL_Driver/stm32f7xx_hal.o
LOAD Drivers/STM32F7xx_HAL_Driver/stm32f7xx_hal_cortex.o
LOAD Drivers/STM32F7xx_HAL_Driver/stm32f7xx_hal_dma.o
LOAD Drivers/STM32F7xx_HAL_Driver/stm32f7xx_hal_dma_ex.o
LOAD Drivers/STM32F7xx_HAL_Driver/stm32f7xx_hal_flash.o
LOAD Drivers/STM32F7xx_HAL_Driver/stm32f7xx_hal_flash_ex.o
LOAD Drivers/STM32F7xx_HAL_Driver/stm32f7xx_hal_gpio.o
LOAD Drivers/STM32F7xx_HAL_Driver/stm32f7xx_hal_pwr.o
LOAD Drivers/STM32F7xx_HAL_Driver/stm32f7xx_hal_pwr_ex.o
LOAD Drivers/STM32F7xx_HAL_Driver/stm32f7xx_hal_rcc.o
LOAD Drivers/STM32F7xx_HAL_Driver/stm32f7xx_hal_rcc_ex.o
LOAD Middlewares/FreeRTOS/cmsis_os.o
LOAD Middlewares/FreeRTOS/croutine.o
LOAD Middlewares/FreeRTOS/event_groups.o
LOAD Middlewares/FreeRTOS/heap_4.o
LOAD Middlewares/FreeRTOS/list.o
LOAD Middlewares/FreeRTOS/port.o
LOAD Middlewares/FreeRTOS/queue.o
LOAD Middlewares/FreeRTOS/tasks.o
LOAD Middlewares/FreeRTOS/timers.o
START GROUP
LOAD /home/trougnouf/.eclipse/org.eclipse.platform_4.5.1_155965261_linux_gtk_x86_64/plugins/fr.ac6.mcu.externaltools.arm-none.linux64_1.3.0.201507241112/tools/compiler/bin/../lib/gcc/arm-none-eabi/4.9.3/cortex-m7/fpu/fpv5-sp-d16/libgcc.a
LOAD /home/trougnouf/.eclipse/org.eclipse.platform_4.5.1_155965261_linux_gtk_x86_64/plugins/fr.ac6.mcu.externaltools.arm-none.linux64_1.3.0.201507241112/tools/compiler/bin/../lib/gcc/arm-none-eabi/4.9.3/../../../../arm-none-eabi/lib/cortex-m7/fpu/fpv5-sp-d16/libc_nano.a
END GROUP
START GROUP
LOAD /home/trougnouf/.eclipse/org.eclipse.platform_4.5.1_155965261_linux_gtk_x86_64/plugins/fr.ac6.mcu.externaltools.arm-none.linux64_1.3.0.201507241112/tools/compiler/bin/../lib/gcc/arm-none-eabi/4.9.3/cortex-m7/fpu/fpv5-sp-d16/libgcc.a
LOAD /home/trougnouf/.eclipse/org.eclipse.platform_4.5.1_155965261_linux_gtk_x86_64/plugins/fr.ac6.mcu.externaltools.arm-none.linux64_1.3.0.201507241112/tools/compiler/bin/../lib/gcc/arm-none-eabi/4.9.3/../../../../arm-none-eabi/lib/cortex-m7/fpu/fpv5-sp-d16/libc_nano.a
LOAD /home/trougnouf/.eclipse/org.eclipse.platform_4.5.1_155965261_linux_gtk_x86_64/plugins/fr.ac6.mcu.externaltools.arm-none.linux64_1.3.0.201507241112/tools/compiler/bin/../lib/gcc/arm-none-eabi/4.9.3/../../../../arm-none-eabi/lib/cortex-m7/fpu/fpv5-sp-d16/libnosys.a
END GROUP
START GROUP
LOAD /home/trougnouf/.eclipse/org.eclipse.platform_4.5.1_155965261_linux_gtk_x86_64/plugins/fr.ac6.mcu.externaltools.arm-none.linux64_1.3.0.201507241112/tools/compiler/bin/../lib/gcc/arm-none-eabi/4.9.3/cortex-m7/fpu/fpv5-sp-d16/libgcc.a
LOAD /home/trougnouf/.eclipse/org.eclipse.platform_4.5.1_155965261_linux_gtk_x86_64/plugins/fr.ac6.mcu.externaltools.arm-none.linux64_1.3.0.201507241112/tools/compiler/bin/../lib/gcc/arm-none-eabi/4.9.3/../../../../arm-none-eabi/lib/cortex-m7/fpu/fpv5-sp-d16/libc_nano.a
LOAD /home/trougnouf/.eclipse/org.eclipse.platform_4.5.1_155965261_linux_gtk_x86_64/plugins/fr.ac6.mcu.externaltools.arm-none.linux64_1.3.0.201507241112/tools/compiler/bin/../lib/gcc/arm-none-eabi/4.9.3/../../../../arm-none-eabi/lib/cortex-m7/fpu/fpv5-sp-d16/libnosys.a
END GROUP
LOAD /home/trougnouf/.eclipse/org.eclipse.platform_4.5.1_155965261_linux_gtk_x86_64/plugins/fr.ac6.mcu.externaltools.arm-none.linux64_1.3.0.201507241112/tools/compiler/bin/../lib/gcc/arm-none-eabi/4.9.3/cortex-m7/fpu/fpv5-sp-d16/crtend.o
LOAD /home/trougnouf/.eclipse/org.eclipse.platform_4.5.1_155965261_linux_gtk_x86_64/plugins/fr.ac6.mcu.externaltools.arm-none.linux64_1.3.0.201507241112/tools/compiler/bin/../lib/gcc/arm-none-eabi/4.9.3/cortex-m7/fpu/fpv5-sp-d16/crtn.o
                0x20050000                _estack = 0x20050000
                0x00000200                _Min_Heap_Size = 0x200
                0x00000400                _Min_Stack_Size = 0x400

.isr_vector     0x08000000      0x1c8
                0x08000000                . = ALIGN (0x4)
 *(.isr_vector)
 .isr_vector    0x08000000      0x1c8 Application/SW4STM32/startup_stm32f746xx.o
                0x08000000                g_pfnVectors
                0x080001c8                . = ALIGN (0x4)

.text           0x080001c8     0x25f4
                0x080001c8                . = ALIGN (0x4)
 *(.text)
 .text          0x080001c8       0x5c /home/trougnouf/.eclipse/org.eclipse.platform_4.5.1_155965261_linux_gtk_x86_64/plugins/fr.ac6.mcu.externaltools.arm-none.linux64_1.3.0.201507241112/tools/compiler/bin/../lib/gcc/arm-none-eabi/4.9.3/cortex-m7/fpu/fpv5-sp-d16/crtbegin.o
 *(.text*)
 .text.Reset_Handler
                0x08000224       0x50 Application/SW4STM32/startup_stm32f746xx.o
                0x08000224                Reset_Handler
 .text.Default_Handler
                0x08000274        0x2 Application/SW4STM32/startup_stm32f746xx.o
                0x08000274                RTC_Alarm_IRQHandler
                0x08000274                EXTI2_IRQHandler
                0x08000274                TIM8_CC_IRQHandler
                0x08000274                DebugMon_Handler
                0x08000274                UART8_IRQHandler
                0x08000274                SPI4_IRQHandler
                0x08000274                TIM1_CC_IRQHandler
                0x08000274                DMA2_Stream5_IRQHandler
                0x08000274                HardFault_Handler
                0x08000274                DMA1_Stream5_IRQHandler
                0x08000274                PVD_IRQHandler
                0x08000274                TAMP_STAMP_IRQHandler
                0x08000274                NMI_Handler
                0x08000274                CAN2_RX1_IRQHandler
                0x08000274                EXTI3_IRQHandler
                0x08000274                TIM8_TRG_COM_TIM14_IRQHandler
                0x08000274                TIM1_UP_TIM10_IRQHandler
                0x08000274                TIM8_UP_TIM13_IRQHandler
                0x08000274                I2C3_ER_IRQHandler
                0x08000274                EXTI0_IRQHandler
                0x08000274                I2C2_EV_IRQHandler
                0x08000274                DMA1_Stream2_IRQHandler
                0x08000274                CAN1_RX0_IRQHandler
                0x08000274                FPU_IRQHandler
                0x08000274                OTG_HS_WKUP_IRQHandler
                0x08000274                UsageFault_Handler
                0x08000274                LTDC_ER_IRQHandler
                0x08000274                CAN2_SCE_IRQHandler
                0x08000274                DMA2_Stream2_IRQHandler
                0x08000274                SPI1_IRQHandler
                0x08000274                TIM6_DAC_IRQHandler
                0x08000274                TIM1_BRK_TIM9_IRQHandler
                0x08000274                DCMI_IRQHandler
                0x08000274                CAN2_RX0_IRQHandler
                0x08000274                DMA2_Stream3_IRQHandler
                0x08000274                SAI2_IRQHandler
                0x08000274                USART6_IRQHandler
                0x08000274                USART3_IRQHandler
                0x08000274                CAN1_RX1_IRQHandler
                0x08000274                UART5_IRQHandler
                0x08000274                DMA2_Stream0_IRQHandler
                0x08000274                TIM4_IRQHandler
                0x08000274                QUADSPI_IRQHandler
                0x08000274                I2C1_EV_IRQHandler
                0x08000274                DMA1_Stream6_IRQHandler
                0x08000274                DMA1_Stream1_IRQHandler
                0x08000274                UART4_IRQHandler
                0x08000274                TIM3_IRQHandler
                0x08000274                RCC_IRQHandler
                0x08000274                TIM8_BRK_TIM12_IRQHandler
                0x08000274                Default_Handler
                0x08000274                CEC_IRQHandler
                0x08000274                EXTI15_10_IRQHandler
                0x08000274                ADC_IRQHandler
                0x08000274                DMA1_Stream7_IRQHandler
                0x08000274                SPI5_IRQHandler
                0x08000274                TIM7_IRQHandler
                0x08000274                SDMMC1_IRQHandler
                0x08000274                CAN2_TX_IRQHandler
                0x08000274                TIM5_IRQHandler
                0x08000274                DMA2_Stream7_IRQHandler
                0x08000274                I2C3_EV_IRQHandler
                0x08000274                EXTI9_5_IRQHandler
                0x08000274                RTC_WKUP_IRQHandler
                0x08000274                LTDC_IRQHandler
                0x08000274                ETH_WKUP_IRQHandler
                0x08000274                SPDIF_RX_IRQHandler
                0x08000274                SPI2_IRQHandler
                0x08000274                OTG_HS_EP1_IN_IRQHandler
                0x08000274                MemManage_Handler
                0x08000274                DMA1_Stream0_IRQHandler
                0x08000274                CAN1_TX_IRQHandler
                0x08000274                EXTI4_IRQHandler
                0x08000274                RNG_IRQHandler
                0x08000274                ETH_IRQHandler
                0x08000274                OTG_HS_EP1_OUT_IRQHandler
                0x08000274                WWDG_IRQHandler
                0x08000274                SPI6_IRQHandler
                0x08000274                I2C4_EV_IRQHandler
                0x08000274                TIM2_IRQHandler
                0x08000274                OTG_FS_WKUP_IRQHandler
                0x08000274                TIM1_TRG_COM_TIM11_IRQHandler
                0x08000274                OTG_HS_IRQHandler
                0x08000274                DMA2D_IRQHandler
                0x08000274                EXTI1_IRQHandler
                0x08000274                UART7_IRQHandler
                0x08000274                USART2_IRQHandler
                0x08000274                I2C2_ER_IRQHandler
                0x08000274                DMA2_Stream1_IRQHandler
                0x08000274                CAN1_SCE_IRQHandler
                0x08000274                FLASH_IRQHandler
                0x08000274                DMA2_Stream4_IRQHandler
                0x08000274                BusFault_Handler
                0x08000274                USART1_IRQHandler
                0x08000274                OTG_FS_IRQHandler
                0x08000274                SPI3_IRQHandler
                0x08000274                DMA1_Stream4_IRQHandler
                0x08000274                I2C1_ER_IRQHandler
                0x08000274                FMC_IRQHandler
                0x08000274                LPTIM1_IRQHandler
                0x08000274                I2C4_ER_IRQHandler
                0x08000274                DMA2_Stream6_IRQHandler
                0x08000274                SAI1_IRQHandler
                0x08000274                DMA1_Stream3_IRQHandler
 *fill*         0x08000276        0x2 
 .text.LED2Thread
                0x08000278       0x1c Application/User/main.o
 .text.LED1Thread
                0x08000294       0x28 Application/User/main.o
 .text.SystemClock_Config
                0x080002bc       0xa0 Application/User/main.o
                0x080002bc                SystemClock_Config
 .text.startup.main
                0x0800035c       0xcc Application/User/main.o
                0x0800035c                main
 .text.HAL_MspInit
                0x08000428       0x18 Application/User/stm32f7xx_hal_msp.o
                0x08000428                HAL_MspInit
 .text.SysTick_Handler
                0x08000440        0xe Application/User/stm32f7xx_it.o
                0x08000440                SysTick_Handler
 *fill*         0x0800044e        0x2 
 .text.SystemInit
                0x08000450       0x4c Drivers/CMSIS/system_stm32f7xx.o
                0x08000450                SystemInit
 .text.HAL_InitTick
                0x0800049c       0x24 Drivers/STM32F7xx_HAL_Driver/stm32f7xx_hal.o
                0x0800049c                HAL_InitTick
 .text.HAL_Init
                0x080004c0       0x16 Drivers/STM32F7xx_HAL_Driver/stm32f7xx_hal.o
                0x080004c0                HAL_Init
 *fill*         0x080004d6        0x2 
 .text.HAL_IncTick
                0x080004d8       0x10 Drivers/STM32F7xx_HAL_Driver/stm32f7xx_hal.o
                0x080004d8                HAL_IncTick
 .text.HAL_GetTick
                0x080004e8        0xc Drivers/STM32F7xx_HAL_Driver/stm32f7xx_hal.o
                0x080004e8                HAL_GetTick
 .text.HAL_NVIC_SetPriorityGrouping
                0x080004f4       0x24 Drivers/STM32F7xx_HAL_Driver/stm32f7xx_hal_cortex.o
                0x080004f4                HAL_NVIC_SetPriorityGrouping
 .text.HAL_NVIC_SetPriority
                0x08000518       0x70 Drivers/STM32F7xx_HAL_Driver/stm32f7xx_hal_cortex.o
                0x08000518                HAL_NVIC_SetPriority
 .text.HAL_SYSTICK_Config
                0x08000588       0x2c Drivers/STM32F7xx_HAL_Driver/stm32f7xx_hal_cortex.o
                0x08000588                HAL_SYSTICK_Config
 .text.HAL_SYSTICK_CLKSourceConfig
                0x080005b4       0x18 Drivers/STM32F7xx_HAL_Driver/stm32f7xx_hal_cortex.o
                0x080005b4                HAL_SYSTICK_CLKSourceConfig
 .text.HAL_GPIO_Init
                0x080005cc      0x1d8 Drivers/STM32F7xx_HAL_Driver/stm32f7xx_hal_gpio.o
                0x080005cc                HAL_GPIO_Init
 .text.HAL_GPIO_WritePin
                0x080007a4        0x8 Drivers/STM32F7xx_HAL_Driver/stm32f7xx_hal_gpio.o
                0x080007a4                HAL_GPIO_WritePin
 .text.HAL_GPIO_TogglePin
                0x080007ac        0x8 Drivers/STM32F7xx_HAL_Driver/stm32f7xx_hal_gpio.o
                0x080007ac                HAL_GPIO_TogglePin
 .text.HAL_RCC_OscConfig
                0x080007b4      0x3b4 Drivers/STM32F7xx_HAL_Driver/stm32f7xx_hal_rcc.o
                0x080007b4                HAL_RCC_OscConfig
 .text.HAL_RCC_ClockConfig
                0x08000b68      0x1cc Drivers/STM32F7xx_HAL_Driver/stm32f7xx_hal_rcc.o
                0x08000b68                HAL_RCC_ClockConfig
 .text.HAL_RCC_GetSysClockFreq
                0x08000d34       0x80 Drivers/STM32F7xx_HAL_Driver/stm32f7xx_hal_rcc.o
                0x08000d34                HAL_RCC_GetSysClockFreq
 .text.HAL_RCC_GetHCLKFreq
                0x08000db4       0x34 Drivers/STM32F7xx_HAL_Driver/stm32f7xx_hal_rcc.o
                0x08000db4                HAL_RCC_GetHCLKFreq
 .text.osKernelStart
                0x08000de8        0xa Middlewares/FreeRTOS/cmsis_os.o
                0x08000de8                osKernelStart
 .text.osThreadCreate
                0x08000df2       0x36 Middlewares/FreeRTOS/cmsis_os.o
                0x08000df2                osThreadCreate
 .text.osDelay  0x08000e28       0x10 Middlewares/FreeRTOS/cmsis_os.o
                0x08000e28                osDelay
 .text.osSystickHandler
                0x08000e38       0x14 Middlewares/FreeRTOS/cmsis_os.o
                0x08000e38                osSystickHandler
 .text.unlikely.prvInsertBlockIntoFreeList
                0x08000e4c       0x44 Middlewares/FreeRTOS/heap_4.o
 .text.pvPortMalloc
                0x08000e90      0x12c Middlewares/FreeRTOS/heap_4.o
                0x08000e90                pvPortMalloc
 .text.vPortFree
                0x08000fbc       0x78 Middlewares/FreeRTOS/heap_4.o
                0x08000fbc                vPortFree
 .text.vListInitialise
                0x08001034       0x16 Middlewares/FreeRTOS/list.o
                0x08001034                vListInitialise
 .text.vListInitialiseItem
                0x0800104a        0x6 Middlewares/FreeRTOS/list.o
                0x0800104a                vListInitialiseItem
 .text.vListInsertEnd
                0x08001050       0x18 Middlewares/FreeRTOS/list.o
                0x08001050                vListInsertEnd
 .text.vListInsert
                0x08001068       0x30 Middlewares/FreeRTOS/list.o
                0x08001068                vListInsert
 .text.uxListRemove
                0x08001098       0x20 Middlewares/FreeRTOS/list.o
                0x08001098                uxListRemove
 .text.prvTaskExitError
                0x080010b8       0x38 Middlewares/FreeRTOS/port.o
 .text.prvPortStartFirstTask
                0x080010f0       0x20 Middlewares/FreeRTOS/port.o
 .text.vPortEnableVFP
                0x08001110       0x14 Middlewares/FreeRTOS/port.o
 .text.pxPortInitialiseStack
                0x08001124       0x20 Middlewares/FreeRTOS/port.o
                0x08001124                pxPortInitialiseStack
 .text.SVC_Handler
                0x08001144       0x20 Middlewares/FreeRTOS/port.o
                0x08001144                SVC_Handler
 .text.vPortEnterCritical
                0x08001164       0x4c Middlewares/FreeRTOS/port.o
                0x08001164                vPortEnterCritical
 .text.vPortExitCritical
                0x080011b0       0x2c Middlewares/FreeRTOS/port.o
                0x080011b0                vPortExitCritical
 .text.PendSV_Handler
                0x080011dc       0x64 Middlewares/FreeRTOS/port.o
                0x080011dc                PendSV_Handler
 .text.xPortSysTickHandler
                0x08001240       0x34 Middlewares/FreeRTOS/port.o
                0x08001240                xPortSysTickHandler
 .text.vPortSetupTimerInterrupt
                0x08001274       0x28 Middlewares/FreeRTOS/port.o
                0x08001274                vPortSetupTimerInterrupt
 .text.xPortStartScheduler
                0x0800129c       0x98 Middlewares/FreeRTOS/port.o
                0x0800129c                xPortStartScheduler
 .text.prvResetNextTaskUnblockTime
                0x08001334       0x24 Middlewares/FreeRTOS/tasks.o
 .text.prvAddCurrentTaskToDelayedList
                0x08001358       0x3c Middlewares/FreeRTOS/tasks.o
 .text.unlikely.xTaskGenericCreate.part.5
                0x08001394      0x198 Middlewares/FreeRTOS/tasks.o
 .text.xTaskGenericCreate
                0x0800152c       0x48 Middlewares/FreeRTOS/tasks.o
                0x0800152c                xTaskGenericCreate
 .text.vTaskStartScheduler
                0x08001574       0x68 Middlewares/FreeRTOS/tasks.o
                0x08001574                vTaskStartScheduler
 .text.vTaskSuspendAll
                0x080015dc       0x14 Middlewares/FreeRTOS/tasks.o
                0x080015dc                vTaskSuspendAll
 .text.xTaskIncrementTick
                0x080015f0       0xf8 Middlewares/FreeRTOS/tasks.o
                0x080015f0                xTaskIncrementTick
 .text.xTaskResumeAll
                0x080016e8       0xe4 Middlewares/FreeRTOS/tasks.o
                0x080016e8                xTaskResumeAll
 .text.vTaskDelay
                0x080017cc       0x74 Middlewares/FreeRTOS/tasks.o
                0x080017cc                vTaskDelay
 .text.prvIdleTask
                0x08001840       0x6c Middlewares/FreeRTOS/tasks.o
 .text.vTaskSwitchContext
                0x080018ac       0x70 Middlewares/FreeRTOS/tasks.o
                0x080018ac                vTaskSwitchContext
 .text.xTaskGetSchedulerState
                0x0800191c       0x20 Middlewares/FreeRTOS/tasks.o
                0x0800191c                xTaskGetSchedulerState
 .text.__libc_init_array
                0x0800193c       0x4c /home/trougnouf/.eclipse/org.eclipse.platform_4.5.1_155965261_linux_gtk_x86_64/plugins/fr.ac6.mcu.externaltools.arm-none.linux64_1.3.0.201507241112/tools/compiler/bin/../lib/gcc/arm-none-eabi/4.9.3/../../../../arm-none-eabi/lib/cortex-m7/fpu/fpv5-sp-d16/libc_nano.a(lib_a-init.o)
                0x0800193c                __libc_init_array
 .text.memset   0x08001988       0x10 /home/trougnouf/.eclipse/org.eclipse.platform_4.5.1_155965261_linux_gtk_x86_64/plugins/fr.ac6.mcu.externaltools.arm-none.linux64_1.3.0.201507241112/tools/compiler/bin/../lib/gcc/arm-none-eabi/4.9.3/../../../../arm-none-eabi/lib/cortex-m7/fpu/fpv5-sp-d16/libc_nano.a(lib_a-memset.o)
                0x08001988                memset
 .text.printf   0x08001998       0x30 /home/trougnouf/.eclipse/org.eclipse.platform_4.5.1_155965261_linux_gtk_x86_64/plugins/fr.ac6.mcu.externaltools.arm-none.linux64_1.3.0.201507241112/tools/compiler/bin/../lib/gcc/arm-none-eabi/4.9.3/../../../../arm-none-eabi/lib/cortex-m7/fpu/fpv5-sp-d16/libc_nano.a(lib_a-printf.o)
                0x08001998                printf
                0x08001998                iprintf
 .text._cleanup_r
                0x080019c8        0xc /home/trougnouf/.eclipse/org.eclipse.platform_4.5.1_155965261_linux_gtk_x86_64/plugins/fr.ac6.mcu.externaltools.arm-none.linux64_1.3.0.201507241112/tools/compiler/bin/../lib/gcc/arm-none-eabi/4.9.3/../../../../arm-none-eabi/lib/cortex-m7/fpu/fpv5-sp-d16/libc_nano.a(lib_a-findfp.o)
                0x080019c8                _cleanup_r
 .text.std.isra.0
                0x080019d4       0x54 /home/trougnouf/.eclipse/org.eclipse.platform_4.5.1_155965261_linux_gtk_x86_64/plugins/fr.ac6.mcu.externaltools.arm-none.linux64_1.3.0.201507241112/tools/compiler/bin/../lib/gcc/arm-none-eabi/4.9.3/../../../../arm-none-eabi/lib/cortex-m7/fpu/fpv5-sp-d16/libc_nano.a(lib_a-findfp.o)
 .text.__sfmoreglue
                0x08001a28       0x2c /home/trougnouf/.eclipse/org.eclipse.platform_4.5.1_155965261_linux_gtk_x86_64/plugins/fr.ac6.mcu.externaltools.arm-none.linux64_1.3.0.201507241112/tools/compiler/bin/../lib/gcc/arm-none-eabi/4.9.3/../../../../arm-none-eabi/lib/cortex-m7/fpu/fpv5-sp-d16/libc_nano.a(lib_a-findfp.o)
                0x08001a28                __sfmoreglue
 .text.__sinit  0x08001a54       0x60 /home/trougnouf/.eclipse/org.eclipse.platform_4.5.1_155965261_linux_gtk_x86_64/plugins/fr.ac6.mcu.externaltools.arm-none.linux64_1.3.0.201507241112/tools/compiler/bin/../lib/gcc/arm-none-eabi/4.9.3/../../../../arm-none-eabi/lib/cortex-m7/fpu/fpv5-sp-d16/libc_nano.a(lib_a-findfp.o)
                0x08001a54                __sinit
 .text.__sfp    0x08001ab4       0x74 /home/trougnouf/.eclipse/org.eclipse.platform_4.5.1_155965261_linux_gtk_x86_64/plugins/fr.ac6.mcu.externaltools.arm-none.linux64_1.3.0.201507241112/tools/compiler/bin/../lib/gcc/arm-none-eabi/4.9.3/../../../../arm-none-eabi/lib/cortex-m7/fpu/fpv5-sp-d16/libc_nano.a(lib_a-findfp.o)
                0x08001ab4                __sfp
 .text._fwalk_reent
                0x08001b28       0x3c /home/trougnouf/.eclipse/org.eclipse.platform_4.5.1_155965261_linux_gtk_x86_64/plugins/fr.ac6.mcu.externaltools.arm-none.linux64_1.3.0.201507241112/tools/compiler/bin/../lib/gcc/arm-none-eabi/4.9.3/../../../../arm-none-eabi/lib/cortex-m7/fpu/fpv5-sp-d16/libc_nano.a(lib_a-fwalk.o)
                0x08001b28                _fwalk_reent
 .text._free_r  0x08001b64       0x88 /home/trougnouf/.eclipse/org.eclipse.platform_4.5.1_155965261_linux_gtk_x86_64/plugins/fr.ac6.mcu.externaltools.arm-none.linux64_1.3.0.201507241112/tools/compiler/bin/../lib/gcc/arm-none-eabi/4.9.3/../../../../arm-none-eabi/lib/cortex-m7/fpu/fpv5-sp-d16/libc_nano.a(lib_a-nano-freer.o)
                0x08001b64                _free_r
 .text._malloc_r
                0x08001bec       0xac /home/trougnouf/.eclipse/org.eclipse.platform_4.5.1_155965261_linux_gtk_x86_64/plugins/fr.ac6.mcu.externaltools.arm-none.linux64_1.3.0.201507241112/tools/compiler/bin/../lib/gcc/arm-none-eabi/4.9.3/../../../../arm-none-eabi/lib/cortex-m7/fpu/fpv5-sp-d16/libc_nano.a(lib_a-nano-mallocr.o)
                0x08001bec                _malloc_r
 .text.__sfputc_r
                0x08001c98       0x2c /home/trougnouf/.eclipse/org.eclipse.platform_4.5.1_155965261_linux_gtk_x86_64/plugins/fr.ac6.mcu.externaltools.arm-none.linux64_1.3.0.201507241112/tools/compiler/bin/../lib/gcc/arm-none-eabi/4.9.3/../../../../arm-none-eabi/lib/cortex-m7/fpu/fpv5-sp-d16/libc_nano.a(lib_a-nano-vfprintf.o)
 .text.__sfputs_r
                0x08001cc4       0x24 /home/trougnouf/.eclipse/org.eclipse.platform_4.5.1_155965261_linux_gtk_x86_64/plugins/fr.ac6.mcu.externaltools.arm-none.linux64_1.3.0.201507241112/tools/compiler/bin/../lib/gcc/arm-none-eabi/4.9.3/../../../../arm-none-eabi/lib/cortex-m7/fpu/fpv5-sp-d16/libc_nano.a(lib_a-nano-vfprintf.o)
                0x08001cc4                __sfputs_r
 .text._vfprintf_r
                0x08001ce8      0x210 /home/trougnouf/.eclipse/org.eclipse.platform_4.5.1_155965261_linux_gtk_x86_64/plugins/fr.ac6.mcu.externaltools.arm-none.linux64_1.3.0.201507241112/tools/compiler/bin/../lib/gcc/arm-none-eabi/4.9.3/../../../../arm-none-eabi/lib/cortex-m7/fpu/fpv5-sp-d16/libc_nano.a(lib_a-nano-vfprintf.o)
                0x08001ce8                _vfiprintf_r
                0x08001ce8                _vfprintf_r
 .text._printf_common
                0x08001ef8       0xea /home/trougnouf/.eclipse/org.eclipse.platform_4.5.1_155965261_linux_gtk_x86_64/plugins/fr.ac6.mcu.externaltools.arm-none.linux64_1.3.0.201507241112/tools/compiler/bin/../lib/gcc/arm-none-eabi/4.9.3/../../../../arm-none-eabi/lib/cortex-m7/fpu/fpv5-sp-d16/libc_nano.a(lib_a-nano-vfprintf_i.o)
                0x08001ef8                _printf_common
 *fill*         0x08001fe2        0x2 
 .text._printf_i
                0x08001fe4      0x23c /home/trougnouf/.eclipse/org.eclipse.platform_4.5.1_155965261_linux_gtk_x86_64/plugins/fr.ac6.mcu.externaltools.arm-none.linux64_1.3.0.201507241112/tools/compiler/bin/../lib/gcc/arm-none-eabi/4.9.3/../../../../arm-none-eabi/lib/cortex-m7/fpu/fpv5-sp-d16/libc_nano.a(lib_a-nano-vfprintf_i.o)
                0x08001fe4                _printf_i
 .text._sbrk_r  0x08002220       0x20 /home/trougnouf/.eclipse/org.eclipse.platform_4.5.1_155965261_linux_gtk_x86_64/plugins/fr.ac6.mcu.externaltools.arm-none.linux64_1.3.0.201507241112/tools/compiler/bin/../lib/gcc/arm-none-eabi/4.9.3/../../../../arm-none-eabi/lib/cortex-m7/fpu/fpv5-sp-d16/libc_nano.a(lib_a-sbrkr.o)
                0x08002220                _sbrk_r
 .text.__sread  0x08002240       0x22 /home/trougnouf/.eclipse/org.eclipse.platform_4.5.1_155965261_linux_gtk_x86_64/plugins/fr.ac6.mcu.externaltools.arm-none.linux64_1.3.0.201507241112/tools/compiler/bin/../lib/gcc/arm-none-eabi/4.9.3/../../../../arm-none-eabi/lib/cortex-m7/fpu/fpv5-sp-d16/libc_nano.a(lib_a-stdio.o)
                0x08002240                __sread
 .text.__swrite
                0x08002262       0x38 /home/trougnouf/.eclipse/org.eclipse.platform_4.5.1_155965261_linux_gtk_x86_64/plugins/fr.ac6.mcu.externaltools.arm-none.linux64_1.3.0.201507241112/tools/compiler/bin/../lib/gcc/arm-none-eabi/4.9.3/../../../../arm-none-eabi/lib/cortex-m7/fpu/fpv5-sp-d16/libc_nano.a(lib_a-stdio.o)
                0x08002262                __swrite
 .text.__sseek  0x0800229a       0x24 /home/trougnouf/.eclipse/org.eclipse.platform_4.5.1_155965261_linux_gtk_x86_64/plugins/fr.ac6.mcu.externaltools.arm-none.linux64_1.3.0.201507241112/tools/compiler/bin/../lib/gcc/arm-none-eabi/4.9.3/../../../../arm-none-eabi/lib/cortex-m7/fpu/fpv5-sp-d16/libc_nano.a(lib_a-stdio.o)
                0x0800229a                __sseek
 .text.__sclose
                0x080022be        0x8 /home/trougnouf/.eclipse/org.eclipse.platform_4.5.1_155965261_linux_gtk_x86_64/plugins/fr.ac6.mcu.externaltools.arm-none.linux64_1.3.0.201507241112/tools/compiler/bin/../lib/gcc/arm-none-eabi/4.9.3/../../../../arm-none-eabi/lib/cortex-m7/fpu/fpv5-sp-d16/libc_nano.a(lib_a-stdio.o)
                0x080022be                __sclose
 *fill*         0x080022c6        0x2 
 .text.__swbuf_r
                0x080022c8       0xa8 /home/trougnouf/.eclipse/org.eclipse.platform_4.5.1_155965261_linux_gtk_x86_64/plugins/fr.ac6.mcu.externaltools.arm-none.linux64_1.3.0.201507241112/tools/compiler/bin/../lib/gcc/arm-none-eabi/4.9.3/../../../../arm-none-eabi/lib/cortex-m7/fpu/fpv5-sp-d16/libc_nano.a(lib_a-wbuf.o)
                0x080022c8                __swbuf_r
 .text._write_r
                0x08002370       0x24 /home/trougnouf/.eclipse/org.eclipse.platform_4.5.1_155965261_linux_gtk_x86_64/plugins/fr.ac6.mcu.externaltools.arm-none.linux64_1.3.0.201507241112/tools/compiler/bin/../lib/gcc/arm-none-eabi/4.9.3/../../../../arm-none-eabi/lib/cortex-m7/fpu/fpv5-sp-d16/libc_nano.a(lib_a-writer.o)
                0x08002370                _write_r
 .text.__swsetup_r
                0x08002394       0xd8 /home/trougnouf/.eclipse/org.eclipse.platform_4.5.1_155965261_linux_gtk_x86_64/plugins/fr.ac6.mcu.externaltools.arm-none.linux64_1.3.0.201507241112/tools/compiler/bin/../lib/gcc/arm-none-eabi/4.9.3/../../../../arm-none-eabi/lib/cortex-m7/fpu/fpv5-sp-d16/libc_nano.a(lib_a-wsetup.o)
                0x08002394                __swsetup_r
 .text._close_r
                0x0800246c       0x20 /home/trougnouf/.eclipse/org.eclipse.platform_4.5.1_155965261_linux_gtk_x86_64/plugins/fr.ac6.mcu.externaltools.arm-none.linux64_1.3.0.201507241112/tools/compiler/bin/../lib/gcc/arm-none-eabi/4.9.3/../../../../arm-none-eabi/lib/cortex-m7/fpu/fpv5-sp-d16/libc_nano.a(lib_a-closer.o)
                0x0800246c                _close_r
 .text.__sflush_r
                0x0800248c      0x106 /home/trougnouf/.eclipse/org.eclipse.platform_4.5.1_155965261_linux_gtk_x86_64/plugins/fr.ac6.mcu.externaltools.arm-none.linux64_1.3.0.201507241112/tools/compiler/bin/../lib/gcc/arm-none-eabi/4.9.3/../../../../arm-none-eabi/lib/cortex-m7/fpu/fpv5-sp-d16/libc_nano.a(lib_a-fflush.o)
                0x0800248c                __sflush_r
 *fill*         0x08002592        0x2 
 .text._fflush_r
                0x08002594       0x54 /home/trougnouf/.eclipse/org.eclipse.platform_4.5.1_155965261_linux_gtk_x86_64/plugins/fr.ac6.mcu.externaltools.arm-none.linux64_1.3.0.201507241112/tools/compiler/bin/../lib/gcc/arm-none-eabi/4.9.3/../../../../arm-none-eabi/lib/cortex-m7/fpu/fpv5-sp-d16/libc_nano.a(lib_a-fflush.o)
                0x08002594                _fflush_r
 .text._lseek_r
                0x080025e8       0x24 /home/trougnouf/.eclipse/org.eclipse.platform_4.5.1_155965261_linux_gtk_x86_64/plugins/fr.ac6.mcu.externaltools.arm-none.linux64_1.3.0.201507241112/tools/compiler/bin/../lib/gcc/arm-none-eabi/4.9.3/../../../../arm-none-eabi/lib/cortex-m7/fpu/fpv5-sp-d16/libc_nano.a(lib_a-lseekr.o)
                0x080025e8                _lseek_r
 .text.__smakebuf_r
                0x0800260c       0x98 /home/trougnouf/.eclipse/org.eclipse.platform_4.5.1_155965261_linux_gtk_x86_64/plugins/fr.ac6.mcu.externaltools.arm-none.linux64_1.3.0.201507241112/tools/compiler/bin/../lib/gcc/arm-none-eabi/4.9.3/../../../../arm-none-eabi/lib/cortex-m7/fpu/fpv5-sp-d16/libc_nano.a(lib_a-makebuf.o)
                0x0800260c                __smakebuf_r
 .text.memchr   0x080026a4       0x1c /home/trougnouf/.eclipse/org.eclipse.platform_4.5.1_155965261_linux_gtk_x86_64/plugins/fr.ac6.mcu.externaltools.arm-none.linux64_1.3.0.201507241112/tools/compiler/bin/../lib/gcc/arm-none-eabi/4.9.3/../../../../arm-none-eabi/lib/cortex-m7/fpu/fpv5-sp-d16/libc_nano.a(lib_a-memchr.o)
                0x080026a4                memchr
 .text._read_r  0x080026c0       0x24 /home/trougnouf/.eclipse/org.eclipse.platform_4.5.1_155965261_linux_gtk_x86_64/plugins/fr.ac6.mcu.externaltools.arm-none.linux64_1.3.0.201507241112/tools/compiler/bin/../lib/gcc/arm-none-eabi/4.9.3/../../../../arm-none-eabi/lib/cortex-m7/fpu/fpv5-sp-d16/libc_nano.a(lib_a-readr.o)
                0x080026c0                _read_r
 .text._fstat_r
                0x080026e4       0x24 /home/trougnouf/.eclipse/org.eclipse.platform_4.5.1_155965261_linux_gtk_x86_64/plugins/fr.ac6.mcu.externaltools.arm-none.linux64_1.3.0.201507241112/tools/compiler/bin/../lib/gcc/arm-none-eabi/4.9.3/../../../../arm-none-eabi/lib/cortex-m7/fpu/fpv5-sp-d16/libc_nano.a(lib_a-fstatr.o)
                0x080026e4                _fstat_r
 .text._isatty_r
                0x08002708       0x20 /home/trougnouf/.eclipse/org.eclipse.platform_4.5.1_155965261_linux_gtk_x86_64/plugins/fr.ac6.mcu.externaltools.arm-none.linux64_1.3.0.201507241112/tools/compiler/bin/../lib/gcc/arm-none-eabi/4.9.3/../../../../arm-none-eabi/lib/cortex-m7/fpu/fpv5-sp-d16/libc_nano.a(lib_a-isattyr.o)
                0x08002708                _isatty_r
 .text._close   0x08002728       0x10 /home/trougnouf/.eclipse/org.eclipse.platform_4.5.1_155965261_linux_gtk_x86_64/plugins/fr.ac6.mcu.externaltools.arm-none.linux64_1.3.0.201507241112/tools/compiler/bin/../lib/gcc/arm-none-eabi/4.9.3/../../../../arm-none-eabi/lib/cortex-m7/fpu/fpv5-sp-d16/libnosys.a(close.o)
                0x08002728                _close
 .text._fstat   0x08002738       0x10 /home/trougnouf/.eclipse/org.eclipse.platform_4.5.1_155965261_linux_gtk_x86_64/plugins/fr.ac6.mcu.externaltools.arm-none.linux64_1.3.0.201507241112/tools/compiler/bin/../lib/gcc/arm-none-eabi/4.9.3/../../../../arm-none-eabi/lib/cortex-m7/fpu/fpv5-sp-d16/libnosys.a(fstat.o)
                0x08002738                _fstat
 .text._isatty  0x08002748       0x10 /home/trougnouf/.eclipse/org.eclipse.platform_4.5.1_155965261_linux_gtk_x86_64/plugins/fr.ac6.mcu.externaltools.arm-none.linux64_1.3.0.201507241112/tools/compiler/bin/../lib/gcc/arm-none-eabi/4.9.3/../../../../arm-none-eabi/lib/cortex-m7/fpu/fpv5-sp-d16/libnosys.a(isatty.o)
                0x08002748                _isatty
 .text._lseek   0x08002758       0x10 /home/trougnouf/.eclipse/org.eclipse.platform_4.5.1_155965261_linux_gtk_x86_64/plugins/fr.ac6.mcu.externaltools.arm-none.linux64_1.3.0.201507241112/tools/compiler/bin/../lib/gcc/arm-none-eabi/4.9.3/../../../../arm-none-eabi/lib/cortex-m7/fpu/fpv5-sp-d16/libnosys.a(lseek.o)
                0x08002758                _lseek
 .text._read    0x08002768       0x10 /home/trougnouf/.eclipse/org.eclipse.platform_4.5.1_155965261_linux_gtk_x86_64/plugins/fr.ac6.mcu.externaltools.arm-none.linux64_1.3.0.201507241112/tools/compiler/bin/../lib/gcc/arm-none-eabi/4.9.3/../../../../arm-none-eabi/lib/cortex-m7/fpu/fpv5-sp-d16/libnosys.a(read.o)
                0x08002768                _read
 .text._sbrk    0x08002778       0x1c /home/trougnouf/.eclipse/org.eclipse.platform_4.5.1_155965261_linux_gtk_x86_64/plugins/fr.ac6.mcu.externaltools.arm-none.linux64_1.3.0.201507241112/tools/compiler/bin/../lib/gcc/arm-none-eabi/4.9.3/../../../../arm-none-eabi/lib/cortex-m7/fpu/fpv5-sp-d16/libnosys.a(sbrk.o)
                0x08002778                _sbrk
 .text._write   0x08002794       0x10 /home/trougnouf/.eclipse/org.eclipse.platform_4.5.1_155965261_linux_gtk_x86_64/plugins/fr.ac6.mcu.externaltools.arm-none.linux64_1.3.0.201507241112/tools/compiler/bin/../lib/gcc/arm-none-eabi/4.9.3/../../../../arm-none-eabi/lib/cortex-m7/fpu/fpv5-sp-d16/libnosys.a(write.o)
                0x08002794                _write
 *(.glue_7)
 .glue_7        0x00000000        0x0 linker stubs
 *(.glue_7t)
 .glue_7t       0x00000000        0x0 linker stubs
 *(.eh_frame)
 .eh_frame      0x080027a4        0x0 /home/trougnouf/.eclipse/org.eclipse.platform_4.5.1_155965261_linux_gtk_x86_64/plugins/fr.ac6.mcu.externaltools.arm-none.linux64_1.3.0.201507241112/tools/compiler/bin/../lib/gcc/arm-none-eabi/4.9.3/cortex-m7/fpu/fpv5-sp-d16/crtbegin.o
 *(.init)
 .init          0x080027a4        0x4 /home/trougnouf/.eclipse/org.eclipse.platform_4.5.1_155965261_linux_gtk_x86_64/plugins/fr.ac6.mcu.externaltools.arm-none.linux64_1.3.0.201507241112/tools/compiler/bin/../lib/gcc/arm-none-eabi/4.9.3/cortex-m7/fpu/fpv5-sp-d16/crti.o
                0x080027a4                _init
 .init          0x080027a8        0x8 /home/trougnouf/.eclipse/org.eclipse.platform_4.5.1_155965261_linux_gtk_x86_64/plugins/fr.ac6.mcu.externaltools.arm-none.linux64_1.3.0.201507241112/tools/compiler/bin/../lib/gcc/arm-none-eabi/4.9.3/cortex-m7/fpu/fpv5-sp-d16/crtn.o
 *(.fini)
 .fini          0x080027b0        0x4 /home/trougnouf/.eclipse/org.eclipse.platform_4.5.1_155965261_linux_gtk_x86_64/plugins/fr.ac6.mcu.externaltools.arm-none.linux64_1.3.0.201507241112/tools/compiler/bin/../lib/gcc/arm-none-eabi/4.9.3/cortex-m7/fpu/fpv5-sp-d16/crti.o
                0x080027b0                _fini
 .fini          0x080027b4        0x8 /home/trougnouf/.eclipse/org.eclipse.platform_4.5.1_155965261_linux_gtk_x86_64/plugins/fr.ac6.mcu.externaltools.arm-none.linux64_1.3.0.201507241112/tools/compiler/bin/../lib/gcc/arm-none-eabi/4.9.3/cortex-m7/fpu/fpv5-sp-d16/crtn.o
                0x080027bc                . = ALIGN (0x4)
                0x080027bc                _etext = .

.vfp11_veneer   0x080027bc        0x0
 .vfp11_veneer  0x00000000        0x0 linker stubs

.v4_bx          0x080027bc        0x0
 .v4_bx         0x00000000        0x0 linker stubs

.iplt           0x080027bc        0x0
 .iplt          0x00000000        0x0 /home/trougnouf/.eclipse/org.eclipse.platform_4.5.1_155965261_linux_gtk_x86_64/plugins/fr.ac6.mcu.externaltools.arm-none.linux64_1.3.0.201507241112/tools/compiler/bin/../lib/gcc/arm-none-eabi/4.9.3/cortex-m7/fpu/fpv5-sp-d16/crtbegin.o

.rodata         0x080027bc       0xec
                0x080027bc                . = ALIGN (0x4)
 *(.rodata)
 .rodata        0x080027bc       0x28 Application/User/main.o
 .rodata        0x080027e4       0x10 Drivers/STM32F7xx_HAL_Driver/stm32f7xx_hal_rcc.o
                0x080027e4                APBAHBPrescTable
 *(.rodata*)
 .rodata.str1.1
                0x080027f4       0x12 Application/User/main.o
                                 0x17 (size before relaxing)
 .rodata.str1.1
                0x08002806        0x5 Middlewares/FreeRTOS/tasks.o
 .rodata.str1.1
                0x0800280b        0x2 /home/trougnouf/.eclipse/org.eclipse.platform_4.5.1_155965261_linux_gtk_x86_64/plugins/fr.ac6.mcu.externaltools.arm-none.linux64_1.3.0.201507241112/tools/compiler/bin/../lib/gcc/arm-none-eabi/4.9.3/../../../../arm-none-eabi/lib/cortex-m7/fpu/fpv5-sp-d16/libc_nano.a(lib_a-impure.o)
 *fill*         0x0800280d        0x3 
 .rodata._global_impure_ptr
                0x08002810        0x4 /home/trougnouf/.eclipse/org.eclipse.platform_4.5.1_155965261_linux_gtk_x86_64/plugins/fr.ac6.mcu.externaltools.arm-none.linux64_1.3.0.201507241112/tools/compiler/bin/../lib/gcc/arm-none-eabi/4.9.3/../../../../arm-none-eabi/lib/cortex-m7/fpu/fpv5-sp-d16/libc_nano.a(lib_a-impure.o)
                0x08002810                _global_impure_ptr
 .rodata.__sf_fake_stdin
                0x08002814       0x20 /home/trougnouf/.eclipse/org.eclipse.platform_4.5.1_155965261_linux_gtk_x86_64/plugins/fr.ac6.mcu.externaltools.arm-none.linux64_1.3.0.201507241112/tools/compiler/bin/../lib/gcc/arm-none-eabi/4.9.3/../../../../arm-none-eabi/lib/cortex-m7/fpu/fpv5-sp-d16/libc_nano.a(lib_a-findfp.o)
                0x08002814                __sf_fake_stdin
 .rodata.__sf_fake_stdout
                0x08002834       0x20 /home/trougnouf/.eclipse/org.eclipse.platform_4.5.1_155965261_linux_gtk_x86_64/plugins/fr.ac6.mcu.externaltools.arm-none.linux64_1.3.0.201507241112/tools/compiler/bin/../lib/gcc/arm-none-eabi/4.9.3/../../../../arm-none-eabi/lib/cortex-m7/fpu/fpv5-sp-d16/libc_nano.a(lib_a-findfp.o)
                0x08002834                __sf_fake_stdout
 .rodata.__sf_fake_stderr
                0x08002854       0x20 /home/trougnouf/.eclipse/org.eclipse.platform_4.5.1_155965261_linux_gtk_x86_64/plugins/fr.ac6.mcu.externaltools.arm-none.linux64_1.3.0.201507241112/tools/compiler/bin/../lib/gcc/arm-none-eabi/4.9.3/../../../../arm-none-eabi/lib/cortex-m7/fpu/fpv5-sp-d16/libc_nano.a(lib_a-findfp.o)
                0x08002854                __sf_fake_stderr
 .rodata.str1.1
                0x08002874       0x11 /home/trougnouf/.eclipse/org.eclipse.platform_4.5.1_155965261_linux_gtk_x86_64/plugins/fr.ac6.mcu.externaltools.arm-none.linux64_1.3.0.201507241112/tools/compiler/bin/../lib/gcc/arm-none-eabi/4.9.3/../../../../arm-none-eabi/lib/cortex-m7/fpu/fpv5-sp-d16/libc_nano.a(lib_a-nano-vfprintf.o)
 .rodata.str1.1
                0x08002885       0x22 /home/trougnouf/.eclipse/org.eclipse.platform_4.5.1_155965261_linux_gtk_x86_64/plugins/fr.ac6.mcu.externaltools.arm-none.linux64_1.3.0.201507241112/tools/compiler/bin/../lib/gcc/arm-none-eabi/4.9.3/../../../../arm-none-eabi/lib/cortex-m7/fpu/fpv5-sp-d16/libc_nano.a(lib_a-nano-vfprintf_i.o)
                0x080028a8                . = ALIGN (0x4)
 *fill*         0x080028a7        0x1 

.rel.dyn        0x080028a8        0x0
 .rel.iplt      0x00000000        0x0 /home/trougnouf/.eclipse/org.eclipse.platform_4.5.1_155965261_linux_gtk_x86_64/plugins/fr.ac6.mcu.externaltools.arm-none.linux64_1.3.0.201507241112/tools/compiler/bin/../lib/gcc/arm-none-eabi/4.9.3/cortex-m7/fpu/fpv5-sp-d16/crtbegin.o

.ARM.extab
 *(.ARM.extab* .gnu.linkonce.armextab.*)

.ARM            0x080028a8        0x0
                0x080028a8                __exidx_start = .
 *(.ARM.exidx*)
                0x080028a8                __exidx_end = .

.preinit_array  0x080028a8        0x0
                0x080028a8                PROVIDE (__preinit_array_start, .)
 *(.preinit_array*)
                0x080028a8                PROVIDE (__preinit_array_end, .)

.init_array     0x080028a8        0x4
                0x080028a8                PROVIDE (__init_array_start, .)
 *(SORT(.init_array.*))
 *(.init_array*)
 .init_array    0x080028a8        0x4 /home/trougnouf/.eclipse/org.eclipse.platform_4.5.1_155965261_linux_gtk_x86_64/plugins/fr.ac6.mcu.externaltools.arm-none.linux64_1.3.0.201507241112/tools/compiler/bin/../lib/gcc/arm-none-eabi/4.9.3/cortex-m7/fpu/fpv5-sp-d16/crtbegin.o
                0x080028ac                PROVIDE (__init_array_end, .)

.fini_array     0x080028ac        0x4
                0x080028ac                PROVIDE (__fini_array_start, .)
 *(SORT(.fini_array.*))
 *(.fini_array*)
 .fini_array    0x080028ac        0x4 /home/trougnouf/.eclipse/org.eclipse.platform_4.5.1_155965261_linux_gtk_x86_64/plugins/fr.ac6.mcu.externaltools.arm-none.linux64_1.3.0.201507241112/tools/compiler/bin/../lib/gcc/arm-none-eabi/4.9.3/cortex-m7/fpu/fpv5-sp-d16/crtbegin.o
                0x080028b0                PROVIDE (__fini_array_end, .)
                0x080028b0                _sidata = LOADADDR (.data)

.data           0x20000000       0x70 load address 0x080028b0
                0x20000000                . = ALIGN (0x4)
                0x20000000                _sdata = .
 *(.data)
 .data          0x20000000        0x4 Drivers/CMSIS/system_stm32f7xx.o
                0x20000000                SystemCoreClock
 .data          0x20000004        0x4 Middlewares/FreeRTOS/port.o
 .data          0x20000008        0x4 Middlewares/FreeRTOS/tasks.o
 *(.data*)
 .data.impure_data
                0x2000000c       0x60 /home/trougnouf/.eclipse/org.eclipse.platform_4.5.1_155965261_linux_gtk_x86_64/plugins/fr.ac6.mcu.externaltools.arm-none.linux64_1.3.0.201507241112/tools/compiler/bin/../lib/gcc/arm-none-eabi/4.9.3/../../../../arm-none-eabi/lib/cortex-m7/fpu/fpv5-sp-d16/libc_nano.a(lib_a-impure.o)
 .data._impure_ptr
                0x2000006c        0x4 /home/trougnouf/.eclipse/org.eclipse.platform_4.5.1_155965261_linux_gtk_x86_64/plugins/fr.ac6.mcu.externaltools.arm-none.linux64_1.3.0.201507241112/tools/compiler/bin/../lib/gcc/arm-none-eabi/4.9.3/../../../../arm-none-eabi/lib/cortex-m7/fpu/fpv5-sp-d16/libc_nano.a(lib_a-impure.o)
                0x2000006c                _impure_ptr
                0x20000070                . = ALIGN (0x4)
                0x20000070                _edata = .

.jcr            0x20000070        0x0 load address 0x08002920
 .jcr           0x20000070        0x0 /home/trougnouf/.eclipse/org.eclipse.platform_4.5.1_155965261_linux_gtk_x86_64/plugins/fr.ac6.mcu.externaltools.arm-none.linux64_1.3.0.201507241112/tools/compiler/bin/../lib/gcc/arm-none-eabi/4.9.3/cortex-m7/fpu/fpv5-sp-d16/crtbegin.o

.igot.plt       0x20000070        0x0 load address 0x08002920
 .igot.plt      0x00000000        0x0 /home/trougnouf/.eclipse/org.eclipse.platform_4.5.1_155965261_linux_gtk_x86_64/plugins/fr.ac6.mcu.externaltools.arm-none.linux64_1.3.0.201507241112/tools/compiler/bin/../lib/gcc/arm-none-eabi/4.9.3/cortex-m7/fpu/fpv5-sp-d16/crtbegin.o
                0x20000070                . = ALIGN (0x4)

.bss            0x20000070     0x3d80 load address 0x08002920
                0x20000070                _sbss = .
                0x20000070                __bss_start__ = _sbss
 *(.bss)
 .bss           0x20000070       0x1c /home/trougnouf/.eclipse/org.eclipse.platform_4.5.1_155965261_linux_gtk_x86_64/plugins/fr.ac6.mcu.externaltools.arm-none.linux64_1.3.0.201507241112/tools/compiler/bin/../lib/gcc/arm-none-eabi/4.9.3/cortex-m7/fpu/fpv5-sp-d16/crtbegin.o
 .bss           0x2000008c        0x4 Drivers/STM32F7xx_HAL_Driver/stm32f7xx_hal.o
 .bss           0x20000090     0x3c18 Middlewares/FreeRTOS/heap_4.o
 .bss           0x20003ca8        0x8 Middlewares/FreeRTOS/port.o
 .bss           0x20003cb0      0x124 Middlewares/FreeRTOS/tasks.o
                0x20003cdc                pxCurrentTCB
 *(.bss*)
 .bss.__malloc_sbrk_start
                0x20003dd4        0x4 /home/trougnouf/.eclipse/org.eclipse.platform_4.5.1_155965261_linux_gtk_x86_64/plugins/fr.ac6.mcu.externaltools.arm-none.linux64_1.3.0.201507241112/tools/compiler/bin/../lib/gcc/arm-none-eabi/4.9.3/../../../../arm-none-eabi/lib/cortex-m7/fpu/fpv5-sp-d16/libc_nano.a(lib_a-nano-mallocr.o)
                0x20003dd4                __malloc_sbrk_start
 .bss.__malloc_free_list
                0x20003dd8        0x4 /home/trougnouf/.eclipse/org.eclipse.platform_4.5.1_155965261_linux_gtk_x86_64/plugins/fr.ac6.mcu.externaltools.arm-none.linux64_1.3.0.201507241112/tools/compiler/bin/../lib/gcc/arm-none-eabi/4.9.3/../../../../arm-none-eabi/lib/cortex-m7/fpu/fpv5-sp-d16/libc_nano.a(lib_a-nano-mallocr.o)
                0x20003dd8                __malloc_free_list
 .bss.heap_end.4079
                0x20003ddc        0x4 /home/trougnouf/.eclipse/org.eclipse.platform_4.5.1_155965261_linux_gtk_x86_64/plugins/fr.ac6.mcu.externaltools.arm-none.linux64_1.3.0.201507241112/tools/compiler/bin/../lib/gcc/arm-none-eabi/4.9.3/../../../../arm-none-eabi/lib/cortex-m7/fpu/fpv5-sp-d16/libnosys.a(sbrk.o)
 *(COMMON)
 COMMON         0x20003de0        0xc Application/User/main.o
                0x20003de0                defaultTaskHandle
                0x20003de4                LED2ThreadHandle
                0x20003de8                LED1ThreadHandle
 COMMON         0x20003dec        0x4 /home/trougnouf/.eclipse/org.eclipse.platform_4.5.1_155965261_linux_gtk_x86_64/plugins/fr.ac6.mcu.externaltools.arm-none.linux64_1.3.0.201507241112/tools/compiler/bin/../lib/gcc/arm-none-eabi/4.9.3/../../../../arm-none-eabi/lib/cortex-m7/fpu/fpv5-sp-d16/libc_nano.a(lib_a-reent.o)
                0x20003dec                errno
                0x20003df0                . = ALIGN (0x4)
                0x20003df0                _ebss = .
                0x20003df0                __bss_end__ = _ebss

._user_heap_stack
                0x20003df0      0x600 load address 0x08002920
                0x20003df0                . = ALIGN (0x8)
                0x20003df0                PROVIDE (end, .)
                0x20003df0                PROVIDE (_end, .)
                0x20003ff0                . = (. + _Min_Heap_Size)
 *fill*         0x20003df0      0x200 
                0x200043f0                . = (. + _Min_Stack_Size)
 *fill*         0x20003ff0      0x400 
                0x200043f0                . = ALIGN (0x8)

/DISCARD/
 libc.a(*)
 libm.a(*)
 libgcc.a(*)

.ARM.attributes
                0x00000000       0x35
 *(.ARM.attributes)
 .ARM.attributes
                0x00000000       0x27 /home/trougnouf/.eclipse/org.eclipse.platform_4.5.1_155965261_linux_gtk_x86_64/plugins/fr.ac6.mcu.externaltools.arm-none.linux64_1.3.0.201507241112/tools/compiler/bin/../lib/gcc/arm-none-eabi/4.9.3/cortex-m7/fpu/fpv5-sp-d16/crti.o
 .ARM.attributes
                0x00000027       0x39 /home/trougnouf/.eclipse/org.eclipse.platform_4.5.1_155965261_linux_gtk_x86_64/plugins/fr.ac6.mcu.externaltools.arm-none.linux64_1.3.0.201507241112/tools/compiler/bin/../lib/gcc/arm-none-eabi/4.9.3/cortex-m7/fpu/fpv5-sp-d16/crtbegin.o
 .ARM.attributes
                0x00000060       0x21 Application/SW4STM32/startup_stm32f746xx.o
 .ARM.attributes
                0x00000081       0x39 Application/User/main.o
 .ARM.attributes
                0x000000ba       0x39 Application/User/stm32f7xx_hal_msp.o
 .ARM.attributes
                0x000000f3       0x39 Application/User/stm32f7xx_it.o
 .ARM.attributes
                0x0000012c       0x39 Drivers/CMSIS/system_stm32f7xx.o
 .ARM.attributes
                0x00000165       0x39 Drivers/STM32F7xx_HAL_Driver/stm32f7xx_hal.o
 .ARM.attributes
                0x0000019e       0x39 Drivers/STM32F7xx_HAL_Driver/stm32f7xx_hal_cortex.o
 .ARM.attributes
                0x000001d7       0x39 Drivers/STM32F7xx_HAL_Driver/stm32f7xx_hal_gpio.o
 .ARM.attributes
                0x00000210       0x39 Drivers/STM32F7xx_HAL_Driver/stm32f7xx_hal_rcc.o
 .ARM.attributes
                0x00000249       0x39 Middlewares/FreeRTOS/cmsis_os.o
 .ARM.attributes
                0x00000282       0x39 Middlewares/FreeRTOS/heap_4.o
 .ARM.attributes
                0x000002bb       0x39 Middlewares/FreeRTOS/list.o
 .ARM.attributes
                0x000002f4       0x39 Middlewares/FreeRTOS/port.o
 .ARM.attributes
                0x0000032d       0x39 Middlewares/FreeRTOS/tasks.o
 .ARM.attributes
                0x00000366       0x39 /home/trougnouf/.eclipse/org.eclipse.platform_4.5.1_155965261_linux_gtk_x86_64/plugins/fr.ac6.mcu.externaltools.arm-none.linux64_1.3.0.201507241112/tools/compiler/bin/../lib/gcc/arm-none-eabi/4.9.3/../../../../arm-none-eabi/lib/cortex-m7/fpu/fpv5-sp-d16/libc_nano.a(lib_a-impure.o)
 .ARM.attributes
                0x0000039f       0x39 /home/trougnouf/.eclipse/org.eclipse.platform_4.5.1_155965261_linux_gtk_x86_64/plugins/fr.ac6.mcu.externaltools.arm-none.linux64_1.3.0.201507241112/tools/compiler/bin/../lib/gcc/arm-none-eabi/4.9.3/../../../../arm-none-eabi/lib/cortex-m7/fpu/fpv5-sp-d16/libc_nano.a(lib_a-init.o)
 .ARM.attributes
                0x000003d8       0x39 /home/trougnouf/.eclipse/org.eclipse.platform_4.5.1_155965261_linux_gtk_x86_64/plugins/fr.ac6.mcu.externaltools.arm-none.linux64_1.3.0.201507241112/tools/compiler/bin/../lib/gcc/arm-none-eabi/4.9.3/../../../../arm-none-eabi/lib/cortex-m7/fpu/fpv5-sp-d16/libc_nano.a(lib_a-memset.o)
 .ARM.attributes
                0x00000411       0x39 /home/trougnouf/.eclipse/org.eclipse.platform_4.5.1_155965261_linux_gtk_x86_64/plugins/fr.ac6.mcu.externaltools.arm-none.linux64_1.3.0.201507241112/tools/compiler/bin/../lib/gcc/arm-none-eabi/4.9.3/../../../../arm-none-eabi/lib/cortex-m7/fpu/fpv5-sp-d16/libc_nano.a(lib_a-printf.o)
 .ARM.attributes
                0x0000044a       0x39 /home/trougnouf/.eclipse/org.eclipse.platform_4.5.1_155965261_linux_gtk_x86_64/plugins/fr.ac6.mcu.externaltools.arm-none.linux64_1.3.0.201507241112/tools/compiler/bin/../lib/gcc/arm-none-eabi/4.9.3/../../../../arm-none-eabi/lib/cortex-m7/fpu/fpv5-sp-d16/libc_nano.a(lib_a-findfp.o)
 .ARM.attributes
                0x00000483       0x39 /home/trougnouf/.eclipse/org.eclipse.platform_4.5.1_155965261_linux_gtk_x86_64/plugins/fr.ac6.mcu.externaltools.arm-none.linux64_1.3.0.201507241112/tools/compiler/bin/../lib/gcc/arm-none-eabi/4.9.3/../../../../arm-none-eabi/lib/cortex-m7/fpu/fpv5-sp-d16/libc_nano.a(lib_a-fwalk.o)
 .ARM.attributes
                0x000004bc       0x39 /home/trougnouf/.eclipse/org.eclipse.platform_4.5.1_155965261_linux_gtk_x86_64/plugins/fr.ac6.mcu.externaltools.arm-none.linux64_1.3.0.201507241112/tools/compiler/bin/../lib/gcc/arm-none-eabi/4.9.3/../../../../arm-none-eabi/lib/cortex-m7/fpu/fpv5-sp-d16/libc_nano.a(lib_a-nano-freer.o)
 .ARM.attributes
                0x000004f5       0x39 /home/trougnouf/.eclipse/org.eclipse.platform_4.5.1_155965261_linux_gtk_x86_64/plugins/fr.ac6.mcu.externaltools.arm-none.linux64_1.3.0.201507241112/tools/compiler/bin/../lib/gcc/arm-none-eabi/4.9.3/../../../../arm-none-eabi/lib/cortex-m7/fpu/fpv5-sp-d16/libc_nano.a(lib_a-nano-mallocr.o)
 .ARM.attributes
                0x0000052e       0x39 /home/trougnouf/.eclipse/org.eclipse.platform_4.5.1_155965261_linux_gtk_x86_64/plugins/fr.ac6.mcu.externaltools.arm-none.linux64_1.3.0.201507241112/tools/compiler/bin/../lib/gcc/arm-none-eabi/4.9.3/../../../../arm-none-eabi/lib/cortex-m7/fpu/fpv5-sp-d16/libc_nano.a(lib_a-nano-vfprintf.o)
 .ARM.attributes
                0x00000567       0x39 /home/trougnouf/.eclipse/org.eclipse.platform_4.5.1_155965261_linux_gtk_x86_64/plugins/fr.ac6.mcu.externaltools.arm-none.linux64_1.3.0.201507241112/tools/compiler/bin/../lib/gcc/arm-none-eabi/4.9.3/../../../../arm-none-eabi/lib/cortex-m7/fpu/fpv5-sp-d16/libc_nano.a(lib_a-nano-vfprintf_i.o)
 .ARM.attributes
                0x000005a0       0x39 /home/trougnouf/.eclipse/org.eclipse.platform_4.5.1_155965261_linux_gtk_x86_64/plugins/fr.ac6.mcu.externaltools.arm-none.linux64_1.3.0.201507241112/tools/compiler/bin/../lib/gcc/arm-none-eabi/4.9.3/../../../../arm-none-eabi/lib/cortex-m7/fpu/fpv5-sp-d16/libc_nano.a(lib_a-sbrkr.o)
 .ARM.attributes
                0x000005d9       0x39 /home/trougnouf/.eclipse/org.eclipse.platform_4.5.1_155965261_linux_gtk_x86_64/plugins/fr.ac6.mcu.externaltools.arm-none.linux64_1.3.0.201507241112/tools/compiler/bin/../lib/gcc/arm-none-eabi/4.9.3/../../../../arm-none-eabi/lib/cortex-m7/fpu/fpv5-sp-d16/libc_nano.a(lib_a-stdio.o)
 .ARM.attributes
                0x00000612       0x39 /home/trougnouf/.eclipse/org.eclipse.platform_4.5.1_155965261_linux_gtk_x86_64/plugins/fr.ac6.mcu.externaltools.arm-none.linux64_1.3.0.201507241112/tools/compiler/bin/../lib/gcc/arm-none-eabi/4.9.3/../../../../arm-none-eabi/lib/cortex-m7/fpu/fpv5-sp-d16/libc_nano.a(lib_a-wbuf.o)
 .ARM.attributes
                0x0000064b       0x39 /home/trougnouf/.eclipse/org.eclipse.platform_4.5.1_155965261_linux_gtk_x86_64/plugins/fr.ac6.mcu.externaltools.arm-none.linux64_1.3.0.201507241112/tools/compiler/bin/../lib/gcc/arm-none-eabi/4.9.3/../../../../arm-none-eabi/lib/cortex-m7/fpu/fpv5-sp-d16/libc_nano.a(lib_a-writer.o)
 .ARM.attributes
                0x00000684       0x39 /home/trougnouf/.eclipse/org.eclipse.platform_4.5.1_155965261_linux_gtk_x86_64/plugins/fr.ac6.mcu.externaltools.arm-none.linux64_1.3.0.201507241112/tools/compiler/bin/../lib/gcc/arm-none-eabi/4.9.3/../../../../arm-none-eabi/lib/cortex-m7/fpu/fpv5-sp-d16/libc_nano.a(lib_a-wsetup.o)
 .ARM.attributes
                0x000006bd       0x39 /home/trougnouf/.eclipse/org.eclipse.platform_4.5.1_155965261_linux_gtk_x86_64/plugins/fr.ac6.mcu.externaltools.arm-none.linux64_1.3.0.201507241112/tools/compiler/bin/../lib/gcc/arm-none-eabi/4.9.3/../../../../arm-none-eabi/lib/cortex-m7/fpu/fpv5-sp-d16/libc_nano.a(lib_a-closer.o)
 .ARM.attributes
                0x000006f6       0x39 /home/trougnouf/.eclipse/org.eclipse.platform_4.5.1_155965261_linux_gtk_x86_64/plugins/fr.ac6.mcu.externaltools.arm-none.linux64_1.3.0.201507241112/tools/compiler/bin/../lib/gcc/arm-none-eabi/4.9.3/../../../../arm-none-eabi/lib/cortex-m7/fpu/fpv5-sp-d16/libc_nano.a(lib_a-fflush.o)
 .ARM.attributes
                0x0000072f       0x39 /home/trougnouf/.eclipse/org.eclipse.platform_4.5.1_155965261_linux_gtk_x86_64/plugins/fr.ac6.mcu.externaltools.arm-none.linux64_1.3.0.201507241112/tools/compiler/bin/../lib/gcc/arm-none-eabi/4.9.3/../../../../arm-none-eabi/lib/cortex-m7/fpu/fpv5-sp-d16/libc_nano.a(lib_a-lseekr.o)
 .ARM.attributes
                0x00000768       0x39 /home/trougnouf/.eclipse/org.eclipse.platform_4.5.1_155965261_linux_gtk_x86_64/plugins/fr.ac6.mcu.externaltools.arm-none.linux64_1.3.0.201507241112/tools/compiler/bin/../lib/gcc/arm-none-eabi/4.9.3/../../../../arm-none-eabi/lib/cortex-m7/fpu/fpv5-sp-d16/libc_nano.a(lib_a-makebuf.o)
 .ARM.attributes
                0x000007a1       0x39 /home/trougnouf/.eclipse/org.eclipse.platform_4.5.1_155965261_linux_gtk_x86_64/plugins/fr.ac6.mcu.externaltools.arm-none.linux64_1.3.0.201507241112/tools/compiler/bin/../lib/gcc/arm-none-eabi/4.9.3/../../../../arm-none-eabi/lib/cortex-m7/fpu/fpv5-sp-d16/libc_nano.a(lib_a-memchr.o)
 .ARM.attributes
                0x000007da       0x39 /home/trougnouf/.eclipse/org.eclipse.platform_4.5.1_155965261_linux_gtk_x86_64/plugins/fr.ac6.mcu.externaltools.arm-none.linux64_1.3.0.201507241112/tools/compiler/bin/../lib/gcc/arm-none-eabi/4.9.3/../../../../arm-none-eabi/lib/cortex-m7/fpu/fpv5-sp-d16/libc_nano.a(lib_a-readr.o)
 .ARM.attributes
                0x00000813       0x39 /home/trougnouf/.eclipse/org.eclipse.platform_4.5.1_155965261_linux_gtk_x86_64/plugins/fr.ac6.mcu.externaltools.arm-none.linux64_1.3.0.201507241112/tools/compiler/bin/../lib/gcc/arm-none-eabi/4.9.3/../../../../arm-none-eabi/lib/cortex-m7/fpu/fpv5-sp-d16/libc_nano.a(lib_a-reent.o)
 .ARM.attributes
                0x0000084c       0x39 /home/trougnouf/.eclipse/org.eclipse.platform_4.5.1_155965261_linux_gtk_x86_64/plugins/fr.ac6.mcu.externaltools.arm-none.linux64_1.3.0.201507241112/tools/compiler/bin/../lib/gcc/arm-none-eabi/4.9.3/../../../../arm-none-eabi/lib/cortex-m7/fpu/fpv5-sp-d16/libc_nano.a(lib_a-fstatr.o)
 .ARM.attributes
                0x00000885       0x39 /home/trougnouf/.eclipse/org.eclipse.platform_4.5.1_155965261_linux_gtk_x86_64/plugins/fr.ac6.mcu.externaltools.arm-none.linux64_1.3.0.201507241112/tools/compiler/bin/../lib/gcc/arm-none-eabi/4.9.3/../../../../arm-none-eabi/lib/cortex-m7/fpu/fpv5-sp-d16/libc_nano.a(lib_a-isattyr.o)
 .ARM.attributes
                0x000008be       0x39 /home/trougnouf/.eclipse/org.eclipse.platform_4.5.1_155965261_linux_gtk_x86_64/plugins/fr.ac6.mcu.externaltools.arm-none.linux64_1.3.0.201507241112/tools/compiler/bin/../lib/gcc/arm-none-eabi/4.9.3/../../../../arm-none-eabi/lib/cortex-m7/fpu/fpv5-sp-d16/libnosys.a(close.o)
 .ARM.attributes
                0x000008f7       0x39 /home/trougnouf/.eclipse/org.eclipse.platform_4.5.1_155965261_linux_gtk_x86_64/plugins/fr.ac6.mcu.externaltools.arm-none.linux64_1.3.0.201507241112/tools/compiler/bin/../lib/gcc/arm-none-eabi/4.9.3/../../../../arm-none-eabi/lib/cortex-m7/fpu/fpv5-sp-d16/libnosys.a(fstat.o)
 .ARM.attributes
                0x00000930       0x39 /home/trougnouf/.eclipse/org.eclipse.platform_4.5.1_155965261_linux_gtk_x86_64/plugins/fr.ac6.mcu.externaltools.arm-none.linux64_1.3.0.201507241112/tools/compiler/bin/../lib/gcc/arm-none-eabi/4.9.3/../../../../arm-none-eabi/lib/cortex-m7/fpu/fpv5-sp-d16/libnosys.a(isatty.o)
 .ARM.attributes
                0x00000969       0x39 /home/trougnouf/.eclipse/org.eclipse.platform_4.5.1_155965261_linux_gtk_x86_64/plugins/fr.ac6.mcu.externaltools.arm-none.linux64_1.3.0.201507241112/tools/compiler/bin/../lib/gcc/arm-none-eabi/4.9.3/../../../../arm-none-eabi/lib/cortex-m7/fpu/fpv5-sp-d16/libnosys.a(lseek.o)
 .ARM.attributes
                0x000009a2       0x39 /home/trougnouf/.eclipse/org.eclipse.platform_4.5.1_155965261_linux_gtk_x86_64/plugins/fr.ac6.mcu.externaltools.arm-none.linux64_1.3.0.201507241112/tools/compiler/bin/../lib/gcc/arm-none-eabi/4.9.3/../../../../arm-none-eabi/lib/cortex-m7/fpu/fpv5-sp-d16/libnosys.a(read.o)
 .ARM.attributes
                0x000009db       0x39 /home/trougnouf/.eclipse/org.eclipse.platform_4.5.1_155965261_linux_gtk_x86_64/plugins/fr.ac6.mcu.externaltools.arm-none.linux64_1.3.0.201507241112/tools/compiler/bin/../lib/gcc/arm-none-eabi/4.9.3/../../../../arm-none-eabi/lib/cortex-m7/fpu/fpv5-sp-d16/libnosys.a(sbrk.o)
 .ARM.attributes
                0x00000a14       0x39 /home/trougnouf/.eclipse/org.eclipse.platform_4.5.1_155965261_linux_gtk_x86_64/plugins/fr.ac6.mcu.externaltools.arm-none.linux64_1.3.0.201507241112/tools/compiler/bin/../lib/gcc/arm-none-eabi/4.9.3/../../../../arm-none-eabi/lib/cortex-m7/fpu/fpv5-sp-d16/libnosys.a(write.o)
 .ARM.attributes
                0x00000a4d       0x27 /home/trougnouf/.eclipse/org.eclipse.platform_4.5.1_155965261_linux_gtk_x86_64/plugins/fr.ac6.mcu.externaltools.arm-none.linux64_1.3.0.201507241112/tools/compiler/bin/../lib/gcc/arm-none-eabi/4.9.3/cortex-m7/fpu/fpv5-sp-d16/crtn.o
OUTPUT(2015-12-05-rtos Configuration.elf elf32-littlearm)

.debug_line     0x00000000     0x7d6c
 .debug_line    0x00000000       0xd5 Application/SW4STM32/startup_stm32f746xx.o
 .debug_line    0x000000d5      0xa9f Application/User/main.o
 .debug_line    0x00000b74      0x7ba Application/User/stm32f7xx_hal_msp.o
 .debug_line    0x0000132e      0x9bb Application/User/stm32f7xx_it.o
 .debug_line    0x00001ce9      0x802 Drivers/CMSIS/system_stm32f7xx.o
 .debug_line    0x000024eb      0x963 Drivers/STM32F7xx_HAL_Driver/stm32f7xx_hal.o
 .debug_line    0x00002e4e      0x9b2 Drivers/STM32F7xx_HAL_Driver/stm32f7xx_hal_cortex.o
 .debug_line    0x00003800      0x9bb Drivers/STM32F7xx_HAL_Driver/stm32f7xx_hal_gpio.o
 .debug_line    0x000041bb      0xb4a Drivers/STM32F7xx_HAL_Driver/stm32f7xx_hal_rcc.o
 .debug_line    0x00004d05      0xc59 Middlewares/FreeRTOS/cmsis_os.o
 .debug_line    0x0000595e      0x744 Middlewares/FreeRTOS/heap_4.o
 .debug_line    0x000060a2      0x66a Middlewares/FreeRTOS/list.o
 .debug_line    0x0000670c      0x6c2 Middlewares/FreeRTOS/port.o
 .debug_line    0x00006dce      0xf9e Middlewares/FreeRTOS/tasks.o

.debug_info     0x00000000     0x9be2
 .debug_info    0x00000000       0xf2 Application/SW4STM32/startup_stm32f746xx.o
 .debug_info    0x000000f2      0xeb6 Application/User/main.o
 .debug_info    0x00000fa8      0x3d7 Application/User/stm32f7xx_hal_msp.o
 .debug_info    0x0000137f       0xdc Application/User/stm32f7xx_it.o
 .debug_info    0x0000145b      0x6a2 Drivers/CMSIS/system_stm32f7xx.o
 .debug_info    0x00001afd      0x93d Drivers/STM32F7xx_HAL_Driver/stm32f7xx_hal.o
 .debug_info    0x0000243a     0x10b3 Drivers/STM32F7xx_HAL_Driver/stm32f7xx_hal_cortex.o
 .debug_info    0x000034ed      0x735 Drivers/STM32F7xx_HAL_Driver/stm32f7xx_hal_gpio.o
 .debug_info    0x00003c22      0xd4c Drivers/STM32F7xx_HAL_Driver/stm32f7xx_hal_rcc.o
 .debug_info    0x0000496e     0x1f69 Middlewares/FreeRTOS/cmsis_os.o
 .debug_info    0x000068d7      0x486 Middlewares/FreeRTOS/heap_4.o
 .debug_info    0x00006d5d      0x29a Middlewares/FreeRTOS/list.o
 .debug_info    0x00006ff7      0x501 Middlewares/FreeRTOS/port.o
 .debug_info    0x000074f8     0x26ea Middlewares/FreeRTOS/tasks.o

.debug_abbrev   0x00000000     0x1cea
 .debug_abbrev  0x00000000       0x12 Application/SW4STM32/startup_stm32f746xx.o
 .debug_abbrev  0x00000012      0x2e9 Application/User/main.o
 .debug_abbrev  0x000002fb       0xd6 Application/User/stm32f7xx_hal_msp.o
 .debug_abbrev  0x000003d1       0xa7 Application/User/stm32f7xx_it.o
 .debug_abbrev  0x00000478      0x120 Drivers/CMSIS/system_stm32f7xx.o
 .debug_abbrev  0x00000598      0x206 Drivers/STM32F7xx_HAL_Driver/stm32f7xx_hal.o
 .debug_abbrev  0x0000079e      0x30a Drivers/STM32F7xx_HAL_Driver/stm32f7xx_hal_cortex.o
 .debug_abbrev  0x00000aa8      0x1c9 Drivers/STM32F7xx_HAL_Driver/stm32f7xx_hal_gpio.o
 .debug_abbrev  0x00000c71      0x339 Drivers/STM32F7xx_HAL_Driver/stm32f7xx_hal_rcc.o
 .debug_abbrev  0x00000faa      0x420 Middlewares/FreeRTOS/cmsis_os.o
 .debug_abbrev  0x000013ca      0x244 Middlewares/FreeRTOS/heap_4.o
 .debug_abbrev  0x0000160e       0xdd Middlewares/FreeRTOS/list.o
 .debug_abbrev  0x000016eb      0x21f Middlewares/FreeRTOS/port.o
 .debug_abbrev  0x0000190a      0x3e0 Middlewares/FreeRTOS/tasks.o

.debug_aranges  0x00000000      0x738
 .debug_aranges
                0x00000000       0x28 Application/SW4STM32/startup_stm32f746xx.o
 .debug_aranges
                0x00000028       0x40 Application/User/main.o
 .debug_aranges
                0x00000068       0x20 Application/User/stm32f7xx_hal_msp.o
 .debug_aranges
                0x00000088       0x20 Application/User/stm32f7xx_it.o
 .debug_aranges
                0x000000a8       0x28 Drivers/CMSIS/system_stm32f7xx.o
 .debug_aranges
                0x000000d0       0xd0 Drivers/STM32F7xx_HAL_Driver/stm32f7xx_hal.o
 .debug_aranges
                0x000001a0       0x98 Drivers/STM32F7xx_HAL_Driver/stm32f7xx_hal_cortex.o
 .debug_aranges
                0x00000238       0x58 Drivers/STM32F7xx_HAL_Driver/stm32f7xx_hal_gpio.o
 .debug_aranges
                0x00000290       0x88 Drivers/STM32F7xx_HAL_Driver/stm32f7xx_hal_rcc.o
 .debug_aranges
                0x00000318      0x198 Middlewares/FreeRTOS/cmsis_os.o
 .debug_aranges
                0x000004b0       0x48 Middlewares/FreeRTOS/heap_4.o
 .debug_aranges
                0x000004f8       0x40 Middlewares/FreeRTOS/list.o
 .debug_aranges
                0x00000538       0x80 Middlewares/FreeRTOS/port.o
 .debug_aranges
                0x000005b8      0x180 Middlewares/FreeRTOS/tasks.o

.debug_ranges   0x00000000      0xa10
 .debug_ranges  0x00000000       0x20 Application/SW4STM32/startup_stm32f746xx.o
 .debug_ranges  0x00000020       0xf8 Application/User/main.o
 .debug_ranges  0x00000118       0x10 Application/User/stm32f7xx_hal_msp.o
 .debug_ranges  0x00000128       0x10 Application/User/stm32f7xx_it.o
 .debug_ranges  0x00000138       0x18 Drivers/CMSIS/system_stm32f7xx.o
 .debug_ranges  0x00000150       0xc0 Drivers/STM32F7xx_HAL_Driver/stm32f7xx_hal.o
 .debug_ranges  0x00000210      0x108 Drivers/STM32F7xx_HAL_Driver/stm32f7xx_hal_cortex.o
 .debug_ranges  0x00000318       0x68 Drivers/STM32F7xx_HAL_Driver/stm32f7xx_hal_gpio.o
 .debug_ranges  0x00000380      0x198 Drivers/STM32F7xx_HAL_Driver/stm32f7xx_hal_rcc.o
 .debug_ranges  0x00000518      0x1b8 Middlewares/FreeRTOS/cmsis_os.o
 .debug_ranges  0x000006d0       0x38 Middlewares/FreeRTOS/heap_4.o
 .debug_ranges  0x00000708       0x30 Middlewares/FreeRTOS/list.o
 .debug_ranges  0x00000738       0x88 Middlewares/FreeRTOS/port.o
 .debug_ranges  0x000007c0      0x250 Middlewares/FreeRTOS/tasks.o

.debug_loc      0x00000000     0x3b67
 .debug_loc     0x00000000       0x8f Application/User/main.o
 .debug_loc     0x0000008f       0xf1 Drivers/CMSIS/system_stm32f7xx.o
 .debug_loc     0x00000180       0x5c Drivers/STM32F7xx_HAL_Driver/stm32f7xx_hal.o
 .debug_loc     0x000001dc      0x3c2 Drivers/STM32F7xx_HAL_Driver/stm32f7xx_hal_cortex.o
 .debug_loc     0x0000059e      0x3b7 Drivers/STM32F7xx_HAL_Driver/stm32f7xx_hal_gpio.o
 .debug_loc     0x00000955      0x5d4 Drivers/STM32F7xx_HAL_Driver/stm32f7xx_hal_rcc.o
 .debug_loc     0x00000f29     0x116a Middlewares/FreeRTOS/cmsis_os.o
 .debug_loc     0x00002093      0x389 Middlewares/FreeRTOS/heap_4.o
 .debug_loc     0x0000241c       0x94 Middlewares/FreeRTOS/list.o
 .debug_loc     0x000024b0       0x74 Middlewares/FreeRTOS/port.o
 .debug_loc     0x00002524     0x1643 Middlewares/FreeRTOS/tasks.o

.debug_macro    0x00000000    0x1479c
 .debug_macro   0x00000000      0x31a Application/User/main.o
 .debug_macro   0x0000031a      0x18f Application/User/main.o
 .debug_macro   0x000004a9       0x2e Application/User/main.o
 .debug_macro   0x000004d7       0x3b Application/User/main.o
 .debug_macro   0x00000512       0x3b Application/User/main.o
 .debug_macro   0x0000054d       0x34 Application/User/main.o
 .debug_macro   0x00000581       0x26 Application/User/main.o
 .debug_macro   0x000005a7     0x10a4 Application/User/main.o
 .debug_macro   0x0000164b     0xa6e5 Application/User/main.o
 .debug_macro   0x0000bd30       0x43 Application/User/main.o
 .debug_macro   0x0000bd73     0x32f8 Application/User/main.o
 .debug_macro   0x0000f06b       0x58 Application/User/main.o
 .debug_macro   0x0000f0c3       0x35 Application/User/main.o
 .debug_macro   0x0000f0f8       0x9c Application/User/main.o
 .debug_macro   0x0000f194       0x16 Application/User/main.o
 .debug_macro   0x0000f1aa       0x97 Application/User/main.o
 .debug_macro   0x0000f241      0x29d Application/User/main.o
 .debug_macro   0x0000f4de       0xef Application/User/main.o
 .debug_macro   0x0000f5cd       0x10 Application/User/main.o
 .debug_macro   0x0000f5dd       0x52 Application/User/main.o
 .debug_macro   0x0000f62f       0x16 Application/User/main.o
 .debug_macro   0x0000f645       0x43 Application/User/main.o
 .debug_macro   0x0000f688      0x180 Application/User/main.o
 .debug_macro   0x0000f808       0x10 Application/User/main.o
 .debug_macro   0x0000f818       0x22 Application/User/main.o
 .debug_macro   0x0000f83a       0xbd Application/User/main.o
 .debug_macro   0x0000f8f7       0x16 Application/User/main.o
 .debug_macro   0x0000f90d      0x196 Application/User/main.o
 .debug_macro   0x0000faa3       0x50 Application/User/main.o
 .debug_macro   0x0000faf3      0x5c9 Application/User/main.o
 .debug_macro   0x000100bc     0x188a Application/User/main.o
 .debug_macro   0x00011946       0xdd Application/User/main.o
 .debug_macro   0x00011a23      0x11e Application/User/main.o
 .debug_macro   0x00011b41      0x1f4 Application/User/main.o
 .debug_macro   0x00011d35       0x27 Application/User/main.o
 .debug_macro   0x00011d5c      0x272 Application/User/main.o
 .debug_macro   0x00011fce       0x5f Application/User/main.o
 .debug_macro   0x0001202d      0x241 Application/User/main.o
 .debug_macro   0x0001226e      0x111 Application/User/main.o
 .debug_macro   0x0001237f      0x293 Application/User/main.o
 .debug_macro   0x00012612      0x133 Application/User/main.o
 .debug_macro   0x00012745      0x10c Application/User/main.o
 .debug_macro   0x00012851       0x3c Application/User/main.o
 .debug_macro   0x0001288d      0x130 Application/User/main.o
 .debug_macro   0x000129bd       0x16 Application/User/main.o
 .debug_macro   0x000129d3       0xd2 Application/User/main.o
 .debug_macro   0x00012aa5       0x91 Application/User/main.o
 .debug_macro   0x00012b36       0xb0 Application/User/main.o
 .debug_macro   0x00012be6       0x7f Application/User/main.o
 .debug_macro   0x00012c65       0xcf Application/User/main.o
 .debug_macro   0x00012d34      0x252 Application/User/stm32f7xx_hal_msp.o
 .debug_macro   0x00012f86      0x324 Application/User/stm32f7xx_it.o
 .debug_macro   0x000132aa      0x249 Drivers/CMSIS/system_stm32f7xx.o
 .debug_macro   0x000134f3      0x276 Drivers/STM32F7xx_HAL_Driver/stm32f7xx_hal.o
 .debug_macro   0x00013769      0x252 Drivers/STM32F7xx_HAL_Driver/stm32f7xx_hal_cortex.o
 .debug_macro   0x000139bb      0x28a Drivers/STM32F7xx_HAL_Driver/stm32f7xx_hal_gpio.o
 .debug_macro   0x00013c45      0x276 Drivers/STM32F7xx_HAL_Driver/stm32f7xx_hal_rcc.o
 .debug_macro   0x00013ebb      0x1bf Middlewares/FreeRTOS/cmsis_os.o
 .debug_macro   0x0001407a       0x4a Middlewares/FreeRTOS/cmsis_os.o
 .debug_macro   0x000140c4       0x10 Middlewares/FreeRTOS/cmsis_os.o
 .debug_macro   0x000140d4       0x35 Middlewares/FreeRTOS/cmsis_os.o
 .debug_macro   0x00014109      0x18e Middlewares/FreeRTOS/heap_4.o
 .debug_macro   0x00014297      0x167 Middlewares/FreeRTOS/list.o
 .debug_macro   0x000143fe      0x173 Middlewares/FreeRTOS/port.o
 .debug_macro   0x00014571      0x215 Middlewares/FreeRTOS/tasks.o
 .debug_macro   0x00014786       0x16 Middlewares/FreeRTOS/tasks.o

.debug_str      0x00000000    0x8d418
 .debug_str     0x00000000    0x8a13a Application/User/main.o
                              0x8a3fa (size before relaxing)
 .debug_str     0x0008a13a       0x6b Application/User/stm32f7xx_hal_msp.o
                              0x84ef4 (size before relaxing)
 .debug_str     0x0008a1a5       0x7c Application/User/stm32f7xx_it.o
                              0x897c8 (size before relaxing)
 .debug_str     0x0008a221      0x1f8 Drivers/CMSIS/system_stm32f7xx.o
                              0x83b75 (size before relaxing)
 .debug_str     0x0008a419      0x32f Drivers/STM32F7xx_HAL_Driver/stm32f7xx_hal.o
                              0x8543b (size before relaxing)
 .debug_str     0x0008a748      0x332 Drivers/STM32F7xx_HAL_Driver/stm32f7xx_hal_cortex.o
                              0x854b3 (size before relaxing)
 .debug_str     0x0008aa7a      0x227 Drivers/STM32F7xx_HAL_Driver/stm32f7xx_hal_gpio.o
                              0x84d6f (size before relaxing)
 .debug_str     0x0008aca1      0x255 Drivers/STM32F7xx_HAL_Driver/stm32f7xx_hal_rcc.o
                              0x84ee0 (size before relaxing)
 .debug_str     0x0008aef6      0x940 Middlewares/FreeRTOS/cmsis_os.o
                               0xafc4 (size before relaxing)
 .debug_str     0x0008b836      0x3b1 Middlewares/FreeRTOS/heap_4.o
                               0x87de (size before relaxing)
 .debug_str     0x0008bbe7      0x164 Middlewares/FreeRTOS/list.o
                               0x80a7 (size before relaxing)
 .debug_str     0x0008bd4b      0x772 Middlewares/FreeRTOS/port.o
                               0x6abd (size before relaxing)
 .debug_str     0x0008c4bd      0xf5b Middlewares/FreeRTOS/tasks.o
                               0xa0e9 (size before relaxing)

.comment        0x00000000       0x70
 .comment       0x00000000       0x70 Application/User/main.o
                                 0x71 (size before relaxing)
 .comment       0x00000000       0x71 Application/User/stm32f7xx_hal_msp.o
 .comment       0x00000000       0x71 Application/User/stm32f7xx_it.o
 .comment       0x00000000       0x71 Drivers/CMSIS/system_stm32f7xx.o
 .comment       0x00000000       0x71 Drivers/STM32F7xx_HAL_Driver/stm32f7xx_hal.o
 .comment       0x00000000       0x71 Drivers/STM32F7xx_HAL_Driver/stm32f7xx_hal_cortex.o
 .comment       0x00000000       0x71 Drivers/STM32F7xx_HAL_Driver/stm32f7xx_hal_gpio.o
 .comment       0x00000000       0x71 Drivers/STM32F7xx_HAL_Driver/stm32f7xx_hal_rcc.o
 .comment       0x00000000       0x71 Middlewares/FreeRTOS/cmsis_os.o
 .comment       0x00000000       0x71 Middlewares/FreeRTOS/heap_4.o
 .comment       0x00000000       0x71 Middlewares/FreeRTOS/list.o
 .comment       0x00000000       0x71 Middlewares/FreeRTOS/port.o
 .comment       0x00000000       0x71 Middlewares/FreeRTOS/tasks.o

.debug_frame    0x00000000     0x1980
 .debug_frame   0x00000000       0x98 Application/User/main.o
 .debug_frame   0x00000098       0x2c Application/User/stm32f7xx_hal_msp.o
 .debug_frame   0x000000c4       0x2c Application/User/stm32f7xx_it.o
 .debug_frame   0x000000f0       0x30 Drivers/CMSIS/system_stm32f7xx.o
 .debug_frame   0x00000120      0x1a4 Drivers/STM32F7xx_HAL_Driver/stm32f7xx_hal.o
 .debug_frame   0x000002c4      0x134 Drivers/STM32F7xx_HAL_Driver/stm32f7xx_hal_cortex.o
 .debug_frame   0x000003f8       0xc4 Drivers/STM32F7xx_HAL_Driver/stm32f7xx_hal_gpio.o
 .debug_frame   0x000004bc      0x150 Drivers/STM32F7xx_HAL_Driver/stm32f7xx_hal_rcc.o
 .debug_frame   0x0000060c      0x490 Middlewares/FreeRTOS/cmsis_os.o
 .debug_frame   0x00000a9c       0xa4 Middlewares/FreeRTOS/heap_4.o
 .debug_frame   0x00000b40       0x6c Middlewares/FreeRTOS/list.o
 .debug_frame   0x00000bac       0xf0 Middlewares/FreeRTOS/port.o
 .debug_frame   0x00000c9c      0x528 Middlewares/FreeRTOS/tasks.o
 .debug_frame   0x000011c4       0x2c /home/trougnouf/.eclipse/org.eclipse.platform_4.5.1_155965261_linux_gtk_x86_64/plugins/fr.ac6.mcu.externaltools.arm-none.linux64_1.3.0.201507241112/tools/compiler/bin/../lib/gcc/arm-none-eabi/4.9.3/../../../../arm-none-eabi/lib/cortex-m7/fpu/fpv5-sp-d16/libc_nano.a(lib_a-init.o)
 .debug_frame   0x000011f0       0x20 /home/trougnouf/.eclipse/org.eclipse.platform_4.5.1_155965261_linux_gtk_x86_64/plugins/fr.ac6.mcu.externaltools.arm-none.linux64_1.3.0.201507241112/tools/compiler/bin/../lib/gcc/arm-none-eabi/4.9.3/../../../../arm-none-eabi/lib/cortex-m7/fpu/fpv5-sp-d16/libc_nano.a(lib_a-memset.o)
 .debug_frame   0x00001210       0x74 /home/trougnouf/.eclipse/org.eclipse.platform_4.5.1_155965261_linux_gtk_x86_64/plugins/fr.ac6.mcu.externaltools.arm-none.linux64_1.3.0.201507241112/tools/compiler/bin/../lib/gcc/arm-none-eabi/4.9.3/../../../../arm-none-eabi/lib/cortex-m7/fpu/fpv5-sp-d16/libc_nano.a(lib_a-printf.o)
 .debug_frame   0x00001284      0x11c /home/trougnouf/.eclipse/org.eclipse.platform_4.5.1_155965261_linux_gtk_x86_64/plugins/fr.ac6.mcu.externaltools.arm-none.linux64_1.3.0.201507241112/tools/compiler/bin/../lib/gcc/arm-none-eabi/4.9.3/../../../../arm-none-eabi/lib/cortex-m7/fpu/fpv5-sp-d16/libc_nano.a(lib_a-findfp.o)
 .debug_frame   0x000013a0       0x54 /home/trougnouf/.eclipse/org.eclipse.platform_4.5.1_155965261_linux_gtk_x86_64/plugins/fr.ac6.mcu.externaltools.arm-none.linux64_1.3.0.201507241112/tools/compiler/bin/../lib/gcc/arm-none-eabi/4.9.3/../../../../arm-none-eabi/lib/cortex-m7/fpu/fpv5-sp-d16/libc_nano.a(lib_a-fwalk.o)
 .debug_frame   0x000013f4       0x2c /home/trougnouf/.eclipse/org.eclipse.platform_4.5.1_155965261_linux_gtk_x86_64/plugins/fr.ac6.mcu.externaltools.arm-none.linux64_1.3.0.201507241112/tools/compiler/bin/../lib/gcc/arm-none-eabi/4.9.3/../../../../arm-none-eabi/lib/cortex-m7/fpu/fpv5-sp-d16/libc_nano.a(lib_a-nano-freer.o)
 .debug_frame   0x00001420       0x2c /home/trougnouf/.eclipse/org.eclipse.platform_4.5.1_155965261_linux_gtk_x86_64/plugins/fr.ac6.mcu.externaltools.arm-none.linux64_1.3.0.201507241112/tools/compiler/bin/../lib/gcc/arm-none-eabi/4.9.3/../../../../arm-none-eabi/lib/cortex-m7/fpu/fpv5-sp-d16/libc_nano.a(lib_a-nano-mallocr.o)
 .debug_frame   0x0000144c       0xb8 /home/trougnouf/.eclipse/org.eclipse.platform_4.5.1_155965261_linux_gtk_x86_64/plugins/fr.ac6.mcu.externaltools.arm-none.linux64_1.3.0.201507241112/tools/compiler/bin/../lib/gcc/arm-none-eabi/4.9.3/../../../../arm-none-eabi/lib/cortex-m7/fpu/fpv5-sp-d16/libc_nano.a(lib_a-nano-vfprintf.o)
 .debug_frame   0x00001504       0x58 /home/trougnouf/.eclipse/org.eclipse.platform_4.5.1_155965261_linux_gtk_x86_64/plugins/fr.ac6.mcu.externaltools.arm-none.linux64_1.3.0.201507241112/tools/compiler/bin/../lib/gcc/arm-none-eabi/4.9.3/../../../../arm-none-eabi/lib/cortex-m7/fpu/fpv5-sp-d16/libc_nano.a(lib_a-nano-vfprintf_i.o)
 .debug_frame   0x0000155c       0x2c /home/trougnouf/.eclipse/org.eclipse.platform_4.5.1_155965261_linux_gtk_x86_64/plugins/fr.ac6.mcu.externaltools.arm-none.linux64_1.3.0.201507241112/tools/compiler/bin/../lib/gcc/arm-none-eabi/4.9.3/../../../../arm-none-eabi/lib/cortex-m7/fpu/fpv5-sp-d16/libc_nano.a(lib_a-sbrkr.o)
 .debug_frame   0x00001588       0x88 /home/trougnouf/.eclipse/org.eclipse.platform_4.5.1_155965261_linux_gtk_x86_64/plugins/fr.ac6.mcu.externaltools.arm-none.linux64_1.3.0.201507241112/tools/compiler/bin/../lib/gcc/arm-none-eabi/4.9.3/../../../../arm-none-eabi/lib/cortex-m7/fpu/fpv5-sp-d16/libc_nano.a(lib_a-stdio.o)
 .debug_frame   0x00001610       0x3c /home/trougnouf/.eclipse/org.eclipse.platform_4.5.1_155965261_linux_gtk_x86_64/plugins/fr.ac6.mcu.externaltools.arm-none.linux64_1.3.0.201507241112/tools/compiler/bin/../lib/gcc/arm-none-eabi/4.9.3/../../../../arm-none-eabi/lib/cortex-m7/fpu/fpv5-sp-d16/libc_nano.a(lib_a-wbuf.o)
 .debug_frame   0x0000164c       0x2c /home/trougnouf/.eclipse/org.eclipse.platform_4.5.1_155965261_linux_gtk_x86_64/plugins/fr.ac6.mcu.externaltools.arm-none.linux64_1.3.0.201507241112/tools/compiler/bin/../lib/gcc/arm-none-eabi/4.9.3/../../../../arm-none-eabi/lib/cortex-m7/fpu/fpv5-sp-d16/libc_nano.a(lib_a-writer.o)
 .debug_frame   0x00001678       0x2c /home/trougnouf/.eclipse/org.eclipse.platform_4.5.1_155965261_linux_gtk_x86_64/plugins/fr.ac6.mcu.externaltools.arm-none.linux64_1.3.0.201507241112/tools/compiler/bin/../lib/gcc/arm-none-eabi/4.9.3/../../../../arm-none-eabi/lib/cortex-m7/fpu/fpv5-sp-d16/libc_nano.a(lib_a-wsetup.o)
 .debug_frame   0x000016a4       0x2c /home/trougnouf/.eclipse/org.eclipse.platform_4.5.1_155965261_linux_gtk_x86_64/plugins/fr.ac6.mcu.externaltools.arm-none.linux64_1.3.0.201507241112/tools/compiler/bin/../lib/gcc/arm-none-eabi/4.9.3/../../../../arm-none-eabi/lib/cortex-m7/fpu/fpv5-sp-d16/libc_nano.a(lib_a-closer.o)
 .debug_frame   0x000016d0       0x68 /home/trougnouf/.eclipse/org.eclipse.platform_4.5.1_155965261_linux_gtk_x86_64/plugins/fr.ac6.mcu.externaltools.arm-none.linux64_1.3.0.201507241112/tools/compiler/bin/../lib/gcc/arm-none-eabi/4.9.3/../../../../arm-none-eabi/lib/cortex-m7/fpu/fpv5-sp-d16/libc_nano.a(lib_a-fflush.o)
 .debug_frame   0x00001738       0x2c /home/trougnouf/.eclipse/org.eclipse.platform_4.5.1_155965261_linux_gtk_x86_64/plugins/fr.ac6.mcu.externaltools.arm-none.linux64_1.3.0.201507241112/tools/compiler/bin/../lib/gcc/arm-none-eabi/4.9.3/../../../../arm-none-eabi/lib/cortex-m7/fpu/fpv5-sp-d16/libc_nano.a(lib_a-lseekr.o)
 .debug_frame   0x00001764       0x34 /home/trougnouf/.eclipse/org.eclipse.platform_4.5.1_155965261_linux_gtk_x86_64/plugins/fr.ac6.mcu.externaltools.arm-none.linux64_1.3.0.201507241112/tools/compiler/bin/../lib/gcc/arm-none-eabi/4.9.3/../../../../arm-none-eabi/lib/cortex-m7/fpu/fpv5-sp-d16/libc_nano.a(lib_a-makebuf.o)
 .debug_frame   0x00001798       0x28 /home/trougnouf/.eclipse/org.eclipse.platform_4.5.1_155965261_linux_gtk_x86_64/plugins/fr.ac6.mcu.externaltools.arm-none.linux64_1.3.0.201507241112/tools/compiler/bin/../lib/gcc/arm-none-eabi/4.9.3/../../../../arm-none-eabi/lib/cortex-m7/fpu/fpv5-sp-d16/libc_nano.a(lib_a-memchr.o)
 .debug_frame   0x000017c0       0x2c /home/trougnouf/.eclipse/org.eclipse.platform_4.5.1_155965261_linux_gtk_x86_64/plugins/fr.ac6.mcu.externaltools.arm-none.linux64_1.3.0.201507241112/tools/compiler/bin/../lib/gcc/arm-none-eabi/4.9.3/../../../../arm-none-eabi/lib/cortex-m7/fpu/fpv5-sp-d16/libc_nano.a(lib_a-readr.o)
 .debug_frame   0x000017ec       0x5c /home/trougnouf/.eclipse/org.eclipse.platform_4.5.1_155965261_linux_gtk_x86_64/plugins/fr.ac6.mcu.externaltools.arm-none.linux64_1.3.0.201507241112/tools/compiler/bin/../lib/gcc/arm-none-eabi/4.9.3/../../../../arm-none-eabi/lib/cortex-m7/fpu/fpv5-sp-d16/libc_nano.a(lib_a-reent.o)
 .debug_frame   0x00001848       0x2c /home/trougnouf/.eclipse/org.eclipse.platform_4.5.1_155965261_linux_gtk_x86_64/plugins/fr.ac6.mcu.externaltools.arm-none.linux64_1.3.0.201507241112/tools/compiler/bin/../lib/gcc/arm-none-eabi/4.9.3/../../../../arm-none-eabi/lib/cortex-m7/fpu/fpv5-sp-d16/libc_nano.a(lib_a-fstatr.o)
 .debug_frame   0x00001874       0x2c /home/trougnouf/.eclipse/org.eclipse.platform_4.5.1_155965261_linux_gtk_x86_64/plugins/fr.ac6.mcu.externaltools.arm-none.linux64_1.3.0.201507241112/tools/compiler/bin/../lib/gcc/arm-none-eabi/4.9.3/../../../../arm-none-eabi/lib/cortex-m7/fpu/fpv5-sp-d16/libc_nano.a(lib_a-isattyr.o)
 .debug_frame   0x000018a0       0x20 /home/trougnouf/.eclipse/org.eclipse.platform_4.5.1_155965261_linux_gtk_x86_64/plugins/fr.ac6.mcu.externaltools.arm-none.linux64_1.3.0.201507241112/tools/compiler/bin/../lib/gcc/arm-none-eabi/4.9.3/../../../../arm-none-eabi/lib/cortex-m7/fpu/fpv5-sp-d16/libnosys.a(close.o)
 .debug_frame   0x000018c0       0x20 /home/trougnouf/.eclipse/org.eclipse.platform_4.5.1_155965261_linux_gtk_x86_64/plugins/fr.ac6.mcu.externaltools.arm-none.linux64_1.3.0.201507241112/tools/compiler/bin/../lib/gcc/arm-none-eabi/4.9.3/../../../../arm-none-eabi/lib/cortex-m7/fpu/fpv5-sp-d16/libnosys.a(fstat.o)
 .debug_frame   0x000018e0       0x20 /home/trougnouf/.eclipse/org.eclipse.platform_4.5.1_155965261_linux_gtk_x86_64/plugins/fr.ac6.mcu.externaltools.arm-none.linux64_1.3.0.201507241112/tools/compiler/bin/../lib/gcc/arm-none-eabi/4.9.3/../../../../arm-none-eabi/lib/cortex-m7/fpu/fpv5-sp-d16/libnosys.a(isatty.o)
 .debug_frame   0x00001900       0x20 /home/trougnouf/.eclipse/org.eclipse.platform_4.5.1_155965261_linux_gtk_x86_64/plugins/fr.ac6.mcu.externaltools.arm-none.linux64_1.3.0.201507241112/tools/compiler/bin/../lib/gcc/arm-none-eabi/4.9.3/../../../../arm-none-eabi/lib/cortex-m7/fpu/fpv5-sp-d16/libnosys.a(lseek.o)
 .debug_frame   0x00001920       0x20 /home/trougnouf/.eclipse/org.eclipse.platform_4.5.1_155965261_linux_gtk_x86_64/plugins/fr.ac6.mcu.externaltools.arm-none.linux64_1.3.0.201507241112/tools/compiler/bin/../lib/gcc/arm-none-eabi/4.9.3/../../../../arm-none-eabi/lib/cortex-m7/fpu/fpv5-sp-d16/libnosys.a(read.o)
 .debug_frame   0x00001940       0x20 /home/trougnouf/.eclipse/org.eclipse.platform_4.5.1_155965261_linux_gtk_x86_64/plugins/fr.ac6.mcu.externaltools.arm-none.linux64_1.3.0.201507241112/tools/compiler/bin/../lib/gcc/arm-none-eabi/4.9.3/../../../../arm-none-eabi/lib/cortex-m7/fpu/fpv5-sp-d16/libnosys.a(sbrk.o)
 .debug_frame   0x00001960       0x20 /home/trougnouf/.eclipse/org.eclipse.platform_4.5.1_155965261_linux_gtk_x86_64/plugins/fr.ac6.mcu.externaltools.arm-none.linux64_1.3.0.201507241112/tools/compiler/bin/../lib/gcc/arm-none-eabi/4.9.3/../../../../arm-none-eabi/lib/cortex-m7/fpu/fpv5-sp-d16/libnosys.a(write.o)

.stab           0x00000000       0x9c
 .stab          0x00000000       0x24 /home/trougnouf/.eclipse/org.eclipse.platform_4.5.1_155965261_linux_gtk_x86_64/plugins/fr.ac6.mcu.externaltools.arm-none.linux64_1.3.0.201507241112/tools/compiler/bin/../lib/gcc/arm-none-eabi/4.9.3/../../../../arm-none-eabi/lib/cortex-m7/fpu/fpv5-sp-d16/libnosys.a(close.o)
 .stab          0x00000024       0x18 /home/trougnouf/.eclipse/org.eclipse.platform_4.5.1_155965261_linux_gtk_x86_64/plugins/fr.ac6.mcu.externaltools.arm-none.linux64_1.3.0.201507241112/tools/compiler/bin/../lib/gcc/arm-none-eabi/4.9.3/../../../../arm-none-eabi/lib/cortex-m7/fpu/fpv5-sp-d16/libnosys.a(fstat.o)
                                 0x24 (size before relaxing)
 .stab          0x0000003c       0x18 /home/trougnouf/.eclipse/org.eclipse.platform_4.5.1_155965261_linux_gtk_x86_64/plugins/fr.ac6.mcu.externaltools.arm-none.linux64_1.3.0.201507241112/tools/compiler/bin/../lib/gcc/arm-none-eabi/4.9.3/../../../../arm-none-eabi/lib/cortex-m7/fpu/fpv5-sp-d16/libnosys.a(isatty.o)
                                 0x24 (size before relaxing)
 .stab          0x00000054       0x18 /home/trougnouf/.eclipse/org.eclipse.platform_4.5.1_155965261_linux_gtk_x86_64/plugins/fr.ac6.mcu.externaltools.arm-none.linux64_1.3.0.201507241112/tools/compiler/bin/../lib/gcc/arm-none-eabi/4.9.3/../../../../arm-none-eabi/lib/cortex-m7/fpu/fpv5-sp-d16/libnosys.a(lseek.o)
                                 0x24 (size before relaxing)
 .stab          0x0000006c       0x18 /home/trougnouf/.eclipse/org.eclipse.platform_4.5.1_155965261_linux_gtk_x86_64/plugins/fr.ac6.mcu.externaltools.arm-none.linux64_1.3.0.201507241112/tools/compiler/bin/../lib/gcc/arm-none-eabi/4.9.3/../../../../arm-none-eabi/lib/cortex-m7/fpu/fpv5-sp-d16/libnosys.a(read.o)
                                 0x24 (size before relaxing)
 .stab          0x00000084       0x18 /home/trougnouf/.eclipse/org.eclipse.platform_4.5.1_155965261_linux_gtk_x86_64/plugins/fr.ac6.mcu.externaltools.arm-none.linux64_1.3.0.201507241112/tools/compiler/bin/../lib/gcc/arm-none-eabi/4.9.3/../../../../arm-none-eabi/lib/cortex-m7/fpu/fpv5-sp-d16/libnosys.a(write.o)
                                 0x24 (size before relaxing)

.stabstr        0x00000000      0x14d
 .stabstr       0x00000000      0x14d /home/trougnouf/.eclipse/org.eclipse.platform_4.5.1_155965261_linux_gtk_x86_64/plugins/fr.ac6.mcu.externaltools.arm-none.linux64_1.3.0.201507241112/tools/compiler/bin/../lib/gcc/arm-none-eabi/4.9.3/../../../../arm-none-eabi/lib/cortex-m7/fpu/fpv5-sp-d16/libnosys.a(close.o)
