###############################################################################
#
# IAR ELF Linker V7.60.1.11101/W32 for ARM                18/Apr/2016  12:49:40
# Copyright 2007-2016 IAR Systems AB.
#
#    Output file  =  C:\Users\Benoit\Dev\Code\Benoit\SW2\EWARM\SW2\Exe\SW2.out
#    Map file     =  C:\Users\Benoit\Dev\Code\Benoit\SW2\EWARM\SW2\List\SW2.map
#    Command line =  
#        C:\Users\Benoit\Dev\Code\Benoit\SW2\EWARM\SW2\Obj\cmsis_os.o
#        C:\Users\Benoit\Dev\Code\Benoit\SW2\EWARM\SW2\Obj\croutine.o
#        C:\Users\Benoit\Dev\Code\Benoit\SW2\EWARM\SW2\Obj\event_groups.o
#        C:\Users\Benoit\Dev\Code\Benoit\SW2\EWARM\SW2\Obj\freertos.o
#        C:\Users\Benoit\Dev\Code\Benoit\SW2\EWARM\SW2\Obj\heap_4.o
#        C:\Users\Benoit\Dev\Code\Benoit\SW2\EWARM\SW2\Obj\list.o
#        C:\Users\Benoit\Dev\Code\Benoit\SW2\EWARM\SW2\Obj\main.o
#        C:\Users\Benoit\Dev\Code\Benoit\SW2\EWARM\SW2\Obj\port.o
#        C:\Users\Benoit\Dev\Code\Benoit\SW2\EWARM\SW2\Obj\portasm.o
#        C:\Users\Benoit\Dev\Code\Benoit\SW2\EWARM\SW2\Obj\queue.o
#        C:\Users\Benoit\Dev\Code\Benoit\SW2\EWARM\SW2\Obj\startup_stm32f746xx.o
#        C:\Users\Benoit\Dev\Code\Benoit\SW2\EWARM\SW2\Obj\stm32f7xx_hal.o
#        C:\Users\Benoit\Dev\Code\Benoit\SW2\EWARM\SW2\Obj\stm32f7xx_hal_cortex.o
#        C:\Users\Benoit\Dev\Code\Benoit\SW2\EWARM\SW2\Obj\stm32f7xx_hal_dma.o
#        C:\Users\Benoit\Dev\Code\Benoit\SW2\EWARM\SW2\Obj\stm32f7xx_hal_dma_ex.o
#        C:\Users\Benoit\Dev\Code\Benoit\SW2\EWARM\SW2\Obj\stm32f7xx_hal_flash.o
#        C:\Users\Benoit\Dev\Code\Benoit\SW2\EWARM\SW2\Obj\stm32f7xx_hal_flash_ex.o
#        C:\Users\Benoit\Dev\Code\Benoit\SW2\EWARM\SW2\Obj\stm32f7xx_hal_gpio.o
#        C:\Users\Benoit\Dev\Code\Benoit\SW2\EWARM\SW2\Obj\stm32f7xx_hal_msp.o
#        C:\Users\Benoit\Dev\Code\Benoit\SW2\EWARM\SW2\Obj\stm32f7xx_hal_pwr.o
#        C:\Users\Benoit\Dev\Code\Benoit\SW2\EWARM\SW2\Obj\stm32f7xx_hal_pwr_ex.o
#        C:\Users\Benoit\Dev\Code\Benoit\SW2\EWARM\SW2\Obj\stm32f7xx_hal_rcc.o
#        C:\Users\Benoit\Dev\Code\Benoit\SW2\EWARM\SW2\Obj\stm32f7xx_hal_rcc_ex.o
#        C:\Users\Benoit\Dev\Code\Benoit\SW2\EWARM\SW2\Obj\stm32f7xx_hal_spi.o
#        C:\Users\Benoit\Dev\Code\Benoit\SW2\EWARM\SW2\Obj\stm32f7xx_hal_tim.o
#        C:\Users\Benoit\Dev\Code\Benoit\SW2\EWARM\SW2\Obj\stm32f7xx_hal_tim_ex.o
#        C:\Users\Benoit\Dev\Code\Benoit\SW2\EWARM\SW2\Obj\stm32f7xx_hal_timebase_TIM.o
#        C:\Users\Benoit\Dev\Code\Benoit\SW2\EWARM\SW2\Obj\stm32f7xx_hal_uart.o
#        C:\Users\Benoit\Dev\Code\Benoit\SW2\EWARM\SW2\Obj\stm32f7xx_it.o
#        C:\Users\Benoit\Dev\Code\Benoit\SW2\EWARM\SW2\Obj\system_stm32f7xx.o
#        C:\Users\Benoit\Dev\Code\Benoit\SW2\EWARM\SW2\Obj\tasks.o
#        C:\Users\Benoit\Dev\Code\Benoit\SW2\EWARM\SW2\Obj\timers.o --redirect
#        _Printf=_PrintfFull --redirect _Scanf=_ScanfFull -o
#        C:\Users\Benoit\Dev\Code\Benoit\SW2\EWARM\SW2\Exe\SW2.out --map
#        C:\Users\Benoit\Dev\Code\Benoit\SW2\EWARM\SW2\List\SW2.map --config
#        C:\Users\Benoit\Dev\Code\Benoit\SW2\EWARM/stm32f746xx_flash.icf
#        --semihosting --entry __iar_program_start --vfe
#
###############################################################################

*******************************************************************************
*** RUNTIME MODEL ATTRIBUTES
***

CppFlavor                     = *
__Heap_Handler                = DLMalloc
__SystemLibrary               = DLib
__dlib_dynamic_initialization = normal


*******************************************************************************
*** PLACEMENT SUMMARY
***

"A1":  place at 0x08000000 { ro section .intvec };
"P1":  place in [from 0x08000000 to 0x080fffff] { ro };
"P2":  place in [from 0x20000000 to 0x2004ffff] { rw, block CSTACK, block HEAP };
initialize by copy { rw };

  Section             Kind        Address    Size  Object
  -------             ----        -------    ----  ------
"A1":                                       0x1c8
  .intvec             ro code  0x08000000   0x1c8  startup_stm32f746xx.o [1]
                             - 0x080001c8   0x1c8

"P1":                                      0x69a1
  .text               ro code  0x080001c8  0x14f4  dlmalloc.o [3]
  .text               ro code  0x080016bc     0x6  abort.o [3]
  .text               ro code  0x080016c2     0xa  xsprout.o [3]
  .text               ro code  0x080016cc    0x2c  xgetmemchunk.o [3]
  .text               ro code  0x080016f8    0x14  exit.o [6]
  .text               ro code  0x0800170c  0x119e  xprintffull.o [3]
  .text               ro code  0x080028aa    0x20  xmbtowc.o [3]
  .text               ro code  0x080028cc    0x16  strchr.o [5]
  .text               ro code  0x080028e4    0x36  strlen.o [5]
  .text               ro code  0x0800291c    0x58  memchr.o [5]
  .text               ro code  0x08002974     0xa  xmbcurmax.o [3]
  .text               ro code  0x0800297e    0x1a  xwctomb.o [3]
  .text               ro code  0x08002998    0x76  ABImemcpy_unaligned.o [5]
  .text               ro code  0x08002a10    0xee  I64DivMod.o [5]
  .text               ro code  0x08002afe    0x44  xdnorm.o [4]
  .text               ro code  0x08002b44    0x2e  DblCmpLe.o [4]
  .text               ro code  0x08002b74    0x2e  DblCmpGe.o [4]
  .text               ro code  0x08002ba4   0x114  xdscale.o [4]
  .text               ro code  0x08002cb8    0x58  DblToI32.o [4]
  .text               ro code  0x08002d10    0x30  I32ToDbl.o [4]
  .text               ro code  0x08002d40   0x180  DblSub.o [4]
  .text               ro code  0x08002ec0   0x1a2  DblMul.o [4]
  .text               ro code  0x08003064   0x256  DblDiv.o [4]
  .text               ro code  0x080032bc    0x6c  localeconv.o [3]
  .text               ro code  0x08003328     0xe  div.o [3]
  .text               ro code  0x08003338    0x28  setlocale.o [3]
  .text               ro code  0x08003360    0x60  xencoding_sb.o [3]
  .text               ro code  0x080033c0     0x2  I64DivZer.o [5]
  .text               ro code  0x080033c4    0xe8  DblAdd.o [4]
  .text               ro code  0x080034ac     0x2  xtls.o [3]
  .text               ro code  0x080034b0   0x6d8  tasks.o [1]
  .text               ro code  0x08003b88   0x1d8  port.o [1]
  .text               ro code  0x08003d60    0x8e  list.o [1]
  .text               ro code  0x08003df0   0x1c0  heap_4.o [1]
  .text               ro code  0x08003fb0    0x3a  ABImemset48.o [5]
  CODE                ro code  0x08003fec    0xac  portasm.o [1]
  .text               ro code  0x08004098   0x5a8  stm32f7xx_hal_uart.o [1]
  .text               ro code  0x08004640   0x150  stm32f7xx_hal_msp.o [1]
  .text               ro code  0x08004790    0x2c  stm32f7xx_hal.o [1]
  .text               ro code  0x080047bc   0x594  stm32f7xx_hal_rcc.o [1]
  .text               ro code  0x08004d50    0xdc  stm32f7xx_hal_cortex.o [1]
  .text               ro code  0x08004e2c   0x1f4  stm32f7xx_hal_gpio.o [1]
  .text               ro code  0x08005020    0x80  stm32f7xx_hal_timebase_TIM.o [1]
  .text               ro code  0x080050a0   0x27c  stm32f7xx_hal_tim.o [1]
  .text               ro code  0x0800531c     0x4  stm32f7xx_hal_tim_ex.o [1]
  .text               ro code  0x08005320   0x558  main.o [1]
  .text               ro code  0x08005878    0xb4  stm32f7xx_hal_spi.o [1]
  .text               ro code  0x0800592c    0xc4  cmsis_os.o [1]
  .text               ro code  0x080059f0   0x46c  stm32f7xx_hal_rcc_ex.o [1]
  .text               ro code  0x08005e5c    0x34  sprintf.o [3]
  .text               ro code  0x08005e90   0x172  xstod.o [4]
  .text               ro code  0x08006002   0x122  xstopfx.o [3]
  .text               ro code  0x08006124   0x1d0  xstoflt.o [3]
  .text               ro code  0x080062f8   0x200  xdtento.o [4]
  .text               ro code  0x080064f8   0x234  xstoxflt.o [3]
  .text               ro code  0x0800672c    0x28  isxxx.o [3]
  .text               ro code  0x08006754    0x20  DblCmpEq.o [4]
  .text               ro code  0x08006774    0x52  xdunscal.o [4]
  .text               ro code  0x080067c8     0xc  errno.o [3]
  .text               ro code  0x080067d4    0x16  xlocale_c.o [3]
  .text               ro code  0x080067ea    0x14  xlocale_c.o [3]
  .text               ro code  0x08006800    0x50  system_stm32f7xx.o [1]
  .text               ro code  0x08006850    0x40  zero_init3.o [5]
  .text               ro code  0x08006890    0x38  packbits_init_single.o [5]
  .rodata             const    0x080068c8    0x28  main.o [1]
  .text               ro code  0x080068f0    0x28  data_init.o [5]
  .text               ro code  0x08006918    0x22  fpinit_M.o [4]
  .iar.init_table     const    0x0800693c    0x20  - Linker created -
  .text               ro code  0x0800695c    0x1a  cmain.o [5]
  .text               ro code  0x08006976     0x4  low_level_init.o [3]
  .text               ro code  0x0800697a     0x4  exit.o [3]
  .text               ro code  0x08006980     0xa  cexit.o [5]
  .text               ro code  0x0800698c    0x10  startup_stm32f746xx.o [1]
  .text               ro code  0x0800699c    0x10  stm32f7xx_it.o [1]
  .text               ro code  0x080069ac     0xc  cstartup_M.o [5]
  .text               ro code  0x080069b8     0x4  startup_stm32f746xx.o [1]
  .text               ro code  0x080069bc     0x4  startup_stm32f746xx.o [1]
  .text               ro code  0x080069c0     0x4  startup_stm32f746xx.o [1]
  .text               ro code  0x080069c4     0x4  startup_stm32f746xx.o [1]
  .text               ro code  0x080069c8     0x4  startup_stm32f746xx.o [1]
  .text               ro code  0x080069cc     0x4  startup_stm32f746xx.o [1]
  .text               ro code  0x080069d0     0x4  startup_stm32f746xx.o [1]
  .text               ro code  0x080069d4     0x4  startup_stm32f746xx.o [1]
  .text               ro code  0x080069d8     0x4  startup_stm32f746xx.o [1]
  .text               ro code  0x080069dc     0x4  startup_stm32f746xx.o [1]
  .text               ro code  0x080069e0     0x4  startup_stm32f746xx.o [1]
  .text               ro code  0x080069e4     0x4  startup_stm32f746xx.o [1]
  .text               ro code  0x080069e8     0x4  startup_stm32f746xx.o [1]
  .text               ro code  0x080069ec     0x4  startup_stm32f746xx.o [1]
  .text               ro code  0x080069f0     0x4  startup_stm32f746xx.o [1]
  .text               ro code  0x080069f4     0x4  startup_stm32f746xx.o [1]
  .text               ro code  0x080069f8     0x4  startup_stm32f746xx.o [1]
  .text               ro code  0x080069fc     0x4  startup_stm32f746xx.o [1]
  .text               ro code  0x08006a00     0x4  startup_stm32f746xx.o [1]
  .text               ro code  0x08006a04     0x4  startup_stm32f746xx.o [1]
  .text               ro code  0x08006a08     0x4  startup_stm32f746xx.o [1]
  .text               ro code  0x08006a0c     0x4  startup_stm32f746xx.o [1]
  .text               ro code  0x08006a10     0x4  startup_stm32f746xx.o [1]
  .text               ro code  0x08006a14     0x4  startup_stm32f746xx.o [1]
  .text               ro code  0x08006a18     0x4  startup_stm32f746xx.o [1]
  .text               ro code  0x08006a1c     0x4  startup_stm32f746xx.o [1]
  .text               ro code  0x08006a20     0x4  startup_stm32f746xx.o [1]
  .text               ro code  0x08006a24     0x4  startup_stm32f746xx.o [1]
  .text               ro code  0x08006a28     0x4  startup_stm32f746xx.o [1]
  .text               ro code  0x08006a2c     0x4  startup_stm32f746xx.o [1]
  .text               ro code  0x08006a30     0x4  startup_stm32f746xx.o [1]
  .text               ro code  0x08006a34     0x4  startup_stm32f746xx.o [1]
  .text               ro code  0x08006a38     0x4  startup_stm32f746xx.o [1]
  .text               ro code  0x08006a3c     0x4  startup_stm32f746xx.o [1]
  .text               ro code  0x08006a40     0x4  startup_stm32f746xx.o [1]
  .text               ro code  0x08006a44     0x4  startup_stm32f746xx.o [1]
  .text               ro code  0x08006a48     0x4  startup_stm32f746xx.o [1]
  .text               ro code  0x08006a4c     0x4  startup_stm32f746xx.o [1]
  .text               ro code  0x08006a50     0x4  startup_stm32f746xx.o [1]
  .text               ro code  0x08006a54     0x4  startup_stm32f746xx.o [1]
  .text               ro code  0x08006a58     0x4  startup_stm32f746xx.o [1]
  .text               ro code  0x08006a5c     0x4  startup_stm32f746xx.o [1]
  .text               ro code  0x08006a60     0x4  startup_stm32f746xx.o [1]
  .text               ro code  0x08006a64     0x4  startup_stm32f746xx.o [1]
  .text               ro code  0x08006a68     0x4  startup_stm32f746xx.o [1]
  .text               ro code  0x08006a6c     0x4  startup_stm32f746xx.o [1]
  .text               ro code  0x08006a70     0x4  startup_stm32f746xx.o [1]
  .text               ro code  0x08006a74     0x4  startup_stm32f746xx.o [1]
  .text               ro code  0x08006a78     0x4  startup_stm32f746xx.o [1]
  .text               ro code  0x08006a7c     0x4  startup_stm32f746xx.o [1]
  .text               ro code  0x08006a80     0x4  startup_stm32f746xx.o [1]
  .text               ro code  0x08006a84     0x4  startup_stm32f746xx.o [1]
  .text               ro code  0x08006a88     0x4  startup_stm32f746xx.o [1]
  .text               ro code  0x08006a8c     0x4  startup_stm32f746xx.o [1]
  .text               ro code  0x08006a90     0x4  startup_stm32f746xx.o [1]
  .text               ro code  0x08006a94     0x4  startup_stm32f746xx.o [1]
  .text               ro code  0x08006a98     0x4  startup_stm32f746xx.o [1]
  .text               ro code  0x08006a9c     0x4  startup_stm32f746xx.o [1]
  .text               ro code  0x08006aa0     0x4  startup_stm32f746xx.o [1]
  .text               ro code  0x08006aa4     0x4  startup_stm32f746xx.o [1]
  .text               ro code  0x08006aa8     0x4  startup_stm32f746xx.o [1]
  .text               ro code  0x08006aac     0x4  startup_stm32f746xx.o [1]
  .text               ro code  0x08006ab0     0x4  startup_stm32f746xx.o [1]
  .text               ro code  0x08006ab4     0x4  startup_stm32f746xx.o [1]
  .text               ro code  0x08006ab8     0x4  startup_stm32f746xx.o [1]
  .text               ro code  0x08006abc     0x4  startup_stm32f746xx.o [1]
  .text               ro code  0x08006ac0     0x4  startup_stm32f746xx.o [1]
  .text               ro code  0x08006ac4     0x4  startup_stm32f746xx.o [1]
  .text               ro code  0x08006ac8     0x4  startup_stm32f746xx.o [1]
  .text               ro code  0x08006acc     0x4  startup_stm32f746xx.o [1]
  .text               ro code  0x08006ad0     0x4  startup_stm32f746xx.o [1]
  .text               ro code  0x08006ad4     0x4  startup_stm32f746xx.o [1]
  .text               ro code  0x08006ad8     0x4  startup_stm32f746xx.o [1]
  .text               ro code  0x08006adc     0x4  startup_stm32f746xx.o [1]
  .text               ro code  0x08006ae0     0x4  startup_stm32f746xx.o [1]
  .text               ro code  0x08006ae4     0x4  startup_stm32f746xx.o [1]
  .text               ro code  0x08006ae8     0x4  startup_stm32f746xx.o [1]
  .text               ro code  0x08006aec     0x4  startup_stm32f746xx.o [1]
  .text               ro code  0x08006af0     0x4  startup_stm32f746xx.o [1]
  .text               ro code  0x08006af4     0x4  startup_stm32f746xx.o [1]
  .text               ro code  0x08006af8     0x4  startup_stm32f746xx.o [1]
  .text               ro code  0x08006afc     0x4  startup_stm32f746xx.o [1]
  .text               ro code  0x08006b00     0x4  startup_stm32f746xx.o [1]
  .text               ro code  0x08006b04     0x4  startup_stm32f746xx.o [1]
  .text               ro code  0x08006b08     0x4  startup_stm32f746xx.o [1]
  .text               ro code  0x08006b0c     0x4  startup_stm32f746xx.o [1]
  .text               ro code  0x08006b10     0x4  startup_stm32f746xx.o [1]
  .text               ro code  0x08006b14     0x4  startup_stm32f746xx.o [1]
  .text               ro code  0x08006b18     0x4  startup_stm32f746xx.o [1]
  .text               ro code  0x08006b1c     0x4  startup_stm32f746xx.o [1]
  .text               ro code  0x08006b20     0x4  startup_stm32f746xx.o [1]
  .text               ro code  0x08006b24     0x4  startup_stm32f746xx.o [1]
  .text               ro code  0x08006b28     0x4  startup_stm32f746xx.o [1]
  .text               ro code  0x08006b2c     0x4  startup_stm32f746xx.o [1]
  .text               ro code  0x08006b30     0x4  startup_stm32f746xx.o [1]
  .text               ro code  0x08006b34     0x4  startup_stm32f746xx.o [1]
  .text               ro code  0x08006b38     0x4  startup_stm32f746xx.o [1]
  .text               ro code  0x08006b3c     0x4  startup_stm32f746xx.o [1]
  .text               ro code  0x08006b40     0x4  startup_stm32f746xx.o [1]
  .text               ro code  0x08006b44     0x4  startup_stm32f746xx.o [1]
  .text               ro code  0x08006b48     0x4  startup_stm32f746xx.o [1]
  .text               ro code  0x08006b4c     0x4  startup_stm32f746xx.o [1]
  .rodata             const    0x08006b50     0x0  zero_init3.o [5]
  .rodata             const    0x08006b50     0x0  packbits_init_single.o [5]
  Initializer bytes   const    0x08006b50    0x19  <for P2-1>
                             - 0x08006b69  0x69a1

"P2", part 1 of 3:                          0x1ac
  P2-1                         0x20000000   0x1ac  <Init block>
    .data             inited   0x20000000     0xc  port.o [1]
    .data             inited   0x2000000c     0x4  system_stm32f7xx.o [1]
    .data             inited   0x20000010    0x9c  tasks.o [1]
    __DLIB_PERTHREAD  inited   0x200000ac    0x88  localeconv.o [3]
    __DLIB_PERTHREAD  inited   0x20000134     0x4  errno.o [3]
    __DLIB_PERTHREAD  inited   0x20000138    0x74  setlocale.o [3]
                             - 0x200001ac   0x1ac

"P2", part 2 of 3:                          0x600
  CSTACK                       0x200001b0   0x400  <Block>
    CSTACK            uninit   0x200001b0   0x400  <Block tail>
  HEAP                         0x200005b0   0x200  <Block>
    HEAP              uninit   0x200005b0   0x200  <Block tail>
                             - 0x200007b0   0x600

"P2", part 3 of 3:                         0x402c
  .bss                zero     0x200007b0  0x3c18  heap_4.o [1]
  .bss                zero     0x200043c8   0x1d8  dlmalloc.o [3]
  .bss                zero     0x200045a0    0x8c  tasks.o [1]
  .bss                zero     0x2000462c    0x80  main.o [1]
  .bss                zero     0x200046ac    0x70  main.o [1]
  .bss                zero     0x2000471c    0x64  main.o [1]
  .bss                zero     0x20004780    0x3c  stm32f7xx_hal_timebase_TIM.o [1]
  .bss                zero     0x200047bc    0x18  dlmalloc.o [3]
  .bss                zero     0x200047d4     0x4  stm32f7xx_hal.o [1]
  .bss                zero     0x200047d8     0x4  xgetmemchunk.o [3]
                             - 0x200047dc  0x402c


*******************************************************************************
*** INIT TABLE
***

          Address     Size
          -------     ----
Zero (__iar_zero_init3)
    1 destination range, total size 0x402c:
          0x200007b0  0x402c

Copy/packbits (__iar_packbits_init_single3)
    1 source range, total size 0x19 (5% of destination):
          0x08006b50    0x19
    1 destination range, total size 0x1ac:
          0x20000000   0x1ac



*******************************************************************************
*** MODULE SUMMARY
***

    Module                        ro code  ro data  rw data
    ------                        -------  -------  -------
C:\Users\Benoit\Dev\Code\Benoit\SW2\EWARM\SW2\Obj: [1]
    cmsis_os.o                        196
    heap_4.o                          448            15 384
    list.o                            142
    main.o                          1 368       40      340
    port.o                            472                12
    portasm.o                         172
    startup_stm32f746xx.o             880
    stm32f7xx_hal.o                    44                 4
    stm32f7xx_hal_cortex.o            220
    stm32f7xx_hal_gpio.o              500
    stm32f7xx_hal_msp.o               336
    stm32f7xx_hal_rcc.o             1 428
    stm32f7xx_hal_rcc_ex.o          1 132
    stm32f7xx_hal_spi.o               180
    stm32f7xx_hal_tim.o               636
    stm32f7xx_hal_tim_ex.o              4
    stm32f7xx_hal_timebase_TIM.o      128                60
    stm32f7xx_hal_uart.o            1 448
    stm32f7xx_it.o                     16
    system_stm32f7xx.o                 80                 4
    tasks.o                         1 752       10      296
    -------------------------------------------------------
    Total:                         11 582       50   16 100

command line: [2]
    -------------------------------------------------------
    Total:

dl7M_tlf.a: [3]
    abort.o                             6
    div.o                              14
    dlmalloc.o                      5 364               496
    errno.o                            12        1        4
    exit.o                              4
    isxxx.o                            40
    localeconv.o                      108        7      136
    low_level_init.o                    4
    setlocale.o                        40        7      116
    sprintf.o                          52
    xencoding_sb.o                     96
    xgetmemchunk.o                     44                 4
    xlocale_c.o                        42
    xmbcurmax.o                        10
    xmbtowc.o                          32
    xprintffull.o                   4 510
    xsprout.o                          10
    xstoflt.o                         464
    xstopfx.o                         290
    xstoxflt.o                        564
    xtls.o                              2
    xwctomb.o                          26
    -------------------------------------------------------
    Total:                         11 734       15      756

m7M_tls.a: [4]
    DblAdd.o                          232
    DblCmpEq.o                         32
    DblCmpGe.o                         46
    DblCmpLe.o                         46
    DblDiv.o                          598
    DblMul.o                          418
    DblSub.o                          384
    DblToI32.o                         88
    I32ToDbl.o                         48
    fpinit_M.o                         34
    xdnorm.o                           68
    xdscale.o                         276
    xdtento.o                         512
    xdunscal.o                         82
    xstod.o                           370
    -------------------------------------------------------
    Total:                          3 234

rt7M_tl.a: [5]
    ABImemcpy_unaligned.o             118
    ABImemset48.o                      58
    I64DivMod.o                       238
    I64DivZer.o                         2
    cexit.o                            10
    cmain.o                            26
    cstartup_M.o                       12
    data_init.o                        40
    memchr.o                           88
    packbits_init_single.o             56
    strchr.o                           22
    strlen.o                           54
    zero_init3.o                       64
    -------------------------------------------------------
    Total:                            788

shb_l.a: [6]
    exit.o                             20
    -------------------------------------------------------
    Total:                             20

    Gaps                               40        2
    Linker created                              32    1 536
-----------------------------------------------------------
    Grand Total:                   27 398       99   18 392


*******************************************************************************
*** ENTRY LIST
***

Entry                      Address    Size  Type      Object
-----                      -------    ----  ----      ------
.iar.init_table$$Base   0x0800693c           --   Gb  - Linker created -
.iar.init_table$$Limit  0x0800695c           --   Gb  - Linker created -
?main                   0x0800695d          Code  Gb  cmain.o [5]
APBAHBPrescTable        0x08004d40    0x10  Data  Gb  stm32f7xx_hal_rcc.o [1]
CSTACK$$Base            0x200001b0           --   Gb  - Linker created -
CSTACK$$Limit           0x200005b0           --   Gb  - Linker created -
HAL_GPIO_Init           0x08004e2d   0x1b8  Code  Gb  stm32f7xx_hal_gpio.o [1]
HAL_GPIO_WritePin       0x08004fe5     0x8  Code  Gb  stm32f7xx_hal_gpio.o [1]
HAL_GetTick             0x080047b1     0x6  Code  Wk  stm32f7xx_hal.o [1]
HAL_IncTick             0x080047a7     0xa  Code  Wk  stm32f7xx_hal.o [1]
HAL_Init                0x08004791    0x16  Code  Gb  stm32f7xx_hal.o [1]
HAL_InitTick            0x08005021    0x6a  Code  Gb  stm32f7xx_hal_timebase_TIM.o [1]
HAL_MspInit             0x08004641    0x48  Code  Gb  stm32f7xx_hal_msp.o [1]
HAL_NVIC_EnableIRQ      0x08004dbf     0xc  Code  Gb  stm32f7xx_hal_cortex.o [1]
HAL_NVIC_SetPriority    0x08004d85    0x3a  Code  Gb  stm32f7xx_hal_cortex.o [1]
HAL_NVIC_SetPriorityGrouping
                        0x08004d6b    0x1a  Code  Gb  stm32f7xx_hal_cortex.o [1]
HAL_RCCEx_PeriphCLKConfig
                        0x080059f1   0x426  Code  Gb  stm32f7xx_hal_rcc_ex.o [1]
HAL_RCC_ClockConfig     0x08004adb   0x142  Code  Gb  stm32f7xx_hal_rcc.o [1]
HAL_RCC_GetClockConfig  0x08004ceb    0x34  Code  Gb  stm32f7xx_hal_rcc.o [1]
HAL_RCC_GetHCLKFreq     0x08004c9f    0x1e  Code  Gb  stm32f7xx_hal_rcc.o [1]
HAL_RCC_GetPCLK1Freq    0x08004cbd    0x10  Code  Gb  stm32f7xx_hal_rcc.o [1]
HAL_RCC_GetPCLK2Freq    0x08004ccd     0xe  Code  Gb  stm32f7xx_hal_rcc.o [1]
HAL_RCC_GetSysClockFreq
                        0x08004c59    0x46  Code  Gb  stm32f7xx_hal_rcc.o [1]
HAL_RCC_OscConfig       0x080047bd   0x2fe  Code  Gb  stm32f7xx_hal_rcc.o [1]
HAL_SPI_Init            0x08005879    0xb4  Code  Gb  stm32f7xx_hal_spi.o [1]
HAL_SPI_MspInit         0x08004689    0x46  Code  Gb  stm32f7xx_hal_msp.o [1]
HAL_SYSTICK_CLKSourceConfig
                        0x08004dfb    0x16  Code  Gb  stm32f7xx_hal_cortex.o [1]
HAL_SYSTICK_Config      0x08004dd3    0x28  Code  Gb  stm32f7xx_hal_cortex.o [1]
HAL_TIMEx_BreakCallback
                        0x0800531f     0x2  Code  Wk  stm32f7xx_hal_tim_ex.o [1]
HAL_TIMEx_CommutationCallback
                        0x0800531d     0x2  Code  Wk  stm32f7xx_hal_tim_ex.o [1]
HAL_TIM_Base_Init       0x080050a1    0x26  Code  Gb  stm32f7xx_hal_tim.o [1]
HAL_TIM_Base_MspInit    0x080050c7     0x2  Code  Wk  stm32f7xx_hal_tim.o [1]
HAL_TIM_Base_Start_IT   0x080050c9    0x16  Code  Gb  stm32f7xx_hal_tim.o [1]
HAL_TIM_IC_CaptureCallback
                        0x08005255     0x2  Code  Wk  stm32f7xx_hal_tim.o [1]
HAL_TIM_IRQHandler      0x080050f3   0x160  Code  Gb  stm32f7xx_hal_tim.o [1]
HAL_TIM_OC_DelayElapsedCallback
                        0x08005253     0x2  Code  Wk  stm32f7xx_hal_tim.o [1]
HAL_TIM_PWM_PulseFinishedCallback
                        0x08005257     0x2  Code  Wk  stm32f7xx_hal_tim.o [1]
HAL_TIM_PeriodElapsedCallback
                        0x0800509d     0x4  Code  Gb  stm32f7xx_hal_timebase_TIM.o [1]
HAL_TIM_TriggerCallback
                        0x08005259     0x2  Code  Wk  stm32f7xx_hal_tim.o [1]
HAL_UART_Init           0x08004099    0x30  Code  Gb  stm32f7xx_hal_uart.o [1]
HAL_UART_MspInit        0x080046e3    0x82  Code  Gb  stm32f7xx_hal_msp.o [1]
HAL_UART_Receive        0x080041b7    0xd2  Code  Gb  stm32f7xx_hal_uart.o [1]
HAL_UART_Transmit       0x08004115    0xa2  Code  Gb  stm32f7xx_hal_uart.o [1]
HEAP$$Base              0x200005b0           --   Gb  - Linker created -
HEAP$$Limit             0x200007b0           --   Gb  - Linker created -
LoadInt                 0x08001d7b    0x70  Code  Lc  xprintffull.o [3]
MX_GPIO_Init            0x080054dd    0xa0  Code  Lc  main.o [1]
NVIC_SetPriority        0x08004d51    0x1a  Code  Lc  stm32f7xx_hal_cortex.o [1]
PendSV_Handler          0x08003fed          Code  Gb  portasm.o [1]
Region$$Table$$Base     0x0800693c           --   Gb  - Linker created -
Region$$Table$$Limit    0x0800695c           --   Gb  - Linker created -
SVC_Handler             0x08004049          Code  Gb  portasm.o [1]
StartDefaultTask        0x080057a9    0x20  Code  Gb  main.o [1]
StartLaserTask          0x08005651   0x140  Code  Gb  main.o [1]
StartVibratorTask       0x08005605    0x32  Code  Gb  main.o [1]
SysTick_Handler         0x0800699d     0x4  Code  Gb  stm32f7xx_it.o [1]
SystemClock_Config      0x08005423    0xba  Code  Gb  main.o [1]
SystemCoreClock         0x2000000c     0x4  Data  Gb  system_stm32f7xx.o [1]
SystemInit              0x08006801    0x3a  Code  Gb  system_stm32f7xx.o [1]
TIM1_UP_TIM10_IRQHandler
                        0x080069a1     0x6  Code  Gb  stm32f7xx_it.o [1]
TIM_Base_SetConfig      0x0800525b    0x94  Code  Gb  stm32f7xx_hal_tim.o [1]
UART_AdvFeatureConfig   0x0800452d    0xc6  Code  Gb  stm32f7xx_hal_uart.o [1]
UART_CheckIdleState     0x080045f3    0x4e  Code  Gb  stm32f7xx_hal_uart.o [1]
UART_SetConfig          0x08004325   0x1d8  Code  Gb  stm32f7xx_hal_uart.o [1]
UART_WaitOnFlagUntilTimeout
                        0x08004289    0x98  Code  Gb  stm32f7xx_hal_uart.o [1]
_EncodingSb_Mbtowc      0x0800337b    0x30  Code  Gb  xencoding_sb.o [3]
_EncodingSb_Mbtowc::initial
                        0x080033b8     0x8  Data  Lc  xencoding_sb.o [3]
_EncodingSb_Wctomb      0x08003361    0x1a  Code  Gb  xencoding_sb.o [3]
_EncodingSb_Wctomb::initial
                        0x080033b0     0x8  Data  Lc  xencoding_sb.o [3]
_GenldFull              0x0800260d   0x254  Code  Lc  xprintffull.o [3]
_IsdstStr               0x2000013c     0x4  Data  Gb  setlocale.o [3]
_LdtobFull              0x08002201   0x406  Code  Lc  xprintffull.o [3]
_LitobFull              0x080020f7   0x10a  Code  Lc  xprintffull.o [3]
_LocaleC_isalpha        0x080067d5    0x16  Code  Gb  xlocale_c.o [3]
_LocaleC_isspace        0x080067eb    0x14  Code  Gb  xlocale_c.o [3]
_LocaleEncoding         0x0800334d     0xe  Code  Gb  setlocale.o [3]
_LocaleForCat           0x08003339    0x14  Code  Gb  setlocale.o [3]
_LocaleReturnString     0x2000015c    0x50  Data  Lc  setlocale.o [3]
_Locale_Profile         0x20000140    0x1c  Data  Gb  setlocale.o [3]
_Locale_aeabi_lconv     0x200000fc    0x38  Data  Gb  localeconv.o [3]
_Locale_lconv           0x200000ac    0x50  Data  Gb  localeconv.o [3]
_Mbtowc                 0x080028ab    0x20  Code  Gb  xmbtowc.o [3]
_PrintfFull             0x0800170d   0x658  Code  Gb  xprintffull.o [3]
_PutcharsFull           0x08002861    0x2e  Code  Lc  xprintffull.o [3]
_PutstrFull             0x08001deb   0x306  Code  Lc  xprintffull.o [3]
_SProut                 0x080016c3     0xa  Code  Gb  xsprout.o [3]
_Stoflt                 0x08006125   0x1d0  Code  Gb  xstoflt.o [3]
_Stopfx                 0x08006003   0x122  Code  Gb  xstopfx.o [3]
_Stoxflt                0x080064f9   0x1fa  Code  Gb  xstoxflt.o [3]
_Stoxflt::digits        0x080066fc    0x18  Data  Lc  xstoxflt.o [3]
_Stoxflt::vals          0x08006714    0x18  Data  Lc  xstoxflt.o [3]
_TzoneStr               0x20000138     0x4  Data  Gb  setlocale.o [3]
_Wctomb                 0x0800297f    0x1a  Code  Gb  xwctomb.o [3]
__aeabi_cdcmpeq         0x08006755          Code  Gb  DblCmpEq.o [4]
__aeabi_cdcmple         0x08002b45          Code  Gb  DblCmpLe.o [4]
__aeabi_cdrcmple        0x08002b75          Code  Gb  DblCmpGe.o [4]
__aeabi_d2iz            0x08002cb9          Code  Gb  DblToI32.o [4]
__aeabi_d2uiz           0x08002ce5          Code  Gb  DblToI32.o [4]
__aeabi_dadd            0x080033c5          Code  Gb  DblAdd.o [4]
__aeabi_ddiv            0x08003065          Code  Gb  DblDiv.o [4]
__aeabi_dmul            0x08002ec1          Code  Gb  DblMul.o [4]
__aeabi_dsub            0x08002d41          Code  Gb  DblSub.o [4]
__aeabi_errno_addr      0x080067c9     0x6  Code  Gb  errno.o [3]
__aeabi_i2d             0x08002d11          Code  Gb  I32ToDbl.o [4]
__aeabi_ldiv0           0x080033c1          Code  Gb  I64DivZer.o [5]
__aeabi_memset4         0x08003fb1          Code  Gb  ABImemset48.o [5]
__aeabi_memset8         0x08003fb1          Code  Gb  ABImemset48.o [5]
__aeabi_ui2d            0x08002d25          Code  Gb  I32ToDbl.o [4]
__aeabi_uldivmod        0x08002a11          Code  Gb  I64DivMod.o [5]
__cmain                 0x0800695d          Code  Gb  cmain.o [5]
__data_GetMemChunk      0x080016cd    0x2c  Code  Gb  xgetmemchunk.o [3]
__data_GetMemChunk::start
                        0x200047d8     0x4  Data  Lc  xgetmemchunk.o [3]
__exit                  0x080016f9    0x14  Code  Gb  exit.o [6]
__iar_Dnorm             0x08002aff    0x44  Code  Gb  xdnorm.o [4]
__iar_Dscale            0x08002ba5   0x114  Code  Gb  xdscale.o [4]
__iar_Dtentox           0x08006355   0x140  Code  Gb  xdtento.o [4]
__iar_Dunscale          0x08006775    0x52  Code  Gb  xdunscal.o [4]
__iar_Errno             0x20000134     0x4  Data  Gb  errno.o [3]
__iar_Locale_lconv_init
                        0x080032bd    0x3a  Code  Gb  localeconv.o [3]
__iar_Mbcurmax          0x08002975     0xa  Code  Gb  xmbcurmax.o [3]
__iar_Memchr            0x0800291d          Code  Gb  memchr.o [5]
__iar_Memset4_word      0x08003fb9          Code  Gb  ABImemset48.o [5]
__iar_Memset8_word      0x08003fb9          Code  Gb  ABImemset48.o [5]
__iar_Stodx             0x08005e91   0x150  Code  Gb  xstod.o [4]
__iar_Strchr            0x080028cd          Code  Gb  strchr.o [5]
__iar_d2uiz             0x08002cf1          Code  Gb  DblToI32.o [4]
__iar_dadd              0x080033d9          Code  Gb  DblAdd.o [4]
__iar_data_init3        0x080068f1    0x28  Code  Gb  data_init.o [5]
__iar_dlfree            0x0800119b   0x51a  Code  Gb  dlmalloc.o [3]
__iar_dlib_perthread_access
                        0x080034ad     0x2  Code  Gb  xtls.o [3]
__iar_dlmalloc          0x08000ee5   0x2aa  Code  Gb  dlmalloc.o [3]
__iar_dsub              0x08002d55          Code  Gb  DblSub.o [4]
__iar_dsubStart         0x08002d67          Code  Gb  DblSub.o [4]
__iar_init_vfp          0x08006919          Code  Gb  fpinit_M.o [4]
__iar_packbits_init_single3
                        0x08006891    0x38  Code  Gb  packbits_init_single.o [5]
__iar_program_start     0x080069ad          Code  Gb  cstartup_M.o [5]
__iar_ui2d              0x08002d29          Code  Gb  I32ToDbl.o [4]
__iar_unaligned___aeabi_memcpy
                        0x08002999          Code  Gb  ABImemcpy_unaligned.o [5]
__iar_unaligned___aeabi_memcpy4
                        0x080029b9          Code  Gb  ABImemcpy_unaligned.o [5]
__iar_unaligned___aeabi_memcpy8
                        0x080029b9          Code  Gb  ABImemcpy_unaligned.o [5]
__iar_vfp___iar_Stod    0x08005ff5     0x4  Code  Gb  xstod.o [4]
__iar_zero_init3        0x08006851    0x40  Code  Gb  zero_init3.o [5]
__low_level_init        0x08006977     0x4  Code  Gb  low_level_init.o [3]
__vector_table          0x08000000          Data  Gb  startup_stm32f746xx.o [1]
_call_main              0x08006969          Code  Gb  cmain.o [5]
_exit                   0x08006981          Code  Gb  cexit.o [5]
_gm_                    0x200043c8   0x1d8  Data  Lc  dlmalloc.o [3]
_main                   0x08006973          Code  Gb  cmain.o [5]
abort                   0x080016bd     0x6  Code  Gb  abort.o [3]
debugging               0x2000462d     0x1  Data  Gb  main.o [1]
defaultTaskHandle       0x200046a0     0x4  Data  Gb  main.o [1]
div                     0x08003329     0xe  Code  Gb  div.o [3]
dmul                    0x080062f9    0x5a  Code  Lc  xdtento.o [4]
exit                    0x0800697b     0x4  Code  Gb  exit.o [3]
getDelay                0x080055a5    0x60  Code  Gb  main.o [1]
hspi1                   0x2000471c    0x64  Data  Gb  main.o [1]
htim1                   0x20004780    0x3c  Data  Gb  stm32f7xx_hal_timebase_TIM.o [1]
huart1                  0x200046ac    0x70  Data  Gb  main.o [1]
huart4                  0x20004630    0x70  Data  Gb  main.o [1]
inHandlerMode           0x08005939     0xc  Code  Lc  cmsis_os.o [1]
init_mparams            0x080001e5    0x32  Code  Lc  dlmalloc.o [3]
init_top                0x08000217    0x34  Code  Lc  dlmalloc.o [3]
isalpha                 0x0800672d    0x14  Code  Gb  isxxx.o [3]
isspace                 0x08006741    0x14  Code  Gb  isxxx.o [3]
laserTaskHandle         0x200046a4     0x4  Data  Gb  main.o [1]
localeconv              0x080032f7    0x16  Code  Gb  localeconv.o [3]
main                    0x08005321   0x102  Code  Gb  main.o [1]
makeFreeRtosPriority    0x0800592d     0xc  Code  Lc  cmsis_os.o [1]
memchr                  0x0800291d          Code  Gb  memchr.o [5]
mparams                 0x200047bc    0x18  Data  Lc  dlmalloc.o [3]
osDelay                 0x08005985     0xe  Code  Gb  cmsis_os.o [1]
osKernelStart           0x08005945     0xa  Code  Gb  cmsis_os.o [1]
osSystickHandler        0x080059b1    0x14  Code  Gb  cmsis_os.o [1]
osThreadCreate          0x0800594f    0x36  Code  Gb  cmsis_os.o [1]
osThreadResume          0x080059cf    0x22  Code  Gb  cmsis_os.o [1]
osThreadSuspend         0x080059c5     0xa  Code  Gb  cmsis_os.o [1]
pows                    0x080064b0    0x48  Data  Lc  xdtento.o [4]
prepend_alloc           0x0800024b   0x372  Code  Lc  dlmalloc.o [3]
prvAddCurrentTaskToDelayedList
                        0x08003a9f    0x32  Code  Lc  tasks.o [1]
prvAllocateTCBAndStack  0x08003ad1    0x38  Code  Lc  tasks.o [1]
prvIdleTask             0x080039f1    0x5a  Code  Lc  tasks.o [1]
prvInitialiseTCBVariables
                        0x08003a4b    0x54  Code  Lc  tasks.o [1]
prvInsertBlockIntoFreeList
                        0x08003f63    0x46  Code  Lc  heap_4.o [1]
prvResetNextTaskUnblockTime
                        0x08003b09    0x1a  Code  Lc  tasks.o [1]
prvTaskExitError        0x08003bad    0x2e  Code  Lc  port.o [1]
prvTaskIsTaskSuspended  0x080036c9    0x28  Code  Lc  tasks.o [1]
pvPortMalloc            0x08003df1    0xfc  Code  Gb  heap_4.o [1]
pxCurrentTCB            0x20000038     0x4  Data  Gb  tasks.o [1]
pxDelayedTaskList       0x2000003c     0x4  Data  Lc  tasks.o [1]
pxEnd                   0x200007b8     0x4  Data  Lc  heap_4.o [1]
pxOverflowDelayedTaskList
                        0x20000040     0x4  Data  Lc  tasks.o [1]
pxPortInitialiseStack   0x08003b89    0x22  Code  Gb  port.o [1]
pxReadyTasksLists       0x200045a0    0x8c  Data  Lc  tasks.o [1]
segment_holding         0x080001c9    0x1c  Code  Lc  dlmalloc.o [3]
sprintf                 0x08005e5d    0x34  Code  Gb  sprintf.o [3]
strchr                  0x080028cd          Code  Gb  strchr.o [5]
strlen                  0x080028e5          Code  Gb  strlen.o [5]
sys_alloc               0x080005bd   0x388  Code  Lc  dlmalloc.o [3]
tmalloc_large           0x08000951   0x380  Code  Lc  dlmalloc.o [3]
tmalloc_small           0x08000cd1   0x206  Code  Lc  dlmalloc.o [3]
ucHeap                  0x200007c8  0x3c00  Data  Lc  heap_4.o [1]
ucMaxSysCallPriority    0x20000000     0x1  Data  Lc  port.o [1]
ulMaxPRIGROUPValue      0x20000008     0x4  Data  Lc  port.o [1]
uwTick                  0x200047d4     0x4  Data  Lc  stm32f7xx_hal.o [1]
uxCriticalNesting       0x20000004     0x4  Data  Lc  port.o [1]
uxCurrentNumberOfTasks  0x2000005c     0x4  Data  Lc  tasks.o [1]
uxListRemove            0x08003dcb    0x24  Code  Gb  list.o [1]
uxPendedTicks           0x2000006c     0x4  Data  Lc  tasks.o [1]
uxSchedulerSuspended    0x20000080     0x4  Data  Lc  tasks.o [1]
uxTaskNumber            0x20000078     0x4  Data  Lc  tasks.o [1]
uxTasksDeleted          0x20000044     0x4  Data  Lc  tasks.o [1]
uxTopReadyPriority      0x20000064     0x4  Data  Lc  tasks.o [1]
vListInitialise         0x08003d61    0x1a  Code  Gb  list.o [1]
vListInitialiseItem     0x08003d7b     0x6  Code  Gb  list.o [1]
vListInsert             0x08003d99    0x32  Code  Gb  list.o [1]
vListInsertEnd          0x08003d81    0x18  Code  Gb  list.o [1]
vPortEnableVFP          0x0800407d          Code  Gb  portasm.o [1]
vPortEnterCritical      0x08003c4d    0x3a  Code  Gb  port.o [1]
vPortExitCritical       0x08003c87    0x28  Code  Gb  port.o [1]
vPortFree               0x08003f03    0x4e  Code  Gb  heap_4.o [1]
vPortSetupTimerInterrupt
                        0x08003cd9    0x18  Code  Wk  port.o [1]
vPortStartFirstTask     0x08004065          Code  Gb  portasm.o [1]
vPortValidateInterruptPriority
                        0x08003cf1    0x4a  Code  Gb  port.o [1]
vTaskDelay              0x080035db    0x36  Code  Gb  tasks.o [1]
vTaskResume             0x080036f1    0x48  Code  Gb  tasks.o [1]
vTaskStartScheduler     0x080037d9    0x4c  Code  Gb  tasks.o [1]
vTaskSuspend            0x08003611    0x4e  Code  Gb  tasks.o [1]
vTaskSuspendAll         0x08003825     0xc  Code  Gb  tasks.o [1]
vTaskSwitchContext      0x08003981    0x56  Code  Gb  tasks.o [1]
vibrationLv             0x2000462c     0x1  Data  Gb  main.o [1]
vibratorTaskHandle      0x200046a8     0x4  Data  Gb  main.o [1]
xBlockAllocatedBit      0x200007c4     0x4  Data  Lc  heap_4.o [1]
xDelayedTaskList1       0x20000084    0x14  Data  Lc  tasks.o [1]
xDelayedTaskList2       0x20000098    0x14  Data  Lc  tasks.o [1]
xFreeBytesRemaining     0x200007bc     0x4  Data  Lc  heap_4.o [1]
xMinimumEverFreeBytesRemaining
                        0x200007c0     0x4  Data  Lc  heap_4.o [1]
xNextTaskUnblockTime    0x2000007c     0x4  Data  Lc  tasks.o [1]
xNumOfOverflows         0x20000074     0x4  Data  Lc  tasks.o [1]
xPendingReadyList       0x20000010    0x14  Data  Lc  tasks.o [1]
xPortStartScheduler     0x08003bdb    0x72  Code  Gb  port.o [1]
xPortSysTickHandler     0x08003caf    0x2a  Code  Gb  port.o [1]
xSchedulerRunning       0x20000068     0x4  Data  Lc  tasks.o [1]
xStart                  0x200007b0     0x8  Data  Lc  heap_4.o [1]
xSuspendedTaskList      0x20000048    0x14  Data  Lc  tasks.o [1]
xTaskGenericCreate      0x080034b1   0x110  Code  Gb  tasks.o [1]
xTaskGetSchedulerState  0x08003b23    0x18  Code  Gb  tasks.o [1]
xTaskIncrementTick      0x080038c7    0xba  Code  Gb  tasks.o [1]
xTaskResumeAll          0x08003831    0x96  Code  Gb  tasks.o [1]
xTaskResumeFromISR      0x08003757    0x60  Code  Gb  tasks.o [1]
xTasksWaitingTermination
                        0x20000024    0x14  Data  Lc  tasks.o [1]
xTickCount              0x20000060     0x4  Data  Lc  tasks.o [1]
xYieldPending           0x20000070     0x4  Data  Lc  tasks.o [1]


[1] = C:\Users\Benoit\Dev\Code\Benoit\SW2\EWARM\SW2\Obj
[2] = command line
[3] = dl7M_tlf.a
[4] = m7M_tls.a
[5] = rt7M_tl.a
[6] = shb_l.a

  27 398 bytes of readonly  code memory
      99 bytes of readonly  data memory
  18 392 bytes of readwrite data memory

Errors: none
Warnings: none
