###############################################################################
#
# IAR ELF Linker V7.60.1.11101/W32 for ARM                28/Apr/2016  17:06:16
# Copyright 2007-2016 IAR Systems AB.
#
#    Output file  =  
#        C:\Users\Benoit\Dev\Code\Benoit\GPS-ewarm\EWARM\GPS-ewarm\Exe\GPS-ewarm.out
#    Map file     =  
#        C:\Users\Benoit\Dev\Code\Benoit\GPS-ewarm\EWARM\GPS-ewarm\List\GPS-ewarm.map
#    Command line =  
#        C:\Users\Benoit\Dev\Code\Benoit\GPS-ewarm\EWARM\GPS-ewarm\Obj\cmsis_os.o
#        C:\Users\Benoit\Dev\Code\Benoit\GPS-ewarm\EWARM\GPS-ewarm\Obj\croutine.o
#        C:\Users\Benoit\Dev\Code\Benoit\GPS-ewarm\EWARM\GPS-ewarm\Obj\event_groups.o
#        C:\Users\Benoit\Dev\Code\Benoit\GPS-ewarm\EWARM\GPS-ewarm\Obj\freertos.o
#        C:\Users\Benoit\Dev\Code\Benoit\GPS-ewarm\EWARM\GPS-ewarm\Obj\heap_4.o
#        C:\Users\Benoit\Dev\Code\Benoit\GPS-ewarm\EWARM\GPS-ewarm\Obj\list.o
#        C:\Users\Benoit\Dev\Code\Benoit\GPS-ewarm\EWARM\GPS-ewarm\Obj\main.o
#        C:\Users\Benoit\Dev\Code\Benoit\GPS-ewarm\EWARM\GPS-ewarm\Obj\port.o
#        C:\Users\Benoit\Dev\Code\Benoit\GPS-ewarm\EWARM\GPS-ewarm\Obj\portasm.o
#        C:\Users\Benoit\Dev\Code\Benoit\GPS-ewarm\EWARM\GPS-ewarm\Obj\queue.o
#        C:\Users\Benoit\Dev\Code\Benoit\GPS-ewarm\EWARM\GPS-ewarm\Obj\startup_stm32f070xb.o
#        C:\Users\Benoit\Dev\Code\Benoit\GPS-ewarm\EWARM\GPS-ewarm\Obj\stm32f0xx_hal.o
#        C:\Users\Benoit\Dev\Code\Benoit\GPS-ewarm\EWARM\GPS-ewarm\Obj\stm32f0xx_hal_cortex.o
#        C:\Users\Benoit\Dev\Code\Benoit\GPS-ewarm\EWARM\GPS-ewarm\Obj\stm32f0xx_hal_dma.o
#        C:\Users\Benoit\Dev\Code\Benoit\GPS-ewarm\EWARM\GPS-ewarm\Obj\stm32f0xx_hal_flash.o
#        C:\Users\Benoit\Dev\Code\Benoit\GPS-ewarm\EWARM\GPS-ewarm\Obj\stm32f0xx_hal_flash_ex.o
#        C:\Users\Benoit\Dev\Code\Benoit\GPS-ewarm\EWARM\GPS-ewarm\Obj\stm32f0xx_hal_gpio.o
#        C:\Users\Benoit\Dev\Code\Benoit\GPS-ewarm\EWARM\GPS-ewarm\Obj\stm32f0xx_hal_i2c.o
#        C:\Users\Benoit\Dev\Code\Benoit\GPS-ewarm\EWARM\GPS-ewarm\Obj\stm32f0xx_hal_i2c_ex.o
#        C:\Users\Benoit\Dev\Code\Benoit\GPS-ewarm\EWARM\GPS-ewarm\Obj\stm32f0xx_hal_msp.o
#        C:\Users\Benoit\Dev\Code\Benoit\GPS-ewarm\EWARM\GPS-ewarm\Obj\stm32f0xx_hal_pwr.o
#        C:\Users\Benoit\Dev\Code\Benoit\GPS-ewarm\EWARM\GPS-ewarm\Obj\stm32f0xx_hal_pwr_ex.o
#        C:\Users\Benoit\Dev\Code\Benoit\GPS-ewarm\EWARM\GPS-ewarm\Obj\stm32f0xx_hal_rcc.o
#        C:\Users\Benoit\Dev\Code\Benoit\GPS-ewarm\EWARM\GPS-ewarm\Obj\stm32f0xx_hal_rcc_ex.o
#        C:\Users\Benoit\Dev\Code\Benoit\GPS-ewarm\EWARM\GPS-ewarm\Obj\stm32f0xx_hal_tim.o
#        C:\Users\Benoit\Dev\Code\Benoit\GPS-ewarm\EWARM\GPS-ewarm\Obj\stm32f0xx_hal_tim_ex.o
#        C:\Users\Benoit\Dev\Code\Benoit\GPS-ewarm\EWARM\GPS-ewarm\Obj\stm32f0xx_hal_timebase_TIM.o
#        C:\Users\Benoit\Dev\Code\Benoit\GPS-ewarm\EWARM\GPS-ewarm\Obj\stm32f0xx_hal_uart.o
#        C:\Users\Benoit\Dev\Code\Benoit\GPS-ewarm\EWARM\GPS-ewarm\Obj\stm32f0xx_hal_uart_ex.o
#        C:\Users\Benoit\Dev\Code\Benoit\GPS-ewarm\EWARM\GPS-ewarm\Obj\stm32f0xx_it.o
#        C:\Users\Benoit\Dev\Code\Benoit\GPS-ewarm\EWARM\GPS-ewarm\Obj\system_stm32f0xx.o
#        C:\Users\Benoit\Dev\Code\Benoit\GPS-ewarm\EWARM\GPS-ewarm\Obj\tasks.o
#        C:\Users\Benoit\Dev\Code\Benoit\GPS-ewarm\EWARM\GPS-ewarm\Obj\timers.o
#        --redirect _Printf=_PrintfFull --redirect _Scanf=_ScanfFull -o
#        C:\Users\Benoit\Dev\Code\Benoit\GPS-ewarm\EWARM\GPS-ewarm\Exe\GPS-ewarm.out
#        --map
#        C:\Users\Benoit\Dev\Code\Benoit\GPS-ewarm\EWARM\GPS-ewarm\List\GPS-ewarm.map
#        --config
#        C:\Users\Benoit\Dev\Code\Benoit\GPS-ewarm\EWARM/stm32f070xb_flash.icf
#        --semihosting --entry __iar_program_start --vfe
#
###############################################################################

*******************************************************************************
*** RUNTIME MODEL ATTRIBUTES
***

CppFlavor                     = *
__SystemLibrary               = DLib
__dlib_dynamic_initialization = normal


*******************************************************************************
*** PLACEMENT SUMMARY
***

"A1":  place at 0x08000000 { ro section .intvec };
"P1":  place in [from 0x08000000 to 0x0801ffff] { ro };
"P2":  place in [from 0x20000000 to 0x20003fff] { rw, block CSTACK, block HEAP };
initialize by copy { rw };

  Section             Kind        Address    Size  Object
  -------             ----        -------    ----  ------
"A1":                                        0xc0
  .intvec             ro code  0x08000000    0xc0  startup_stm32f070xb.o [1]
                             - 0x080000c0    0xc0

"P1":                                      0x3c40
  .text               ro code  0x080000c0   0x5a8  stm32f0xx_hal_rcc.o [1]
  .text               ro code  0x08000668    0x34  stm32f0xx_hal.o [1]
  .text               ro code  0x0800069c    0x84  stm32f0xx_hal_timebase_TIM.o [1]
  .text               ro code  0x08000720    0x34  ABImemcpy.o [5]
  .text               ro code  0x08000754    0xe0  I32DivModFast.o [5]
  .text               ro code  0x08000834    0x88  stm32f0xx_hal_msp.o [1]
  .text               ro code  0x080008bc    0x9c  stm32f0xx_hal_cortex.o [1]
  .text               ro code  0x08000958   0x228  stm32f0xx_hal_tim.o [1]
  .text               ro code  0x08000b80     0x2  IntDivZer.o [5]
  .text               ro code  0x08000b82     0x2  startup_stm32f070xb.o [1]
  .text               ro code  0x08000b84   0x1c8  stm32f0xx_hal_gpio.o [1]
  .text               ro code  0x08000d4c     0x4  stm32f0xx_hal_tim_ex.o [1]
  .text               ro code  0x08000d50   0x4fc  stm32f0xx_hal_uart.o [1]
  .text               ro code  0x0800124c   0x4d4  main.o [1]
  .text               ro code  0x08001720    0x6e  cmsis_os.o [1]
  .text               ro code  0x0800178e     0x2  startup_stm32f070xb.o [1]
  .text               ro code  0x08001790    0xe4  stm32f0xx_hal_rcc_ex.o [1]
  .text               ro code  0x08001874   0x184  DblMul.o [4]
  .text               ro code  0x080019f8   0x1b4  DblAddSub.o [4]
  .text               ro code  0x08001bac   0x444  xsin.o [4]
  .text               ro code  0x08001ff0    0xbe  sqrt.o [4]
  .text               ro code  0x080020ae     0x2  startup_stm32f070xb.o [1]
  .text               ro code  0x080020b0   0x114  atan2.o [4]
  .text               ro code  0x080021c4    0x4e  DblToI32.o [4]
  .text               ro code  0x08002212    0x24  strncpy.o [5]
  .text               ro code  0x08002236     0x2  startup_stm32f070xb.o [1]
  .text               ro code  0x08002238   0x14e  xstod.o [4]
  .text               ro code  0x08002386    0xc2  DblDiv.o [4]
  .text               ro code  0x08002448   0x4c4  tasks.o [1]
  .text               ro code  0x0800290c    0xe0  port.o [1]
  .text               ro code  0x080029ec    0x32  DblCmpLe.o [4]
  .text               ro code  0x08002a1e    0x32  DblCmpGe.o [4]
  .text               ro code  0x08002a50    0x30  I32ToDbl.o [4]
  .text               ro code  0x08002a80   0x174  xquad.o [4]
  .text               ro code  0x08002bf4    0x10  errno.o [3]
  .text               ro code  0x08002c04     0xc  iarEdom.o [5]
  .text               ro code  0x08002c10   0x1e0  xatan.o [4]
  .text               ro code  0x08002df0    0x54  ABImemset.o [5]
  .text               ro code  0x08002e44   0x10e  xstopfx.o [3]
  .text               ro code  0x08002f52     0x2  startup_stm32f070xb.o [1]
  .text               ro code  0x08002f54   0x1e0  xstoflt.o [3]
  .text               ro code  0x08003134    0x3c  zero_init3.o [5]
  .text               ro code  0x08003170   0x1e8  xdtento.o [4]
  .text               ro code  0x08003358   0x22c  xstoxflt.o [3]
  .text               ro code  0x08003584    0x80  xdscale.o [4]
  .text               ro code  0x08003604    0x94  list.o [1]
  .text               ro code  0x08003698   0x18c  heap_4.o [1]
  CODE                ro code  0x08003824    0x74  portasm.o [1]
  .text               ro code  0x08003898    0x84  xdint.o [4]
  .text               ro code  0x0800391c    0x24  DblCmpEq.o [4]
  .text               ro code  0x08003940    0xc6  fmod.o [4]
  .text               ro code  0x08003a06     0x2  xtls.o [3]
  .text               ro code  0x08003a08    0x24  isxxx.o [3]
  .text               ro code  0x08003a2c    0x68  localeconv.o [3]
  .text               ro code  0x08003a94    0x5c  xdunscal.o [4]
  .text               ro code  0x08003af0    0x18  memchr.o [5]
  .text               ro code  0x08003b08    0x18  setlocale.o [3]
  .text               ro code  0x08003b20    0x16  xlocale_c.o [3]
  .text               ro code  0x08003b36    0x14  xlocale_c.o [3]
  .text               ro code  0x08003b4a     0x2  startup_stm32f070xb.o [1]
  .text               ro code  0x08003b4c    0x68  system_stm32f0xx.o [1]
  .text               ro code  0x08003bb4    0x3c  packbits_init_single.o [5]
  .text               ro code  0x08003bf0    0x28  data_init.o [5]
  .iar.init_table     const    0x08003c18    0x20  - Linker created -
  .text               ro code  0x08003c38    0x1a  cmain.o [5]
  .text               ro code  0x08003c52     0x4  low_level_init.o [3]
  .text               ro code  0x08003c56     0x8  exit.o [3]
  .text               ro code  0x08003c5e     0x2  startup_stm32f070xb.o [1]
  .text               ro code  0x08003c60     0xa  cexit.o [5]
  .text               ro code  0x08003c6a     0x2  startup_stm32f070xb.o [1]
  .text               ro code  0x08003c6c    0x14  exit.o [6]
  .text               ro code  0x08003c80    0x18  stm32f0xx_it.o [1]
  .text               ro code  0x08003c98    0x10  startup_stm32f070xb.o [1]
  .rodata             const    0x08003ca8     0xc  main.o [1]
  .text               ro code  0x08003cb4     0xc  cstartup_M.o [5]
  .text               ro code  0x08003cc0     0x2  startup_stm32f070xb.o [1]
  .text               ro code  0x08003cc2     0x2  startup_stm32f070xb.o [1]
  .text               ro code  0x08003cc4     0x2  startup_stm32f070xb.o [1]
  .text               ro code  0x08003cc6     0x2  startup_stm32f070xb.o [1]
  .text               ro code  0x08003cc8     0x2  startup_stm32f070xb.o [1]
  .text               ro code  0x08003cca     0x2  startup_stm32f070xb.o [1]
  .text               ro code  0x08003ccc     0x2  startup_stm32f070xb.o [1]
  .text               ro code  0x08003cce     0x2  startup_stm32f070xb.o [1]
  .text               ro code  0x08003cd0     0x2  startup_stm32f070xb.o [1]
  .text               ro code  0x08003cd2     0x2  startup_stm32f070xb.o [1]
  .text               ro code  0x08003cd4     0x2  startup_stm32f070xb.o [1]
  .text               ro code  0x08003cd6     0x2  startup_stm32f070xb.o [1]
  .text               ro code  0x08003cd8     0x2  startup_stm32f070xb.o [1]
  .text               ro code  0x08003cda     0x2  startup_stm32f070xb.o [1]
  .text               ro code  0x08003cdc     0x2  startup_stm32f070xb.o [1]
  .text               ro code  0x08003cde     0x2  startup_stm32f070xb.o [1]
  .text               ro code  0x08003ce0     0x2  startup_stm32f070xb.o [1]
  .text               ro code  0x08003ce2     0x2  startup_stm32f070xb.o [1]
  .text               ro code  0x08003ce4     0x2  startup_stm32f070xb.o [1]
  .text               ro code  0x08003ce6     0x2  startup_stm32f070xb.o [1]
  .text               ro code  0x08003ce8     0x2  startup_stm32f070xb.o [1]
  .rodata             const    0x08003cea     0x0  zero_init3.o [5]
  .rodata             const    0x08003cea     0x0  packbits_init_single.o [5]
  Initializer bytes   const    0x08003cea    0x16  <for P2-1>
                             - 0x08003d00  0x3c40

"P2", part 1 of 3:                          0x1a4
  P2-1                         0x20000000   0x1a4  <Init block>
    .data             inited   0x20000000     0x4  port.o [1]
    .data             inited   0x20000004     0x4  system_stm32f0xx.o [1]
    .data             inited   0x20000008    0x9c  tasks.o [1]
    __DLIB_PERTHREAD  inited   0x200000a4     0x4  errno.o [3]
    __DLIB_PERTHREAD  inited   0x200000a8    0x88  localeconv.o [3]
    __DLIB_PERTHREAD  inited   0x20000130    0x74  setlocale.o [3]
                             - 0x200001a4   0x1a4

"P2", part 2 of 3:                          0x200
  CSTACK                       0x200001a8   0x200  <Block>
    CSTACK            uninit   0x200001a8   0x200  <Block tail>
                             - 0x200003a8   0x200

"P2", part 3 of 3:                          0xdc8
  .bss                zero     0x200003a8   0xc18  heap_4.o [1]
  .bss                zero     0x20000fc0    0x8c  tasks.o [1]
  .bss                zero     0x2000104c    0x74  main.o [1]
  .bss                zero     0x200010c0    0x70  main.o [1]
  .bss                zero     0x20001130    0x3c  stm32f0xx_hal_timebase_TIM.o [1]
  .bss                zero     0x2000116c     0x4  stm32f0xx_hal.o [1]
                             - 0x20001170   0xdc8


*******************************************************************************
*** INIT TABLE
***

          Address     Size
          -------     ----
Zero (__iar_zero_init3)
    1 destination range, total size 0xdc8:
          0x200003a8  0xdc8

Copy/packbits (__iar_packbits_init_single3)
    1 source range, total size 0x16 (5% of destination):
          0x08003cea   0x16
    1 destination range, total size 0x1a4:
          0x20000000  0x1a4



*******************************************************************************
*** MODULE SUMMARY
***

    Module                        ro code  ro data  rw data
    ------                        -------  -------  -------
C:\Users\Benoit\Dev\Code\Benoit\GPS-ewarm\EWARM\GPS-ewarm\Obj: [1]
    cmsis_os.o                        110
    heap_4.o                          396             3 096
    list.o                            148
    main.o                          1 236       12      228
    port.o                            224                 4
    portasm.o                         116
    startup_stm32f070xb.o             266
    stm32f0xx_hal.o                    52                 4
    stm32f0xx_hal_cortex.o            156
    stm32f0xx_hal_gpio.o              456
    stm32f0xx_hal_msp.o               136
    stm32f0xx_hal_rcc.o             1 448
    stm32f0xx_hal_rcc_ex.o            228
    stm32f0xx_hal_tim.o               552
    stm32f0xx_hal_tim_ex.o              4
    stm32f0xx_hal_timebase_TIM.o      132                60
    stm32f0xx_hal_uart.o            1 276
    stm32f0xx_it.o                     24
    system_stm32f0xx.o                104                 4
    tasks.o                         1 220        8      296
    -------------------------------------------------------
    Total:                          8 284       20    3 692

command line: [2]
    -------------------------------------------------------
    Total:

dl6M_tlf.a: [3]
    errno.o                            16                 4
    exit.o                              8
    isxxx.o                            36
    localeconv.o                      104        7      136
    low_level_init.o                    4
    setlocale.o                        24        7      116
    xlocale_c.o                        42
    xstoflt.o                         480
    xstopfx.o                         270
    xstoxflt.o                        556
    xtls.o                              2
    -------------------------------------------------------
    Total:                          1 542       14      256

m6M_tl.a: [4]
    DblAddSub.o                       436
    DblCmpEq.o                         36
    DblCmpGe.o                         50
    DblCmpLe.o                         50
    DblDiv.o                          194
    DblMul.o                          388
    DblToI32.o                         78
    I32ToDbl.o                         48
    atan2.o                           276
    fmod.o                            198
    sqrt.o                            190
    xatan.o                           480
    xdint.o                           132
    xdscale.o                         128
    xdtento.o                         488
    xdunscal.o                         92
    xquad.o                           372
    xsin.o                          1 092
    xstod.o                           334
    -------------------------------------------------------
    Total:                          5 062

rt6M_tl.a: [5]
    ABImemcpy.o                        52
    ABImemset.o                        84
    I32DivModFast.o                   224
    IntDivZer.o                         2
    cexit.o                            10
    cmain.o                            26
    cstartup_M.o                       12
    data_init.o                        40
    iarEdom.o                          12
    memchr.o                           24
    packbits_init_single.o             60
    strncpy.o                          36
    zero_init3.o                       60
    -------------------------------------------------------
    Total:                            642

shb_l.a: [6]
    exit.o                             20
    -------------------------------------------------------
    Total:                             20

    Linker created                              32      512
-----------------------------------------------------------
    Grand Total:                   15 550       66    4 460


*******************************************************************************
*** ENTRY LIST
***

Entry                      Address   Size  Type      Object
-----                      -------   ----  ----      ------
.iar.init_table$$Base   0x08003c18          --   Gb  - Linker created -
.iar.init_table$$Limit  0x08003c38          --   Gb  - Linker created -
?main                   0x08003c39         Code  Gb  cmain.o [5]
CSTACK$$Base            0x200001a8          --   Gb  - Linker created -
CSTACK$$Limit           0x200003a8          --   Gb  - Linker created -
Directions              0x080014e5   0x68  Code  Gb  main.o [1]
GPSReceive              0x08001559   0x90  Code  Gb  main.o [1]
HAL_GPIO_Init           0x08000b85  0x1a4  Code  Gb  stm32f0xx_hal_gpio.o [1]
HAL_GPIO_WritePin       0x08000d29    0xc  Code  Gb  stm32f0xx_hal_gpio.o [1]
HAL_GetTick             0x0800068d    0x6  Code  Wk  stm32f0xx_hal.o [1]
HAL_IncTick             0x08000683    0xa  Code  Wk  stm32f0xx_hal.o [1]
HAL_Init                0x08000669   0x1a  Code  Gb  stm32f0xx_hal.o [1]
HAL_InitTick            0x0800069d   0x66  Code  Gb  stm32f0xx_hal_timebase_TIM.o [1]
HAL_MspInit             0x08000835   0x22  Code  Gb  stm32f0xx_hal_msp.o [1]
HAL_NVIC_EnableIRQ      0x080008f9    0xe  Code  Gb  stm32f0xx_hal_cortex.o [1]
HAL_NVIC_SetPriority    0x080008f1    0x8  Code  Gb  stm32f0xx_hal_cortex.o [1]
HAL_RCCEx_PeriphCLKConfig
                        0x08001791   0xce  Code  Gb  stm32f0xx_hal_rcc_ex.o [1]
HAL_RCC_ClockConfig     0x08000455  0x112  Code  Gb  stm32f0xx_hal_rcc.o [1]
HAL_RCC_GetClockConfig  0x080005f1   0x2e  Code  Gb  stm32f0xx_hal_rcc.o [1]
HAL_RCC_GetHCLKFreq     0x080005b5   0x1c  Code  Gb  stm32f0xx_hal_rcc.o [1]
HAL_RCC_GetPCLK1Freq    0x080005d1   0x18  Code  Gb  stm32f0xx_hal_rcc.o [1]
HAL_RCC_GetSysClockFreq
                        0x0800056d   0x46  Code  Gb  stm32f0xx_hal_rcc.o [1]
HAL_RCC_OscConfig       0x080000c1  0x390  Code  Gb  stm32f0xx_hal_rcc.o [1]
HAL_SYSTICK_CLKSourceConfig
                        0x0800092f   0x18  Code  Gb  stm32f0xx_hal_cortex.o [1]
HAL_SYSTICK_Config      0x08000907   0x28  Code  Gb  stm32f0xx_hal_cortex.o [1]
HAL_TIMEx_BreakCallback
                        0x08000d4f    0x2  Code  Wk  stm32f0xx_hal_tim_ex.o [1]
HAL_TIMEx_CommutationCallback
                        0x08000d4d    0x2  Code  Wk  stm32f0xx_hal_tim_ex.o [1]
HAL_TIM_Base_Init       0x08000959   0x1e  Code  Gb  stm32f0xx_hal_tim.o [1]
HAL_TIM_Base_MspInit    0x08000977    0x2  Code  Wk  stm32f0xx_hal_tim.o [1]
HAL_TIM_Base_Start_IT   0x08000979   0x14  Code  Gb  stm32f0xx_hal_tim.o [1]
HAL_TIM_IC_CaptureCallback
                        0x08000af3    0x2  Code  Wk  stm32f0xx_hal_tim.o [1]
HAL_TIM_IRQHandler      0x080009a1  0x150  Code  Gb  stm32f0xx_hal_tim.o [1]
HAL_TIM_OC_DelayElapsedCallback
                        0x08000af1    0x2  Code  Wk  stm32f0xx_hal_tim.o [1]
HAL_TIM_PWM_PulseFinishedCallback
                        0x08000af5    0x2  Code  Wk  stm32f0xx_hal_tim.o [1]
HAL_TIM_PeriodElapsedCallback
                        0x08000719    0x8  Code  Gb  stm32f0xx_hal_timebase_TIM.o [1]
HAL_TIM_TriggerCallback
                        0x08000af7    0x2  Code  Wk  stm32f0xx_hal_tim.o [1]
HAL_UART_Init           0x08000d51   0x56  Code  Gb  stm32f0xx_hal_uart.o [1]
HAL_UART_MspInit        0x08000857   0x58  Code  Gb  stm32f0xx_hal_msp.o [1]
HAL_UART_Receive        0x08000e69   0xea  Code  Gb  stm32f0xx_hal_uart.o [1]
HAL_UART_Transmit       0x08000db9   0xb0  Code  Gb  stm32f0xx_hal_uart.o [1]
NVIC_SetPriority        0x080008bd   0x34  Code  Lc  stm32f0xx_hal_cortex.o [1]
PendSV_Handler          0x0800382b         Code  Gb  portasm.o [1]
Region$$Table$$Base     0x08003c18          --   Gb  - Linker created -
Region$$Table$$Limit    0x08003c38          --   Gb  - Linker created -
SVC_Handler             0x08003869         Code  Gb  portasm.o [1]
StartDefaultTask        0x080015ed   0xc2  Code  Gb  main.o [1]
SysTick_Handler         0x08003c81    0x8  Code  Gb  stm32f0xx_it.o [1]
SystemClock_Config      0x08001339   0x66  Code  Gb  main.o [1]
SystemCoreClock         0x20000004    0x4  Data  Gb  system_stm32f0xx.o [1]
SystemInit              0x08003b4d   0x50  Code  Gb  system_stm32f0xx.o [1]
TIM1_BRK_UP_TRG_COM_IRQHandler
                        0x08003c89    0xa  Code  Gb  stm32f0xx_it.o [1]
TIM_Base_SetConfig      0x08000af9   0x68  Code  Gb  stm32f0xx_hal_tim.o [1]
UART_AdvFeatureConfig   0x08001063   0xc8  Code  Gb  stm32f0xx_hal_uart.o [1]
UART_CheckIdleState     0x08001135   0x10  Code  Gb  stm32f0xx_hal_uart.o [1]
UART_SetConfig          0x08000f5d  0x106  Code  Gb  stm32f0xx_hal_uart.o [1]
UART_WaitOnFlagUntilTimeout
                        0x08001145   0xba  Code  Gb  stm32f0xx_hal_uart.o [1]
_IsdstStr               0x20000134    0x4  Data  Gb  setlocale.o [3]
_LocaleC_isalpha        0x08003b21   0x16  Code  Gb  xlocale_c.o [3]
_LocaleC_isspace        0x08003b37   0x14  Code  Gb  xlocale_c.o [3]
_LocaleForCat           0x08003b09   0x12  Code  Gb  setlocale.o [3]
_LocaleReturnString     0x20000154   0x50  Data  Lc  setlocale.o [3]
_Locale_Profile         0x20000138   0x1c  Data  Gb  setlocale.o [3]
_Locale_aeabi_lconv     0x200000f8   0x38  Data  Gb  localeconv.o [3]
_Locale_lconv           0x200000a8   0x50  Data  Gb  localeconv.o [3]
_Stoflt                 0x08002f55  0x1e0  Code  Gb  xstoflt.o [3]
_Stopfx                 0x08002e45  0x10e  Code  Gb  xstopfx.o [3]
_Stoxflt                0x08003359  0x1f8  Code  Gb  xstoxflt.o [3]
_Stoxflt::digits        0x08003554   0x18  Data  Lc  xstoxflt.o [3]
_Stoxflt::vals          0x0800356c   0x18  Data  Lc  xstoxflt.o [3]
_TzoneStr               0x20000130    0x4  Data  Gb  setlocale.o [3]
__ICFEDIT_region_RAM_end__ {Abs}
                        0x20003fff          --   Gb  command line/config [2]
__ICFEDIT_region_RAM_start__ {Abs}
                        0x20000000          --   Gb  command line/config [2]
__aeabi_cdcmpeq         0x0800391d         Code  Gb  DblCmpEq.o [4]
__aeabi_cdcmple         0x080029ed         Code  Gb  DblCmpLe.o [4]
__aeabi_cdrcmple        0x08002a1f         Code  Gb  DblCmpGe.o [4]
__aeabi_d2iz            0x080021c5         Code  Gb  DblToI32.o [4]
__aeabi_dadd            0x080019f9         Code  Gb  DblAddSub.o [4]
__aeabi_ddiv            0x08002387         Code  Gb  DblDiv.o [4]
__aeabi_dmul            0x08001875         Code  Gb  DblMul.o [4]
__aeabi_dsub            0x08001abf         Code  Gb  DblAddSub.o [4]
__aeabi_errno_addr      0x08002bf5    0xa  Code  Gb  errno.o [3]
__aeabi_i2d             0x08002a51         Code  Gb  I32ToDbl.o [4]
__aeabi_idiv            0x08000781         Code  Gb  I32DivModFast.o [5]
__aeabi_idiv0           0x08000b81         Code  Gb  IntDivZer.o [5]
__aeabi_idivmod         0x08000781         Code  Gb  I32DivModFast.o [5]
__aeabi_memclr          0x08002e41         Code  Gb  ABImemset.o [5]
__aeabi_memcpy4         0x08000721         Code  Wk  ABImemcpy.o [5]
__aeabi_memset4         0x08002e05         Code  Gb  ABImemset.o [5]
__aeabi_memset8         0x08002e05         Code  Gb  ABImemset.o [5]
__aeabi_uidiv           0x08000787         Code  Gb  I32DivModFast.o [5]
__aeabi_uidivmod        0x08000787         Code  Gb  I32DivModFast.o [5]
__cmain                 0x08003c39         Code  Gb  cmain.o [5]
__exit                  0x08003c6d   0x14  Code  Gb  exit.o [6]
__iar_Atan              0x08002c11  0x148  Code  Gb  xatan.o [4]
__iar_Dint              0x08003899   0x84  Code  Gb  xdint.o [4]
__iar_Dscale            0x08003585   0x80  Code  Gb  xdscale.o [4]
__iar_Dtentox           0x08003171  0x176  Code  Gb  xdtento.o [4]
__iar_Dunscale          0x08003a95   0x5c  Code  Gb  xdunscal.o [4]
__iar_Errno             0x200000a4    0x4  Data  Gb  errno.o [3]
__iar_Locale_lconv_init
                        0x08003a2d   0x32  Code  Gb  localeconv.o [3]
__iar_Memchr            0x08003af1   0x18  Code  Gb  memchr.o [5]
__iar_Memset4_word      0x08002e11         Code  Gb  ABImemset.o [5]
__iar_Memset_word       0x08002df1         Code  Gb  ABImemset.o [5]
__iar_Quad              0x08002a81  0x174  Code  Gb  xquad.o [4]
__iar_Sin               0x08001bad  0x444  Code  Gb  xsin.o [4]
__iar_Stod              0x0800237d    0xa  Code  Gb  xstod.o [4]
__iar_Stodx             0x08002239  0x138  Code  Gb  xstod.o [4]
__iar_d2uiz             0x080021e9         Code  Gb  DblToI32.o [4]
__iar_data_init3        0x08003bf1   0x28  Code  Gb  data_init.o [5]
__iar_dlib_perthread_access
                        0x08003a07    0x2  Code  Gb  xtls.o [3]
__iar_edom              0x08002c05         Code  Gb  iarEdom.o [5]
__iar_fmod              0x08003941         Code  Gb  fmod.o [4]
__iar_fmodl             0x08003941         Code  Gb  fmod.o [4]
__iar_packbits_init_single3
                        0x08003bb5   0x3c  Code  Gb  packbits_init_single.o [5]
__iar_program_start     0x08003cb5         Code  Gb  cstartup_M.o [5]
__iar_sqrt              0x08001ff1         Code  Gb  sqrt.o [4]
__iar_ui2d              0x08002a65         Code  Gb  I32ToDbl.o [4]
__iar_zero_init3        0x08003135   0x3c  Code  Gb  zero_init3.o [5]
__low_level_init        0x08003c53    0x4  Code  Gb  low_level_init.o [3]
__vector_table          0x08000000         Data  Gb  startup_stm32f070xb.o [1]
_call_main              0x08003c45         Code  Gb  cmain.o [5]
_exit                   0x08003c61         Code  Gb  cexit.o [5]
_main                   0x08003c4f         Code  Gb  cmain.o [5]
a                       0x08002db0   0x40  Data  Lc  xatan.o [4]
aAPBAHBPrescTable       0x08000658   0x10  Data  Gb  stm32f0xx_hal_rcc.o [1]
atan2                   0x080020b1  0x114  Code  Gb  atan2.o [4]
calculateditance        0x0800139f  0x12c  Code  Gb  main.o [1]
defaultTaskHandle       0x200010bc    0x4  Data  Gb  main.o [1]
exit                    0x08003c57    0x8  Code  Gb  exit.o [3]
fmod                    0x08003941         Code  Gb  fmod.o [4]
fmodl                   0x08003941         Code  Gb  fmod.o [4]
htim1                   0x20001130   0x3c  Data  Gb  stm32f0xx_hal_timebase_TIM.o [1]
huart1                  0x2000104c   0x70  Data  Gb  main.o [1]
huart2                  0x200010c0   0x70  Data  Gb  main.o [1]
isalpha                 0x08003a09   0x12  Code  Gb  isxxx.o [3]
isspace                 0x08003a1b   0x12  Code  Gb  isxxx.o [3]
localeconv              0x08003a5f   0x18  Code  Gb  localeconv.o [3]
main                    0x0800124d   0xd8  Code  Gb  main.o [1]
makeFreeRtosPriority    0x08001721    0xc  Code  Lc  cmsis_os.o [1]
osDelay                 0x0800176f   0x10  Code  Gb  cmsis_os.o [1]
osKernelStart           0x0800172d    0xa  Code  Gb  cmsis_os.o [1]
osSystickHandler        0x0800177f   0x10  Code  Gb  cmsis_os.o [1]
osThreadCreate          0x08001737   0x38  Code  Gb  cmsis_os.o [1]
pows                    0x08003310   0x48  Data  Lc  xdtento.o [4]
prvAddCurrentTaskToDelayedList
                        0x0800285d   0x2e  Code  Lc  tasks.o [1]
prvAllocateTCBAndStack  0x08002891   0x3c  Code  Lc  tasks.o [1]
prvIdleTask             0x080027a5   0x58  Code  Lc  tasks.o [1]
prvInitialiseTCBVariables
                        0x080027fd   0x60  Code  Lc  tasks.o [1]
prvInsertBlockIntoFreeList
                        0x080037d7   0x46  Code  Lc  heap_4.o [1]
prvResetNextTaskUnblockTime
                        0x080028cd   0x1c  Code  Lc  tasks.o [1]
prvTaskExitError        0x08002929   0x14  Code  Lc  port.o [1]
pvPortMalloc            0x08003699   0xfe  Code  Gb  heap_4.o [1]
pxCurrentTCB            0x20000030    0x4  Data  Gb  tasks.o [1]
pxDelayedTaskList       0x20000034    0x4  Data  Lc  tasks.o [1]
pxEnd                   0x200003b0    0x4  Data  Lc  heap_4.o [1]
pxOverflowDelayedTaskList
                        0x20000038    0x4  Data  Lc  tasks.o [1]
pxPortInitialiseStack   0x0800290d   0x1c  Code  Gb  port.o [1]
pxReadyTasksLists       0x20000fc0   0x8c  Data  Lc  tasks.o [1]
sqrt                    0x08001ff1         Code  Gb  sqrt.o [4]
sqrtl                   0x08001ff1         Code  Gb  sqrt.o [4]
strncpy                 0x08002213   0x24  Code  Gb  strncpy.o [5]
ucHeap                  0x200003c0  0xc00  Data  Lc  heap_4.o [1]
ulSetInterruptMaskFromISR
                        0x08003885         Code  Gb  portasm.o [1]
uwTick                  0x2000116c    0x4  Data  Lc  stm32f0xx_hal.o [1]
uxCriticalNesting       0x20000000    0x4  Data  Lc  port.o [1]
uxCurrentNumberOfTasks  0x20000054    0x4  Data  Lc  tasks.o [1]
uxListRemove            0x08003675   0x24  Code  Gb  list.o [1]
uxPendedTicks           0x20000064    0x4  Data  Lc  tasks.o [1]
uxSchedulerSuspended    0x20000078    0x4  Data  Lc  tasks.o [1]
uxTaskNumber            0x20000070    0x4  Data  Lc  tasks.o [1]
uxTasksDeleted          0x2000003c    0x4  Data  Lc  tasks.o [1]
uxTopReadyPriority      0x2000005c    0x4  Data  Lc  tasks.o [1]
vClearInterruptMaskFromISR
                        0x0800388d         Code  Gb  portasm.o [1]
vListInitialise         0x08003605   0x1e  Code  Gb  list.o [1]
vListInitialiseItem     0x08003623    0x6  Code  Gb  list.o [1]
vListInsert             0x08003641   0x34  Code  Gb  list.o [1]
vListInsertEnd          0x08003629   0x18  Code  Gb  list.o [1]
vPortEnterCritical      0x08002985    0xc  Code  Gb  port.o [1]
vPortExitCritical       0x0800299d   0x18  Code  Gb  port.o [1]
vPortFree               0x08003799   0x3e  Code  Gb  heap_4.o [1]
vPortStartFirstTask     0x0800386b         Code  Gb  portasm.o [1]
vPortYield              0x08002979    0xa  Code  Gb  port.o [1]
vSetMSP                 0x08003825         Code  Gb  portasm.o [1]
vTaskDelay              0x08002559   0x36  Code  Gb  tasks.o [1]
vTaskStartScheduler     0x08002599   0x3c  Code  Gb  tasks.o [1]
vTaskSuspendAll         0x080025dd    0xa  Code  Gb  tasks.o [1]
vTaskSwitchContext      0x0800274d   0x4e  Code  Gb  tasks.o [1]
xBlockAllocatedBit      0x200003bc    0x4  Data  Lc  heap_4.o [1]
xDelayedTaskList1       0x2000007c   0x14  Data  Lc  tasks.o [1]
xDelayedTaskList2       0x20000090   0x14  Data  Lc  tasks.o [1]
xFreeBytesRemaining     0x200003b4    0x4  Data  Lc  heap_4.o [1]
xMinimumEverFreeBytesRemaining
                        0x200003b8    0x4  Data  Lc  heap_4.o [1]
xNextTaskUnblockTime    0x20000074    0x4  Data  Lc  tasks.o [1]
xNumOfOverflows         0x2000006c    0x4  Data  Lc  tasks.o [1]
xPendingReadyList       0x20000008   0x14  Data  Lc  tasks.o [1]
xPortStartScheduler     0x0800293d   0x3c  Code  Gb  port.o [1]
xPortSysTickHandler     0x080029b5   0x20  Code  Gb  port.o [1]
xSchedulerRunning       0x20000060    0x4  Data  Lc  tasks.o [1]
xStart                  0x200003a8    0x8  Data  Lc  heap_4.o [1]
xSuspendedTaskList      0x20000040   0x14  Data  Lc  tasks.o [1]
xTaskGenericCreate      0x08002449  0x110  Code  Gb  tasks.o [1]
xTaskGetSchedulerState  0x080028e9   0x1a  Code  Gb  tasks.o [1]
xTaskIncrementTick      0x08002689   0xbe  Code  Gb  tasks.o [1]
xTaskResumeAll          0x080025e9   0x9a  Code  Gb  tasks.o [1]
xTasksWaitingTermination
                        0x2000001c   0x14  Data  Lc  tasks.o [1]
xTickCount              0x20000058    0x4  Data  Lc  tasks.o [1]
xYieldPending           0x20000068    0x4  Data  Lc  tasks.o [1]


[1] = C:\Users\Benoit\Dev\Code\Benoit\GPS-ewarm\EWARM\GPS-ewarm\Obj
[2] = command line
[3] = dl6M_tlf.a
[4] = m6M_tl.a
[5] = rt6M_tl.a
[6] = shb_l.a

  15 550 bytes of readonly  code memory
      66 bytes of readonly  data memory
   4 460 bytes of readwrite data memory

Errors: none
Warnings: none
