###############################################################################
#
# IAR ELF Linker V7.60.1.11101/W32 for ARM                27/Apr/2016  17:45:32
# Copyright 2007-2016 IAR Systems AB.
#
#    Output file  =  
#        C:\Users\Benoit\Dev\Code\Benoit\SW9000GPS\EWARM\SW9000GPS\Exe\SW9000GPS.out
#    Map file     =  
#        C:\Users\Benoit\Dev\Code\Benoit\SW9000GPS\EWARM\SW9000GPS\List\SW9000GPS.map
#    Command line =  
#        C:\Users\Benoit\Dev\Code\Benoit\SW9000GPS\EWARM\SW9000GPS\Obj\cmsis_os.o
#        C:\Users\Benoit\Dev\Code\Benoit\SW9000GPS\EWARM\SW9000GPS\Obj\croutine.o
#        C:\Users\Benoit\Dev\Code\Benoit\SW9000GPS\EWARM\SW9000GPS\Obj\event_groups.o
#        C:\Users\Benoit\Dev\Code\Benoit\SW9000GPS\EWARM\SW9000GPS\Obj\freertos.o
#        C:\Users\Benoit\Dev\Code\Benoit\SW9000GPS\EWARM\SW9000GPS\Obj\heap_4.o
#        C:\Users\Benoit\Dev\Code\Benoit\SW9000GPS\EWARM\SW9000GPS\Obj\list.o
#        C:\Users\Benoit\Dev\Code\Benoit\SW9000GPS\EWARM\SW9000GPS\Obj\main.o
#        C:\Users\Benoit\Dev\Code\Benoit\SW9000GPS\EWARM\SW9000GPS\Obj\port.o
#        C:\Users\Benoit\Dev\Code\Benoit\SW9000GPS\EWARM\SW9000GPS\Obj\portasm.o
#        C:\Users\Benoit\Dev\Code\Benoit\SW9000GPS\EWARM\SW9000GPS\Obj\queue.o
#        C:\Users\Benoit\Dev\Code\Benoit\SW9000GPS\EWARM\SW9000GPS\Obj\startup_stm32l476xx.o
#        C:\Users\Benoit\Dev\Code\Benoit\SW9000GPS\EWARM\SW9000GPS\Obj\stm32l4xx_hal.o
#        C:\Users\Benoit\Dev\Code\Benoit\SW9000GPS\EWARM\SW9000GPS\Obj\stm32l4xx_hal_cortex.o
#        C:\Users\Benoit\Dev\Code\Benoit\SW9000GPS\EWARM\SW9000GPS\Obj\stm32l4xx_hal_dma.o
#        C:\Users\Benoit\Dev\Code\Benoit\SW9000GPS\EWARM\SW9000GPS\Obj\stm32l4xx_hal_flash.o
#        C:\Users\Benoit\Dev\Code\Benoit\SW9000GPS\EWARM\SW9000GPS\Obj\stm32l4xx_hal_flash_ex.o
#        C:\Users\Benoit\Dev\Code\Benoit\SW9000GPS\EWARM\SW9000GPS\Obj\stm32l4xx_hal_flash_ramfunc.o
#        C:\Users\Benoit\Dev\Code\Benoit\SW9000GPS\EWARM\SW9000GPS\Obj\stm32l4xx_hal_gpio.o
#        C:\Users\Benoit\Dev\Code\Benoit\SW9000GPS\EWARM\SW9000GPS\Obj\stm32l4xx_hal_i2c.o
#        C:\Users\Benoit\Dev\Code\Benoit\SW9000GPS\EWARM\SW9000GPS\Obj\stm32l4xx_hal_i2c_ex.o
#        C:\Users\Benoit\Dev\Code\Benoit\SW9000GPS\EWARM\SW9000GPS\Obj\stm32l4xx_hal_msp.o
#        C:\Users\Benoit\Dev\Code\Benoit\SW9000GPS\EWARM\SW9000GPS\Obj\stm32l4xx_hal_pwr.o
#        C:\Users\Benoit\Dev\Code\Benoit\SW9000GPS\EWARM\SW9000GPS\Obj\stm32l4xx_hal_pwr_ex.o
#        C:\Users\Benoit\Dev\Code\Benoit\SW9000GPS\EWARM\SW9000GPS\Obj\stm32l4xx_hal_rcc.o
#        C:\Users\Benoit\Dev\Code\Benoit\SW9000GPS\EWARM\SW9000GPS\Obj\stm32l4xx_hal_rcc_ex.o
#        C:\Users\Benoit\Dev\Code\Benoit\SW9000GPS\EWARM\SW9000GPS\Obj\stm32l4xx_hal_spi.o
#        C:\Users\Benoit\Dev\Code\Benoit\SW9000GPS\EWARM\SW9000GPS\Obj\stm32l4xx_hal_spi_ex.o
#        C:\Users\Benoit\Dev\Code\Benoit\SW9000GPS\EWARM\SW9000GPS\Obj\stm32l4xx_hal_tim.o
#        C:\Users\Benoit\Dev\Code\Benoit\SW9000GPS\EWARM\SW9000GPS\Obj\stm32l4xx_hal_tim_ex.o
#        C:\Users\Benoit\Dev\Code\Benoit\SW9000GPS\EWARM\SW9000GPS\Obj\stm32l4xx_hal_timebase_TIM.o
#        C:\Users\Benoit\Dev\Code\Benoit\SW9000GPS\EWARM\SW9000GPS\Obj\stm32l4xx_hal_uart.o
#        C:\Users\Benoit\Dev\Code\Benoit\SW9000GPS\EWARM\SW9000GPS\Obj\stm32l4xx_hal_uart_ex.o
#        C:\Users\Benoit\Dev\Code\Benoit\SW9000GPS\EWARM\SW9000GPS\Obj\stm32l4xx_it.o
#        C:\Users\Benoit\Dev\Code\Benoit\SW9000GPS\EWARM\SW9000GPS\Obj\system_stm32l4xx.o
#        C:\Users\Benoit\Dev\Code\Benoit\SW9000GPS\EWARM\SW9000GPS\Obj\tasks.o
#        C:\Users\Benoit\Dev\Code\Benoit\SW9000GPS\EWARM\SW9000GPS\Obj\timers.o
#        --redirect _Printf=_PrintfFull --redirect _Scanf=_ScanfFull -o
#        C:\Users\Benoit\Dev\Code\Benoit\SW9000GPS\EWARM\SW9000GPS\Exe\SW9000GPS.out
#        --map
#        C:\Users\Benoit\Dev\Code\Benoit\SW9000GPS\EWARM\SW9000GPS\List\SW9000GPS.map
#        --config
#        C:\Users\Benoit\Dev\Code\Benoit\SW9000GPS\EWARM/stm32l476xx_flash.icf
#        --semihosting --entry __iar_program_start --vfe
#
###############################################################################

*******************************************************************************
*** RUNTIME MODEL ATTRIBUTES
***

CppFlavor                     = *
__Heap_Handler                = DLMalloc
__SystemLibrary               = DLib
__dlib_dynamic_initialization = normal


*******************************************************************************
*** PLACEMENT SUMMARY
***

"A1":  place at 0x08000000 { ro section .intvec };
"P1":  place in [from 0x08000000 to 0x080fffff] { ro };
"P2":  place in [from 0x20000000 to 0x20017fff] { rw, block CSTACK, block HEAP };
initialize by copy { rw };

  Section             Kind        Address    Size  Object
  -------             ----        -------    ----  ------
"A1":                                       0x188
  .intvec             ro code  0x08000000   0x188  startup_stm32l476xx.o [1]
                             - 0x08000188   0x188

"P1":                                      0x41cd
  .text               ro code  0x08000188   0x6f4  stm32l4xx_hal_rcc.o [1]
  .text               ro code  0x0800087c    0x2c  stm32l4xx_hal.o [1]
  .text               ro code  0x080008a8    0x7c  stm32l4xx_hal_timebase_TIM.o [1]
  .text               ro code  0x08000924    0x78  stm32l4xx_hal_pwr_ex.o [1]
  .text               ro code  0x0800099c    0xe8  stm32l4xx_hal_cortex.o [1]
  .text               ro code  0x08000a84   0x160  stm32l4xx_hal_msp.o [1]
  .text               ro code  0x08000be4   0x260  stm32l4xx_hal_tim.o [1]
  .text               ro code  0x08000e44   0x1ee  stm32l4xx_hal_gpio.o [1]
  .text               ro code  0x08001034     0x4  stm32l4xx_hal_tim_ex.o [1]
  .text               ro code  0x08001038   0x640  stm32l4xx_hal_uart.o [1]
  .text               ro code  0x08001678    0xee  I64DivMod.o [5]
  .text               ro code  0x08001768     0x2  I64DivZer.o [5]
  .text               ro code  0x0800176c   0x558  stm32l4xx_hal_rcc_ex.o [1]
  .text               ro code  0x08001cc4   0x528  tasks.o [1]
  .text               ro code  0x080021ec   0x19c  port.o [1]
  .text               ro code  0x08002388    0x8e  list.o [1]
  .text               ro code  0x08002418   0x1b4  heap_4.o [1]
  .text               ro code  0x080025cc    0x3a  ABImemset48.o [5]
  CODE                ro code  0x08002608    0xa8  portasm.o [1]
  .text               ro code  0x080026b0   0x4c8  main.o [1]
  .text               ro code  0x08002b78    0xb4  stm32l4xx_hal_spi.o [1]
  .text               ro code  0x08002c2c    0x56  ABImemcpy_unaligned.o [5]
  .text               ro code  0x08002c84    0x6e  cmsis_os.o [1]
  .text               ro code  0x08002cf4    0x6c  strncpy_unaligned.o [5]
  .text               ro code  0x08002d60   0x172  xstod.o [4]
  .text               ro code  0x08002ed4   0x1a2  DblMul.o [4]
  .text               ro code  0x08003078   0x256  DblDiv.o [4]
  .text               ro code  0x080032d0    0x5e  ABImemset.o [5]
  .text               ro code  0x0800332e   0x122  xstopfx.o [3]
  .text               ro code  0x08003450   0x1d0  xstoflt.o [3]
  .text               ro code  0x08003620    0x2c  I32ToDbl.o [4]
  .text               ro code  0x0800364c    0xe8  DblAdd.o [4]
  .rodata             const    0x08003734     0xc  main.o [1]
  .text               ro code  0x08003740   0x200  xdtento.o [4]
  .text               ro code  0x08003940   0x234  xstoxflt.o [3]
  .text               ro code  0x08003b74   0x114  xdscale.o [4]
  .text               ro code  0x08003c88    0x28  isxxx.o [3]
  .text               ro code  0x08003cb0    0x6c  localeconv.o [3]
  .text               ro code  0x08003d1c   0x16c  DblSub.o [4]
  .text               ro code  0x08003e88    0x44  xdnorm.o [4]
  .text               ro code  0x08003ecc    0x20  DblCmpEq.o [4]
  .text               ro code  0x08003eec    0x52  xdunscal.o [4]
  .text               ro code  0x08003f40     0xc  errno.o [3]
  .text               ro code  0x08003f4c    0x58  memchr.o [5]
  .text               ro code  0x08003fa4    0x18  setlocale.o [3]
  .text               ro code  0x08003fbc    0x16  xlocale_c.o [3]
  .text               ro code  0x08003fd2    0x14  xlocale_c.o [3]
  .text               ro code  0x08003fe6     0x2  xtls.o [3]
  .text               ro code  0x08003fe8    0x8c  system_stm32l4xx.o [1]
  .text               ro code  0x08004074    0x48  stm32l4xx_it.o [1]
  .text               ro code  0x080040bc    0x40  zero_init3.o [5]
  .text               ro code  0x080040fc    0x38  packbits_init_single.o [5]
  .text               ro code  0x08004134    0x28  data_init.o [5]
  .text               ro code  0x0800415c    0x22  fpinit_M.o [4]
  .iar.init_table     const    0x08004180    0x20  - Linker created -
  .text               ro code  0x080041a0    0x1a  cmain.o [5]
  .text               ro code  0x080041ba     0x4  low_level_init.o [3]
  .text               ro code  0x080041be     0x4  exit.o [3]
  .text               ro code  0x080041c4     0xa  cexit.o [5]
  .text               ro code  0x080041d0    0x14  exit.o [6]
  .text               ro code  0x080041e4    0x10  startup_stm32l476xx.o [1]
  .text               ro code  0x080041f4     0xc  cstartup_M.o [5]
  .rodata             const    0x08004200     0x8  system_stm32l4xx.o [1]
  .text               ro code  0x08004208     0x4  startup_stm32l476xx.o [1]
  .text               ro code  0x0800420c     0x4  startup_stm32l476xx.o [1]
  .text               ro code  0x08004210     0x4  startup_stm32l476xx.o [1]
  .text               ro code  0x08004214     0x4  startup_stm32l476xx.o [1]
  .text               ro code  0x08004218     0x4  startup_stm32l476xx.o [1]
  .text               ro code  0x0800421c     0x4  startup_stm32l476xx.o [1]
  .text               ro code  0x08004220     0x4  startup_stm32l476xx.o [1]
  .text               ro code  0x08004224     0x4  startup_stm32l476xx.o [1]
  .text               ro code  0x08004228     0x4  startup_stm32l476xx.o [1]
  .text               ro code  0x0800422c     0x4  startup_stm32l476xx.o [1]
  .text               ro code  0x08004230     0x4  startup_stm32l476xx.o [1]
  .text               ro code  0x08004234     0x4  startup_stm32l476xx.o [1]
  .text               ro code  0x08004238     0x4  startup_stm32l476xx.o [1]
  .text               ro code  0x0800423c     0x4  startup_stm32l476xx.o [1]
  .text               ro code  0x08004240     0x4  startup_stm32l476xx.o [1]
  .text               ro code  0x08004244     0x4  startup_stm32l476xx.o [1]
  .text               ro code  0x08004248     0x4  startup_stm32l476xx.o [1]
  .text               ro code  0x0800424c     0x4  startup_stm32l476xx.o [1]
  .text               ro code  0x08004250     0x4  startup_stm32l476xx.o [1]
  .text               ro code  0x08004254     0x4  startup_stm32l476xx.o [1]
  .text               ro code  0x08004258     0x4  startup_stm32l476xx.o [1]
  .text               ro code  0x0800425c     0x4  startup_stm32l476xx.o [1]
  .text               ro code  0x08004260     0x4  startup_stm32l476xx.o [1]
  .text               ro code  0x08004264     0x4  startup_stm32l476xx.o [1]
  .text               ro code  0x08004268     0x4  startup_stm32l476xx.o [1]
  .text               ro code  0x0800426c     0x4  startup_stm32l476xx.o [1]
  .text               ro code  0x08004270     0x4  startup_stm32l476xx.o [1]
  .text               ro code  0x08004274     0x4  startup_stm32l476xx.o [1]
  .text               ro code  0x08004278     0x4  startup_stm32l476xx.o [1]
  .text               ro code  0x0800427c     0x4  startup_stm32l476xx.o [1]
  .text               ro code  0x08004280     0x4  startup_stm32l476xx.o [1]
  .text               ro code  0x08004284     0x4  startup_stm32l476xx.o [1]
  .text               ro code  0x08004288     0x4  startup_stm32l476xx.o [1]
  .text               ro code  0x0800428c     0x4  startup_stm32l476xx.o [1]
  .text               ro code  0x08004290     0x4  startup_stm32l476xx.o [1]
  .text               ro code  0x08004294     0x4  startup_stm32l476xx.o [1]
  .text               ro code  0x08004298     0x4  startup_stm32l476xx.o [1]
  .text               ro code  0x0800429c     0x4  startup_stm32l476xx.o [1]
  .text               ro code  0x080042a0     0x4  startup_stm32l476xx.o [1]
  .text               ro code  0x080042a4     0x4  startup_stm32l476xx.o [1]
  .text               ro code  0x080042a8     0x4  startup_stm32l476xx.o [1]
  .text               ro code  0x080042ac     0x4  startup_stm32l476xx.o [1]
  .text               ro code  0x080042b0     0x4  startup_stm32l476xx.o [1]
  .text               ro code  0x080042b4     0x4  startup_stm32l476xx.o [1]
  .text               ro code  0x080042b8     0x4  startup_stm32l476xx.o [1]
  .text               ro code  0x080042bc     0x4  startup_stm32l476xx.o [1]
  .text               ro code  0x080042c0     0x4  startup_stm32l476xx.o [1]
  .text               ro code  0x080042c4     0x4  startup_stm32l476xx.o [1]
  .text               ro code  0x080042c8     0x4  startup_stm32l476xx.o [1]
  .text               ro code  0x080042cc     0x4  startup_stm32l476xx.o [1]
  .text               ro code  0x080042d0     0x4  startup_stm32l476xx.o [1]
  .text               ro code  0x080042d4     0x4  startup_stm32l476xx.o [1]
  .text               ro code  0x080042d8     0x4  startup_stm32l476xx.o [1]
  .text               ro code  0x080042dc     0x4  startup_stm32l476xx.o [1]
  .text               ro code  0x080042e0     0x4  startup_stm32l476xx.o [1]
  .text               ro code  0x080042e4     0x4  startup_stm32l476xx.o [1]
  .text               ro code  0x080042e8     0x4  startup_stm32l476xx.o [1]
  .text               ro code  0x080042ec     0x4  startup_stm32l476xx.o [1]
  .text               ro code  0x080042f0     0x4  startup_stm32l476xx.o [1]
  .text               ro code  0x080042f4     0x4  startup_stm32l476xx.o [1]
  .text               ro code  0x080042f8     0x4  startup_stm32l476xx.o [1]
  .text               ro code  0x080042fc     0x4  startup_stm32l476xx.o [1]
  .text               ro code  0x08004300     0x4  startup_stm32l476xx.o [1]
  .text               ro code  0x08004304     0x4  startup_stm32l476xx.o [1]
  .text               ro code  0x08004308     0x4  startup_stm32l476xx.o [1]
  .text               ro code  0x0800430c     0x4  startup_stm32l476xx.o [1]
  .text               ro code  0x08004310     0x4  startup_stm32l476xx.o [1]
  .text               ro code  0x08004314     0x4  startup_stm32l476xx.o [1]
  .text               ro code  0x08004318     0x4  startup_stm32l476xx.o [1]
  .text               ro code  0x0800431c     0x4  startup_stm32l476xx.o [1]
  .text               ro code  0x08004320     0x4  startup_stm32l476xx.o [1]
  .text               ro code  0x08004324     0x4  startup_stm32l476xx.o [1]
  .text               ro code  0x08004328     0x4  startup_stm32l476xx.o [1]
  .text               ro code  0x0800432c     0x4  startup_stm32l476xx.o [1]
  .text               ro code  0x08004330     0x4  startup_stm32l476xx.o [1]
  .text               ro code  0x08004334     0x4  startup_stm32l476xx.o [1]
  .text               ro code  0x08004338     0x4  startup_stm32l476xx.o [1]
  .text               ro code  0x0800433c     0x4  startup_stm32l476xx.o [1]
  .rodata             const    0x08004340     0x0  zero_init3.o [5]
  .rodata             const    0x08004340     0x0  packbits_init_single.o [5]
  Initializer bytes   const    0x08004340    0x15  <for P2-1>
                             - 0x08004355  0x41cd

"P2", part 1 of 3:                          0x110
  P2-1                         0x20000000   0x110  <Init block>
    .data             inited   0x20000000     0xc  port.o [1]
    .data             inited   0x2000000c     0x4  system_stm32l4xx.o [1]
    __DLIB_PERTHREAD  inited   0x20000010     0x4  errno.o [3]
    __DLIB_PERTHREAD  inited   0x20000014    0x88  localeconv.o [3]
    __DLIB_PERTHREAD  inited   0x2000009c    0x74  setlocale.o [3]
                             - 0x20000110   0x110

"P2", part 2 of 3:                          0x400
  CSTACK                       0x20000110   0x400  <Block>
    CSTACK            uninit   0x20000110   0x400  <Block tail>
                             - 0x20000510   0x400

"P2", part 3 of 3:                         0x5100
  .bss                zero     0x20000510  0x4e38  heap_4.o [1]
  .bss                zero     0x20005348    0x9c  tasks.o [1]
  .bss                zero     0x200053e4    0x8c  tasks.o [1]
  .bss                zero     0x20005470    0x80  main.o [1]
  .bss                zero     0x200054f0    0x70  main.o [1]
  .bss                zero     0x20005560    0x70  main.o [1]
  .bss                zero     0x200055d0    0x3c  stm32l4xx_hal_timebase_TIM.o [1]
  .bss                zero     0x2000560c     0x4  stm32l4xx_hal.o [1]
                             - 0x20005610  0x5100


*******************************************************************************
*** INIT TABLE
***

          Address     Size
          -------     ----
Zero (__iar_zero_init3)
    1 destination range, total size 0x5100:
          0x20000510  0x5100

Copy/packbits (__iar_packbits_init_single3)
    1 source range, total size 0x15 (7% of destination):
          0x08004340    0x15
    1 destination range, total size 0x110:
          0x20000000   0x110



*******************************************************************************
*** MODULE SUMMARY
***

    Module                        ro code  ro data  rw data
    ------                        -------  -------  -------
C:\Users\Benoit\Dev\Code\Benoit\SW9000GPS\EWARM\SW9000GPS\Obj: [1]
    cmsis_os.o                        110
    heap_4.o                          436            20 024
    list.o                            142
    main.o                          1 224       12      352
    port.o                            412                12
    portasm.o                         168
    startup_stm32l476xx.o             720
    stm32l4xx_hal.o                    44                 4
    stm32l4xx_hal_cortex.o            232
    stm32l4xx_hal_gpio.o              494
    stm32l4xx_hal_msp.o               352
    stm32l4xx_hal_pwr_ex.o            120
    stm32l4xx_hal_rcc.o             1 780
    stm32l4xx_hal_rcc_ex.o          1 368
    stm32l4xx_hal_spi.o               180
    stm32l4xx_hal_tim.o               608
    stm32l4xx_hal_tim_ex.o              4
    stm32l4xx_hal_timebase_TIM.o      124                60
    stm32l4xx_hal_uart.o            1 600
    stm32l4xx_it.o                     72
    system_stm32l4xx.o                140        9        4
    tasks.o                         1 320               296
    -------------------------------------------------------
    Total:                         11 650       21   20 752

command line: [2]
    -------------------------------------------------------
    Total:

dl7M_tlf.a: [3]
    errno.o                            12                 4
    exit.o                              4
    isxxx.o                            40
    localeconv.o                      108       11      136
    low_level_init.o                    4
    setlocale.o                        24        9      116
    xlocale_c.o                        42
    xstoflt.o                         464
    xstopfx.o                         290
    xstoxflt.o                        564
    xtls.o                              2
    -------------------------------------------------------
    Total:                          1 554       20      256

m7M_tls.a: [4]
    DblAdd.o                          232
    DblCmpEq.o                         32
    DblDiv.o                          598
    DblMul.o                          418
    DblSub.o                          364
    I32ToDbl.o                         44
    fpinit_M.o                         34
    xdnorm.o                           68
    xdscale.o                         276
    xdtento.o                         512
    xdunscal.o                         82
    xstod.o                           370
    -------------------------------------------------------
    Total:                          3 030

rt7M_tl.a: [5]
    ABImemcpy_unaligned.o              86
    ABImemset.o                        94
    ABImemset48.o                      58
    I64DivMod.o                       238
    I64DivZer.o                         2
    cexit.o                            10
    cmain.o                            26
    cstartup_M.o                       12
    data_init.o                        40
    memchr.o                           88
    packbits_init_single.o             56
    strncpy_unaligned.o               108
    zero_init3.o                       64
    -------------------------------------------------------
    Total:                            882

shb_l.a: [6]
    exit.o                             20
    -------------------------------------------------------
    Total:                             20

    Gaps                               26        2
    Linker created                              32    1 024
-----------------------------------------------------------
    Grand Total:                   17 162       75   22 032


*******************************************************************************
*** ENTRY LIST
***

Entry                      Address    Size  Type      Object
-----                      -------    ----  ----      ------
.iar.init_table$$Base   0x08004180           --   Gb  - Linker created -
.iar.init_table$$Limit  0x080041a0           --   Gb  - Linker created -
?main                   0x080041a1          Code  Gb  cmain.o [5]
AHBPrescTable           0x08004034    0x10  Data  Gb  system_stm32l4xx.o [1]
APBPrescTable           0x08004200     0x8  Data  Gb  system_stm32l4xx.o [1]
BusFault_Handler        0x0800407b     0x2  Code  Gb  stm32l4xx_it.o [1]
CSTACK$$Base            0x20000110           --   Gb  - Linker created -
CSTACK$$Limit           0x20000510           --   Gb  - Linker created -
DebugMon_Handler        0x0800407f     0x2  Code  Gb  stm32l4xx_it.o [1]
Directions              0x08002925    0x64  Code  Gb  main.o [1]
EXTI0_IRQHandler        0x08004085    0x12  Code  Gb  stm32l4xx_it.o [1]
EXTI15_10_IRQHandler    0x080040a1    0x1c  Code  Gb  stm32l4xx_it.o [1]
GPSReceive              0x08002999    0x9a  Code  Gb  main.o [1]
HAL_GPIO_EXTI_Callback  0x08001031     0x2  Code  Wk  stm32l4xx_hal_gpio.o [1]
HAL_GPIO_EXTI_IRQHandler
                        0x08000ff3    0x14  Code  Gb  stm32l4xx_hal_gpio.o [1]
HAL_GPIO_Init           0x08000e45   0x1a4  Code  Gb  stm32l4xx_hal_gpio.o [1]
HAL_GPIO_WritePin       0x08000fe9     0xa  Code  Gb  stm32l4xx_hal_gpio.o [1]
HAL_GetTick             0x0800089d     0x6  Code  Wk  stm32l4xx_hal.o [1]
HAL_IncTick             0x08000893     0xa  Code  Wk  stm32l4xx_hal.o [1]
HAL_Init                0x0800087d    0x16  Code  Gb  stm32l4xx_hal.o [1]
HAL_InitTick            0x080008a9    0x66  Code  Gb  stm32l4xx_hal_timebase_TIM.o [1]
HAL_MspInit             0x08000a85    0x5c  Code  Gb  stm32l4xx_hal_msp.o [1]
HAL_NVIC_ClearPendingIRQ
                        0x08000a47     0xc  Code  Gb  stm32l4xx_hal_cortex.o [1]
HAL_NVIC_EnableIRQ      0x08000a0b     0xc  Code  Gb  stm32l4xx_hal_cortex.o [1]
HAL_NVIC_SetPriority    0x080009d1    0x3a  Code  Gb  stm32l4xx_hal_cortex.o [1]
HAL_NVIC_SetPriorityGrouping
                        0x080009b7    0x1a  Code  Gb  stm32l4xx_hal_cortex.o [1]
HAL_PWREx_ControlVoltageScaling
                        0x08000931    0x60  Code  Gb  stm32l4xx_hal_pwr_ex.o [1]
HAL_PWREx_GetVoltageRange
                        0x08000925     0xc  Code  Gb  stm32l4xx_hal_pwr_ex.o [1]
HAL_RCCEx_PeriphCLKConfig
                        0x0800176d   0x3ca  Code  Gb  stm32l4xx_hal_rcc_ex.o [1]
HAL_RCC_ClockConfig     0x08000577   0x122  Code  Gb  stm32l4xx_hal_rcc.o [1]
HAL_RCC_GetClockConfig  0x08000799    0x34  Code  Gb  stm32l4xx_hal_rcc.o [1]
HAL_RCC_GetHCLKFreq     0x0800076f     0x6  Code  Gb  stm32l4xx_hal_rcc.o [1]
HAL_RCC_GetPCLK1Freq    0x08000775    0x10  Code  Gb  stm32l4xx_hal_rcc.o [1]
HAL_RCC_GetPCLK2Freq    0x08000785     0xe  Code  Gb  stm32l4xx_hal_rcc.o [1]
HAL_RCC_GetSysClockFreq
                        0x080006c1    0xae  Code  Gb  stm32l4xx_hal_rcc.o [1]
HAL_RCC_OscConfig       0x08000189   0x3ae  Code  Gb  stm32l4xx_hal_rcc.o [1]
HAL_SPI_Init            0x08002b79    0xb4  Code  Gb  stm32l4xx_hal_spi.o [1]
HAL_SPI_MspInit         0x08000ae1    0x48  Code  Gb  stm32l4xx_hal_msp.o [1]
HAL_SYSTICK_CLKSourceConfig
                        0x08000a53    0x16  Code  Gb  stm32l4xx_hal_cortex.o [1]
HAL_SYSTICK_Config      0x08000a1f    0x28  Code  Gb  stm32l4xx_hal_cortex.o [1]
HAL_TIMEx_BreakCallback
                        0x08001037     0x2  Code  Wk  stm32l4xx_hal_tim_ex.o [1]
HAL_TIMEx_CommutationCallback
                        0x08001035     0x2  Code  Wk  stm32l4xx_hal_tim_ex.o [1]
HAL_TIM_Base_Init       0x08000be5    0x1a  Code  Gb  stm32l4xx_hal_tim.o [1]
HAL_TIM_Base_MspInit    0x08000bff     0x2  Code  Wk  stm32l4xx_hal_tim.o [1]
HAL_TIM_Base_Start_IT   0x08000c01    0x16  Code  Gb  stm32l4xx_hal_tim.o [1]
HAL_TIM_IC_CaptureCallback
                        0x08000d7f     0x2  Code  Wk  stm32l4xx_hal_tim.o [1]
HAL_TIM_IRQHandler      0x08000c33   0x14a  Code  Gb  stm32l4xx_hal_tim.o [1]
HAL_TIM_OC_DelayElapsedCallback
                        0x08000d7d     0x2  Code  Wk  stm32l4xx_hal_tim.o [1]
HAL_TIM_PWM_PulseFinishedCallback
                        0x08000d81     0x2  Code  Wk  stm32l4xx_hal_tim.o [1]
HAL_TIM_PeriodElapsedCallback
                        0x08000921     0x4  Code  Gb  stm32l4xx_hal_timebase_TIM.o [1]
HAL_TIM_TriggerCallback
                        0x08000d83     0x2  Code  Wk  stm32l4xx_hal_tim.o [1]
HAL_UART_Init           0x08001039    0x30  Code  Gb  stm32l4xx_hal_uart.o [1]
HAL_UART_MspInit        0x08000b3b    0x6c  Code  Gb  stm32l4xx_hal_msp.o [1]
HAL_UART_Receive        0x08001153    0xd0  Code  Gb  stm32l4xx_hal_uart.o [1]
HAL_UART_Transmit       0x080010b5    0x9e  Code  Gb  stm32l4xx_hal_uart.o [1]
HardFault_Handler       0x08004077     0x2  Code  Gb  stm32l4xx_it.o [1]
MSIRangeTable           0x08004044    0x30  Data  Gb  system_stm32l4xx.o [1]
MX_GPIO_Init            0x0800280d   0x108  Code  Lc  main.o [1]
MemManage_Handler       0x08004079     0x2  Code  Gb  stm32l4xx_it.o [1]
NMI_Handler             0x08004075     0x2  Code  Gb  stm32l4xx_it.o [1]
NVIC_SetPriority        0x0800099d    0x1a  Code  Lc  stm32l4xx_hal_cortex.o [1]
PendSV_Handler          0x08002609          Code  Gb  portasm.o [1]
RCCEx_PLLSAI1_ConfigNP  0x08001b61    0x48  Code  Lc  stm32l4xx_hal_rcc_ex.o [1]
RCCEx_PLLSAI1_ConfigNQ  0x08001bc9    0x54  Code  Lc  stm32l4xx_hal_rcc_ex.o [1]
RCCEx_PLLSAI2_ConfigNP  0x08001c2f    0x50  Code  Lc  stm32l4xx_hal_rcc_ex.o [1]
RCC_SetFlashLatencyFromMSIRange
                        0x080007cd    0x76  Code  Lc  stm32l4xx_hal_rcc.o [1]
Region$$Table$$Base     0x08004180           --   Gb  - Linker created -
Region$$Table$$Limit    0x080041a0           --   Gb  - Linker created -
SVC_Handler             0x08002661          Code  Gb  portasm.o [1]
StartDefaultTask        0x08002a35    0x76  Code  Gb  main.o [1]
SysTick_Handler         0x08004081     0x4  Code  Gb  stm32l4xx_it.o [1]
SystemClock_Config      0x0800276f    0x9e  Code  Gb  main.o [1]
SystemCoreClock         0x2000000c     0x4  Data  Gb  system_stm32l4xx.o [1]
SystemInit              0x08003fe9    0x3c  Code  Gb  system_stm32l4xx.o [1]
TIM1_UP_TIM16_IRQHandler
                        0x08004097     0x6  Code  Gb  stm32l4xx_it.o [1]
TIM_Base_SetConfig      0x08000d85    0x9e  Code  Gb  stm32l4xx_hal_tim.o [1]
UART_AdvFeatureConfig   0x080014c3    0xc6  Code  Gb  stm32l4xx_hal_uart.o [1]
UART_CheckIdleState     0x08001589    0x4a  Code  Gb  stm32l4xx_hal_uart.o [1]
UART_SetConfig          0x08001229   0x260  Code  Gb  stm32l4xx_hal_uart.o [1]
UART_WaitOnFlagUntilTimeout
                        0x080015d5    0x8a  Code  Gb  stm32l4xx_hal_uart.o [1]
UsageFault_Handler      0x0800407d     0x2  Code  Gb  stm32l4xx_it.o [1]
_IsdstStr               0x200000a0     0x4  Data  Gb  setlocale.o [3]
_LocaleC_isalpha        0x08003fbd    0x16  Code  Gb  xlocale_c.o [3]
_LocaleC_isspace        0x08003fd3    0x14  Code  Gb  xlocale_c.o [3]
_LocaleForCat           0x08003fa5    0x14  Code  Gb  setlocale.o [3]
_LocaleReturnString     0x200000c0    0x50  Data  Lc  setlocale.o [3]
_Locale_Profile         0x200000a4    0x1c  Data  Gb  setlocale.o [3]
_Locale_aeabi_lconv     0x20000064    0x38  Data  Gb  localeconv.o [3]
_Locale_lconv           0x20000014    0x50  Data  Gb  localeconv.o [3]
_Stoflt                 0x08003451   0x1d0  Code  Gb  xstoflt.o [3]
_Stopfx                 0x0800332f   0x122  Code  Gb  xstopfx.o [3]
_Stoxflt                0x08003941   0x1fa  Code  Gb  xstoxflt.o [3]
_Stoxflt::digits        0x08003b44    0x18  Data  Lc  xstoxflt.o [3]
_Stoxflt::vals          0x08003b5c    0x18  Data  Lc  xstoxflt.o [3]
_TzoneStr               0x2000009c     0x4  Data  Gb  setlocale.o [3]
__aeabi_cdcmpeq         0x08003ecd          Code  Gb  DblCmpEq.o [4]
__aeabi_dadd            0x0800364d          Code  Gb  DblAdd.o [4]
__aeabi_ddiv            0x08003079          Code  Gb  DblDiv.o [4]
__aeabi_dmul            0x08002ed5          Code  Gb  DblMul.o [4]
__aeabi_errno_addr      0x08003f41     0x6  Code  Gb  errno.o [3]
__aeabi_i2d             0x08003621          Code  Gb  I32ToDbl.o [4]
__aeabi_ldiv0           0x08001769          Code  Gb  I64DivZer.o [5]
__aeabi_memset4         0x080025cd          Code  Gb  ABImemset48.o [5]
__aeabi_memset8         0x080025cd          Code  Gb  ABImemset48.o [5]
__aeabi_uldivmod        0x08001679          Code  Gb  I64DivMod.o [5]
__cmain                 0x080041a1          Code  Gb  cmain.o [5]
__exit                  0x080041d1    0x14  Code  Gb  exit.o [6]
__iar_Dnorm             0x08003e89    0x44  Code  Gb  xdnorm.o [4]
__iar_Dscale            0x08003b75   0x114  Code  Gb  xdscale.o [4]
__iar_Dtentox           0x0800379d   0x140  Code  Gb  xdtento.o [4]
__iar_Dunscale          0x08003eed    0x52  Code  Gb  xdunscal.o [4]
__iar_Errno             0x20000010     0x4  Data  Gb  errno.o [3]
__iar_Locale_lconv_init
                        0x08003cb1    0x3a  Code  Gb  localeconv.o [3]
__iar_Memchr            0x08003f4d          Code  Gb  memchr.o [5]
__iar_Memset4_word      0x080025d5          Code  Gb  ABImemset48.o [5]
__iar_Memset8_word      0x080025d5          Code  Gb  ABImemset48.o [5]
__iar_Memset_word       0x080032d1          Code  Gb  ABImemset.o [5]
__iar_Stodx             0x08002d61   0x150  Code  Gb  xstod.o [4]
__iar_dadd              0x08003661          Code  Gb  DblAdd.o [4]
__iar_data_init3        0x08004135    0x28  Code  Gb  data_init.o [5]
__iar_dlib_perthread_access
                        0x08003fe7     0x2  Code  Gb  xtls.o [3]
__iar_dsub              0x08003d1d          Code  Gb  DblSub.o [4]
__iar_dsubStart         0x08003d2f          Code  Gb  DblSub.o [4]
__iar_init_vfp          0x0800415d          Code  Gb  fpinit_M.o [4]
__iar_packbits_init_single3
                        0x080040fd    0x38  Code  Gb  packbits_init_single.o [5]
__iar_program_start     0x080041f5          Code  Gb  cstartup_M.o [5]
__iar_ui2d              0x08003635          Code  Gb  I32ToDbl.o [4]
__iar_unaligned___aeabi_memcpy4
                        0x08002c2d          Code  Gb  ABImemcpy_unaligned.o [5]
__iar_unaligned___aeabi_memcpy8
                        0x08002c2d          Code  Gb  ABImemcpy_unaligned.o [5]
__iar_unaligned_strncpy
                        0x08002cf5          Code  Gb  strncpy_unaligned.o [5]
__iar_vfp___iar_Stod    0x08002ec5     0x4  Code  Gb  xstod.o [4]
__iar_zero_init3        0x080040bd    0x40  Code  Gb  zero_init3.o [5]
__low_level_init        0x080041bb     0x4  Code  Gb  low_level_init.o [3]
__vector_table          0x08000000          Data  Gb  startup_stm32l476xx.o [1]
_call_main              0x080041ad          Code  Gb  cmain.o [5]
_exit                   0x080041c5          Code  Gb  cexit.o [5]
_main                   0x080041b7          Code  Gb  cmain.o [5]
bLEDTaskHandle          0x200054e8     0x4  Data  Gb  main.o [1]
blinking                0x20005470     0x1  Data  Gb  main.o [1]
compassTaskHandle       0x200054ec     0x4  Data  Gb  main.o [1]
defaultTaskHandle       0x200054d8     0x4  Data  Gb  main.o [1]
dmul                    0x08003741    0x5a  Code  Lc  xdtento.o [4]
exit                    0x080041bf     0x4  Code  Gb  exit.o [3]
hspi2                   0x20005474    0x64  Data  Gb  main.o [1]
htim1                   0x200055d0    0x3c  Data  Gb  stm32l4xx_hal_timebase_TIM.o [1]
huart1                  0x200054f0    0x70  Data  Gb  main.o [1]
huart2                  0x20005560    0x70  Data  Gb  main.o [1]
isalpha                 0x08003c89    0x14  Code  Gb  isxxx.o [3]
isspace                 0x08003c9d    0x14  Code  Gb  isxxx.o [3]
lLEDTaskHandle          0x200054e0     0x4  Data  Gb  main.o [1]
localeconv              0x08003ceb    0x16  Code  Gb  localeconv.o [3]
main                    0x080026b1    0xa8  Code  Gb  main.o [1]
makeFreeRtosPriority    0x08002c85     0xc  Code  Lc  cmsis_os.o [1]
memchr                  0x08003f4d          Code  Gb  memchr.o [5]
osDelay                 0x08002cd1     0xe  Code  Gb  cmsis_os.o [1]
osKernelStart           0x08002c91     0xa  Code  Gb  cmsis_os.o [1]
osSystickHandler        0x08002cdf    0x14  Code  Gb  cmsis_os.o [1]
osThreadCreate          0x08002c9b    0x36  Code  Gb  cmsis_os.o [1]
pows                    0x080038f8    0x48  Data  Lc  xdtento.o [4]
prvAddCurrentTaskToDelayedList
                        0x0800211b    0x30  Code  Lc  tasks.o [1]
prvAllocateTCBAndStack  0x0800214b    0x38  Code  Lc  tasks.o [1]
prvIdleTask             0x0800206d    0x5a  Code  Lc  tasks.o [1]
prvInitialiseTCBVariables
                        0x080020c7    0x54  Code  Lc  tasks.o [1]
prvInsertBlockIntoFreeList
                        0x0800257f    0x46  Code  Lc  heap_4.o [1]
prvResetNextTaskUnblockTime
                        0x08002183    0x1a  Code  Lc  tasks.o [1]
prvTaskExitError        0x08002211    0x28  Code  Lc  port.o [1]
pvPortMalloc            0x08002419    0xf8  Code  Gb  heap_4.o [1]
pxCurrentTCB            0x20005370     0x4  Data  Gb  tasks.o [1]
pxDelayedTaskList       0x20005374     0x4  Data  Lc  tasks.o [1]
pxEnd                   0x20000518     0x4  Data  Lc  heap_4.o [1]
pxOverflowDelayedTaskList
                        0x20005378     0x4  Data  Lc  tasks.o [1]
pxPortInitialiseStack   0x080021ed    0x22  Code  Gb  port.o [1]
pxReadyTasksLists       0x200053e4    0x8c  Data  Lc  tasks.o [1]
rLEDTaskHandle          0x200054dc     0x4  Data  Gb  main.o [1]
tLEDTaskHandle          0x200054e4     0x4  Data  Gb  main.o [1]
ucHeap                  0x20000528  0x4e20  Data  Lc  heap_4.o [1]
ucMaxSysCallPriority    0x20000000     0x1  Data  Lc  port.o [1]
ulMaxPRIGROUPValue      0x20000008     0x4  Data  Lc  port.o [1]
uwTick                  0x2000560c     0x4  Data  Gb  stm32l4xx_hal.o [1]
uxCriticalNesting       0x20000004     0x4  Data  Lc  port.o [1]
uxCurrentNumberOfTasks  0x20005394     0x4  Data  Lc  tasks.o [1]
uxListRemove            0x080023f3    0x24  Code  Gb  list.o [1]
uxPendedTicks           0x200053a4     0x4  Data  Lc  tasks.o [1]
uxSchedulerSuspended    0x200053b8     0x4  Data  Lc  tasks.o [1]
uxTaskNumber            0x200053b0     0x4  Data  Lc  tasks.o [1]
uxTasksDeleted          0x2000537c     0x4  Data  Lc  tasks.o [1]
uxTopReadyPriority      0x2000539c     0x4  Data  Lc  tasks.o [1]
vListInitialise         0x08002389    0x1a  Code  Gb  list.o [1]
vListInitialiseItem     0x080023a3     0x6  Code  Gb  list.o [1]
vListInsert             0x080023c1    0x32  Code  Gb  list.o [1]
vListInsertEnd          0x080023a9    0x18  Code  Gb  list.o [1]
vPortEnableVFP          0x08002695          Code  Gb  portasm.o [1]
vPortEnterCritical      0x080022d1    0x32  Code  Gb  port.o [1]
vPortExitCritical       0x08002303    0x24  Code  Gb  port.o [1]
vPortFree               0x08002523    0x4e  Code  Gb  heap_4.o [1]
vPortSetupTimerInterrupt
                        0x0800234d    0x18  Code  Wk  port.o [1]
vPortStartFirstTask     0x0800267d          Code  Gb  portasm.o [1]
vTaskDelay              0x08001de5    0x3a  Code  Gb  tasks.o [1]
vTaskStartScheduler     0x08001e45    0x5a  Code  Gb  tasks.o [1]
vTaskSuspendAll         0x08001e9f     0xc  Code  Gb  tasks.o [1]
vTaskSwitchContext      0x08001fff    0x52  Code  Gb  tasks.o [1]
xBlockAllocatedBit      0x20000524     0x4  Data  Lc  heap_4.o [1]
xDelayedTaskList1       0x200053bc    0x14  Data  Lc  tasks.o [1]
xDelayedTaskList2       0x200053d0    0x14  Data  Lc  tasks.o [1]
xFreeBytesRemaining     0x2000051c     0x4  Data  Lc  heap_4.o [1]
xMinimumEverFreeBytesRemaining
                        0x20000520     0x4  Data  Lc  heap_4.o [1]
xNextTaskUnblockTime    0x200053b4     0x4  Data  Lc  tasks.o [1]
xNumOfOverflows         0x200053ac     0x4  Data  Lc  tasks.o [1]
xPendingReadyList       0x20005348    0x14  Data  Lc  tasks.o [1]
xPortStartScheduler     0x08002239    0x84  Code  Gb  port.o [1]
xPortSysTickHandler     0x08002327    0x26  Code  Gb  port.o [1]
xSchedulerRunning       0x200053a0     0x4  Data  Lc  tasks.o [1]
xStart                  0x20000510     0x8  Data  Lc  heap_4.o [1]
xSuspendedTaskList      0x20005380    0x14  Data  Lc  tasks.o [1]
xTaskGenericCreate      0x08001cc5   0x118  Code  Gb  tasks.o [1]
xTaskGetSchedulerState  0x0800219d    0x16  Code  Gb  tasks.o [1]
xTaskIncrementTick      0x08001f43    0xbc  Code  Gb  tasks.o [1]
xTaskResumeAll          0x08001eab    0x98  Code  Gb  tasks.o [1]
xTasksWaitingTermination
                        0x2000535c    0x14  Data  Lc  tasks.o [1]
xTickCount              0x20005398     0x4  Data  Lc  tasks.o [1]
xYieldPending           0x200053a8     0x4  Data  Lc  tasks.o [1]


[1] = C:\Users\Benoit\Dev\Code\Benoit\SW9000GPS\EWARM\SW9000GPS\Obj
[2] = command line
[3] = dl7M_tlf.a
[4] = m7M_tls.a
[5] = rt7M_tl.a
[6] = shb_l.a

  17 162 bytes of readonly  code memory
      75 bytes of readonly  data memory
  22 032 bytes of readwrite data memory

Errors: none
Warnings: none
