###############################################################################
#
# IAR ELF Linker V7.60.1.11101/W32 for ARM                27/Apr/2016  17:36:11
# Copyright 2007-2016 IAR Systems AB.
#
#    Output file  =  
#        C:\Users\Benoit\Dev\Code\Benoit\SW9000GPS2\EWARM\SW9000GPS2\Exe\SW9000GPS2.out
#    Map file     =  
#        C:\Users\Benoit\Dev\Code\Benoit\SW9000GPS2\EWARM\SW9000GPS2\List\SW9000GPS2.map
#    Command line =  
#        C:\Users\Benoit\Dev\Code\Benoit\SW9000GPS2\EWARM\SW9000GPS2\Obj\main.o
#        C:\Users\Benoit\Dev\Code\Benoit\SW9000GPS2\EWARM\SW9000GPS2\Obj\startup_stm32l476xx.o
#        C:\Users\Benoit\Dev\Code\Benoit\SW9000GPS2\EWARM\SW9000GPS2\Obj\stm32l4xx_hal.o
#        C:\Users\Benoit\Dev\Code\Benoit\SW9000GPS2\EWARM\SW9000GPS2\Obj\stm32l4xx_hal_cortex.o
#        C:\Users\Benoit\Dev\Code\Benoit\SW9000GPS2\EWARM\SW9000GPS2\Obj\stm32l4xx_hal_dma.o
#        C:\Users\Benoit\Dev\Code\Benoit\SW9000GPS2\EWARM\SW9000GPS2\Obj\stm32l4xx_hal_flash.o
#        C:\Users\Benoit\Dev\Code\Benoit\SW9000GPS2\EWARM\SW9000GPS2\Obj\stm32l4xx_hal_flash_ex.o
#        C:\Users\Benoit\Dev\Code\Benoit\SW9000GPS2\EWARM\SW9000GPS2\Obj\stm32l4xx_hal_flash_ramfunc.o
#        C:\Users\Benoit\Dev\Code\Benoit\SW9000GPS2\EWARM\SW9000GPS2\Obj\stm32l4xx_hal_gpio.o
#        C:\Users\Benoit\Dev\Code\Benoit\SW9000GPS2\EWARM\SW9000GPS2\Obj\stm32l4xx_hal_i2c.o
#        C:\Users\Benoit\Dev\Code\Benoit\SW9000GPS2\EWARM\SW9000GPS2\Obj\stm32l4xx_hal_i2c_ex.o
#        C:\Users\Benoit\Dev\Code\Benoit\SW9000GPS2\EWARM\SW9000GPS2\Obj\stm32l4xx_hal_msp.o
#        C:\Users\Benoit\Dev\Code\Benoit\SW9000GPS2\EWARM\SW9000GPS2\Obj\stm32l4xx_hal_pwr.o
#        C:\Users\Benoit\Dev\Code\Benoit\SW9000GPS2\EWARM\SW9000GPS2\Obj\stm32l4xx_hal_pwr_ex.o
#        C:\Users\Benoit\Dev\Code\Benoit\SW9000GPS2\EWARM\SW9000GPS2\Obj\stm32l4xx_hal_rcc.o
#        C:\Users\Benoit\Dev\Code\Benoit\SW9000GPS2\EWARM\SW9000GPS2\Obj\stm32l4xx_hal_rcc_ex.o
#        C:\Users\Benoit\Dev\Code\Benoit\SW9000GPS2\EWARM\SW9000GPS2\Obj\stm32l4xx_hal_spi.o
#        C:\Users\Benoit\Dev\Code\Benoit\SW9000GPS2\EWARM\SW9000GPS2\Obj\stm32l4xx_hal_spi_ex.o
#        C:\Users\Benoit\Dev\Code\Benoit\SW9000GPS2\EWARM\SW9000GPS2\Obj\stm32l4xx_hal_tim.o
#        C:\Users\Benoit\Dev\Code\Benoit\SW9000GPS2\EWARM\SW9000GPS2\Obj\stm32l4xx_hal_tim_ex.o
#        C:\Users\Benoit\Dev\Code\Benoit\SW9000GPS2\EWARM\SW9000GPS2\Obj\stm32l4xx_hal_timebase_TIM.o
#        C:\Users\Benoit\Dev\Code\Benoit\SW9000GPS2\EWARM\SW9000GPS2\Obj\stm32l4xx_hal_uart.o
#        C:\Users\Benoit\Dev\Code\Benoit\SW9000GPS2\EWARM\SW9000GPS2\Obj\stm32l4xx_hal_uart_ex.o
#        C:\Users\Benoit\Dev\Code\Benoit\SW9000GPS2\EWARM\SW9000GPS2\Obj\stm32l4xx_it.o
#        C:\Users\Benoit\Dev\Code\Benoit\SW9000GPS2\EWARM\SW9000GPS2\Obj\system_stm32l4xx.o
#        --redirect _Printf=_PrintfFull --redirect _Scanf=_ScanfFull -o
#        C:\Users\Benoit\Dev\Code\Benoit\SW9000GPS2\EWARM\SW9000GPS2\Exe\SW9000GPS2.out
#        --map
#        C:\Users\Benoit\Dev\Code\Benoit\SW9000GPS2\EWARM\SW9000GPS2\List\SW9000GPS2.map
#        --config
#        C:\Users\Benoit\Dev\Code\Benoit\SW9000GPS2\EWARM/stm32l476xx_flash.icf
#        --semihosting --entry __iar_program_start --vfe
#
###############################################################################

*******************************************************************************
*** RUNTIME MODEL ATTRIBUTES
***

CppFlavor                     = *
__SystemLibrary               = DLib
__dlib_dynamic_initialization = normal


*******************************************************************************
*** PLACEMENT SUMMARY
***

"A1":  place at 0x08000000 { ro section .intvec };
"P1":  place in [from 0x08000000 to 0x080fffff] { ro };
"P2":  place in [from 0x20000000 to 0x20017fff] { rw, block CSTACK, block HEAP };
initialize by copy { rw };

  Section             Kind        Address    Size  Object
  -------             ----        -------    ----  ------
"A1":                                       0x188
  .intvec             ro code  0x08000000   0x188  startup_stm32l476xx.o [1]
                             - 0x08000188   0x188

"P1":                                      0x4480
  .text               ro code  0x08000188   0x6f4  stm32l4xx_hal_rcc.o [1]
  .text               ro code  0x0800087c    0x40  stm32l4xx_hal.o [1]
  .text               ro code  0x080008bc    0x7c  stm32l4xx_hal_timebase_TIM.o [1]
  .text               ro code  0x08000938    0x78  stm32l4xx_hal_pwr_ex.o [1]
  .text               ro code  0x080009b0    0xe4  stm32l4xx_hal_cortex.o [1]
  .text               ro code  0x08000a94   0x160  stm32l4xx_hal_msp.o [1]
  .text               ro code  0x08000bf4   0x260  stm32l4xx_hal_tim.o [1]
  .text               ro code  0x08000e54   0x1dc  stm32l4xx_hal_gpio.o [1]
  .text               ro code  0x08001030     0x4  stm32l4xx_hal_tim_ex.o [1]
  .text               ro code  0x08001034   0x640  stm32l4xx_hal_uart.o [1]
  .text               ro code  0x08001674    0xee  I64DivMod.o [5]
  .text               ro code  0x08001764     0x2  I64DivZer.o [5]
  .text               ro code  0x08001768   0x588  main.o [1]
  .text               ro code  0x08001cf0    0xb4  stm32l4xx_hal_spi.o [1]
  .text               ro code  0x08001da4   0x558  stm32l4xx_hal_rcc_ex.o [1]
  .text               ro code  0x080022fc   0x180  DblSub.o [4]
  .text               ro code  0x0800247c   0x1a2  DblMul.o [4]
  .text               ro code  0x08002620    0xe8  DblAdd.o [4]
  .text               ro code  0x08002708   0x100  sqrt.o [4]
  .text               ro code  0x08002808    0xf4  atan2.o [4]
  .text               ro code  0x080028fc    0x4c  DblToI32.o [4]
  .text               ro code  0x08002948   0x45a  xsin.o [4]
  .text               ro code  0x08002da4    0x6c  strncpy_unaligned.o [5]
  .text               ro code  0x08002e10   0x172  xstod.o [4]
  .text               ro code  0x08002f84   0x256  DblDiv.o [4]
  .text               ro code  0x080031dc     0xc  iarEdom.o [5]
  .text               ro code  0x080031e8    0x40  xdtest.o [4]
  .text               ro code  0x08003228    0x2e  DblCmpLe.o [4]
  .text               ro code  0x08003258   0x1f0  xatan.o [4]
  .text               ro code  0x08003448    0x2e  DblCmpGe.o [4]
  .text               ro code  0x08003478    0x2c  I32ToDbl.o [4]
  .text               ro code  0x080034a4     0xc  errno.o [3]
  .text               ro code  0x080034b0   0x168  xquad.o [4]
  .text               ro code  0x08003618    0x5e  ABImemset.o [5]
  .text               ro code  0x08003676   0x122  xstopfx.o [3]
  .text               ro code  0x08003798   0x1d0  xstoflt.o [3]
  .text               ro code  0x08003968   0x200  xdtento.o [4]
  .text               ro code  0x08003b68   0x234  xstoxflt.o [3]
  .text               ro code  0x08003d9c   0x114  xdscale.o [4]
  .text               ro code  0x08003eb0     0x2  xtls.o [3]
  .text               ro code  0x08003eb2    0x7a  xdint.o [4]
  .text               ro code  0x08003f2c    0x20  DblCmpEq.o [4]
  .text               ro code  0x08003f4c   0x1a8  fmod.o [4]
  .text               ro code  0x080040f4    0x28  isxxx.o [3]
  .text               ro code  0x0800411c    0x6c  localeconv.o [3]
  .text               ro code  0x08004188    0x44  xdnorm.o [4]
  .text               ro code  0x080041cc    0x52  xdunscal.o [4]
  .text               ro code  0x08004220    0x58  memchr.o [5]
  .text               ro code  0x08004278    0x18  setlocale.o [3]
  .text               ro code  0x08004290    0x16  xlocale_c.o [3]
  .text               ro code  0x080042a6    0x14  xlocale_c.o [3]
  .text               ro code  0x080042bc    0x8c  system_stm32l4xx.o [1]
  .text               ro code  0x08004348    0x40  zero_init3.o [5]
  .text               ro code  0x08004388    0x38  packbits_init_single.o [5]
  .text               ro code  0x080043c0    0x28  data_init.o [5]
  .text               ro code  0x080043e8    0x22  fpinit_M.o [4]
  .iar.init_table     const    0x0800440c    0x20  - Linker created -
  .text               ro code  0x0800442c    0x1c  stm32l4xx_it.o [1]
  .text               ro code  0x08004448    0x1a  cmain.o [5]
  .text               ro code  0x08004462     0x4  low_level_init.o [3]
  .text               ro code  0x08004466     0x4  exit.o [3]
  .text               ro code  0x0800446c     0xa  cexit.o [5]
  .text               ro code  0x08004478    0x14  exit.o [6]
  .text               ro code  0x0800448c    0x10  startup_stm32l476xx.o [1]
  .text               ro code  0x0800449c     0xc  cstartup_M.o [5]
  .rodata             const    0x080044a8     0x8  system_stm32l4xx.o [1]
  .text               ro code  0x080044b0     0x4  startup_stm32l476xx.o [1]
  .text               ro code  0x080044b4     0x4  startup_stm32l476xx.o [1]
  .text               ro code  0x080044b8     0x4  startup_stm32l476xx.o [1]
  .text               ro code  0x080044bc     0x4  startup_stm32l476xx.o [1]
  .text               ro code  0x080044c0     0x4  startup_stm32l476xx.o [1]
  .text               ro code  0x080044c4     0x4  startup_stm32l476xx.o [1]
  .text               ro code  0x080044c8     0x4  startup_stm32l476xx.o [1]
  .text               ro code  0x080044cc     0x4  startup_stm32l476xx.o [1]
  .text               ro code  0x080044d0     0x4  startup_stm32l476xx.o [1]
  .text               ro code  0x080044d4     0x4  startup_stm32l476xx.o [1]
  .text               ro code  0x080044d8     0x4  startup_stm32l476xx.o [1]
  .text               ro code  0x080044dc     0x4  startup_stm32l476xx.o [1]
  .text               ro code  0x080044e0     0x4  startup_stm32l476xx.o [1]
  .text               ro code  0x080044e4     0x4  startup_stm32l476xx.o [1]
  .text               ro code  0x080044e8     0x4  startup_stm32l476xx.o [1]
  .text               ro code  0x080044ec     0x4  startup_stm32l476xx.o [1]
  .text               ro code  0x080044f0     0x4  startup_stm32l476xx.o [1]
  .text               ro code  0x080044f4     0x4  startup_stm32l476xx.o [1]
  .text               ro code  0x080044f8     0x4  startup_stm32l476xx.o [1]
  .text               ro code  0x080044fc     0x4  startup_stm32l476xx.o [1]
  .text               ro code  0x08004500     0x4  startup_stm32l476xx.o [1]
  .text               ro code  0x08004504     0x4  startup_stm32l476xx.o [1]
  .text               ro code  0x08004508     0x4  startup_stm32l476xx.o [1]
  .text               ro code  0x0800450c     0x4  startup_stm32l476xx.o [1]
  .text               ro code  0x08004510     0x4  startup_stm32l476xx.o [1]
  .text               ro code  0x08004514     0x4  startup_stm32l476xx.o [1]
  .text               ro code  0x08004518     0x4  startup_stm32l476xx.o [1]
  .text               ro code  0x0800451c     0x4  startup_stm32l476xx.o [1]
  .text               ro code  0x08004520     0x4  startup_stm32l476xx.o [1]
  .text               ro code  0x08004524     0x4  startup_stm32l476xx.o [1]
  .text               ro code  0x08004528     0x4  startup_stm32l476xx.o [1]
  .text               ro code  0x0800452c     0x4  startup_stm32l476xx.o [1]
  .text               ro code  0x08004530     0x4  startup_stm32l476xx.o [1]
  .text               ro code  0x08004534     0x4  startup_stm32l476xx.o [1]
  .text               ro code  0x08004538     0x4  startup_stm32l476xx.o [1]
  .text               ro code  0x0800453c     0x4  startup_stm32l476xx.o [1]
  .text               ro code  0x08004540     0x4  startup_stm32l476xx.o [1]
  .text               ro code  0x08004544     0x4  startup_stm32l476xx.o [1]
  .text               ro code  0x08004548     0x4  startup_stm32l476xx.o [1]
  .text               ro code  0x0800454c     0x4  startup_stm32l476xx.o [1]
  .text               ro code  0x08004550     0x4  startup_stm32l476xx.o [1]
  .text               ro code  0x08004554     0x4  startup_stm32l476xx.o [1]
  .text               ro code  0x08004558     0x4  startup_stm32l476xx.o [1]
  .text               ro code  0x0800455c     0x4  startup_stm32l476xx.o [1]
  .text               ro code  0x08004560     0x4  startup_stm32l476xx.o [1]
  .text               ro code  0x08004564     0x4  startup_stm32l476xx.o [1]
  .text               ro code  0x08004568     0x4  startup_stm32l476xx.o [1]
  .text               ro code  0x0800456c     0x4  startup_stm32l476xx.o [1]
  .text               ro code  0x08004570     0x4  startup_stm32l476xx.o [1]
  .text               ro code  0x08004574     0x4  startup_stm32l476xx.o [1]
  .text               ro code  0x08004578     0x4  startup_stm32l476xx.o [1]
  .text               ro code  0x0800457c     0x4  startup_stm32l476xx.o [1]
  .text               ro code  0x08004580     0x4  startup_stm32l476xx.o [1]
  .text               ro code  0x08004584     0x4  startup_stm32l476xx.o [1]
  .text               ro code  0x08004588     0x4  startup_stm32l476xx.o [1]
  .text               ro code  0x0800458c     0x4  startup_stm32l476xx.o [1]
  .text               ro code  0x08004590     0x4  startup_stm32l476xx.o [1]
  .text               ro code  0x08004594     0x4  startup_stm32l476xx.o [1]
  .text               ro code  0x08004598     0x4  startup_stm32l476xx.o [1]
  .text               ro code  0x0800459c     0x4  startup_stm32l476xx.o [1]
  .text               ro code  0x080045a0     0x4  startup_stm32l476xx.o [1]
  .text               ro code  0x080045a4     0x4  startup_stm32l476xx.o [1]
  .text               ro code  0x080045a8     0x4  startup_stm32l476xx.o [1]
  .text               ro code  0x080045ac     0x4  startup_stm32l476xx.o [1]
  .text               ro code  0x080045b0     0x4  startup_stm32l476xx.o [1]
  .text               ro code  0x080045b4     0x4  startup_stm32l476xx.o [1]
  .text               ro code  0x080045b8     0x4  startup_stm32l476xx.o [1]
  .text               ro code  0x080045bc     0x4  startup_stm32l476xx.o [1]
  .text               ro code  0x080045c0     0x4  startup_stm32l476xx.o [1]
  .text               ro code  0x080045c4     0x4  startup_stm32l476xx.o [1]
  .text               ro code  0x080045c8     0x4  startup_stm32l476xx.o [1]
  .text               ro code  0x080045cc     0x4  startup_stm32l476xx.o [1]
  .text               ro code  0x080045d0     0x4  startup_stm32l476xx.o [1]
  .text               ro code  0x080045d4     0x4  startup_stm32l476xx.o [1]
  .text               ro code  0x080045d8     0x4  startup_stm32l476xx.o [1]
  .text               ro code  0x080045dc     0x4  startup_stm32l476xx.o [1]
  .text               ro code  0x080045e0     0x4  startup_stm32l476xx.o [1]
  .text               ro code  0x080045e4     0x4  startup_stm32l476xx.o [1]
  .text               ro code  0x080045e8     0x4  startup_stm32l476xx.o [1]
  .text               ro code  0x080045ec     0x4  startup_stm32l476xx.o [1]
  .text               ro code  0x080045f0     0x4  startup_stm32l476xx.o [1]
  .text               ro code  0x080045f4     0x4  startup_stm32l476xx.o [1]
  .rodata             const    0x080045f8     0x0  zero_init3.o [5]
  .rodata             const    0x080045f8     0x0  packbits_init_single.o [5]
  Initializer bytes   const    0x080045f8    0x10  <for P2-1>
                             - 0x08004608  0x4480

"P2", part 1 of 3:                          0x104
  P2-1                         0x20000000   0x104  <Init block>
    .data             inited   0x20000000     0x4  system_stm32l4xx.o [1]
    __DLIB_PERTHREAD  inited   0x20000004     0x4  errno.o [3]
    __DLIB_PERTHREAD  inited   0x20000008    0x88  localeconv.o [3]
    __DLIB_PERTHREAD  inited   0x20000090    0x74  setlocale.o [3]
                             - 0x20000104   0x104

"P2", part 2 of 3:                          0x400
  CSTACK                       0x20000108   0x400  <Block>
    CSTACK            uninit   0x20000108   0x400  <Block tail>
                             - 0x20000508   0x400

"P2", part 3 of 3:                          0x184
  .bss                zero     0x20000508    0xd4  main.o [1]
  .bss                zero     0x200005dc    0x70  main.o [1]
  .bss                zero     0x2000064c    0x3c  stm32l4xx_hal_timebase_TIM.o [1]
  .bss                zero     0x20000688     0x4  stm32l4xx_hal.o [1]
                             - 0x2000068c   0x184


*******************************************************************************
*** INIT TABLE
***

          Address     Size
          -------     ----
Zero (__iar_zero_init3)
    1 destination range, total size 0x184:
          0x20000508  0x184

Copy/packbits (__iar_packbits_init_single3)
    1 source range, total size 0x10 (6% of destination):
          0x080045f8   0x10
    1 destination range, total size 0x104:
          0x20000000  0x104



*******************************************************************************
*** MODULE SUMMARY
***

    Module                        ro code  ro data  rw data
    ------                        -------  -------  -------
C:\Users\Benoit\Dev\Code\Benoit\SW9000GPS2\EWARM\SW9000GPS2\Obj: [1]
    main.o                          1 416               324
    startup_stm32l476xx.o             736
    stm32l4xx_hal.o                    64                 4
    stm32l4xx_hal_cortex.o            228
    stm32l4xx_hal_gpio.o              476
    stm32l4xx_hal_msp.o               352
    stm32l4xx_hal_pwr_ex.o            120
    stm32l4xx_hal_rcc.o             1 780
    stm32l4xx_hal_rcc_ex.o          1 368
    stm32l4xx_hal_spi.o               180
    stm32l4xx_hal_tim.o               608
    stm32l4xx_hal_tim_ex.o              4
    stm32l4xx_hal_timebase_TIM.o      124                60
    stm32l4xx_hal_uart.o            1 600
    stm32l4xx_it.o                     28
    system_stm32l4xx.o                140        8        4
    -------------------------------------------------------
    Total:                          9 224        8      392

command line: [2]
    -------------------------------------------------------
    Total:

dl7M_tlf.a: [3]
    errno.o                            12                 4
    exit.o                              4
    isxxx.o                            40
    localeconv.o                      108        8      136
    low_level_init.o                    4
    setlocale.o                        24        8      116
    xlocale_c.o                        42
    xstoflt.o                         464
    xstopfx.o                         290
    xstoxflt.o                        564
    xtls.o                              2
    -------------------------------------------------------
    Total:                          1 554       16      256

m7M_tls.a: [4]
    DblAdd.o                          232
    DblCmpEq.o                         32
    DblCmpGe.o                         46
    DblCmpLe.o                         46
    DblDiv.o                          598
    DblMul.o                          418
    DblSub.o                          384
    DblToI32.o                         76
    I32ToDbl.o                         44
    atan2.o                           244
    fmod.o                            424
    fpinit_M.o                         34
    sqrt.o                            256
    xatan.o                           496
    xdint.o                           122
    xdnorm.o                           68
    xdscale.o                         276
    xdtento.o                         512
    xdtest.o                           64
    xdunscal.o                         82
    xquad.o                           360
    xsin.o                          1 114
    xstod.o                           370
    -------------------------------------------------------
    Total:                          6 298

rt7M_tl.a: [5]
    ABImemset.o                        94
    I64DivMod.o                       238
    I64DivZer.o                         2
    cexit.o                            10
    cmain.o                            26
    cstartup_M.o                       12
    data_init.o                        40
    iarEdom.o                          12
    memchr.o                           88
    packbits_init_single.o             56
    strncpy_unaligned.o               108
    zero_init3.o                       64
    -------------------------------------------------------
    Total:                            750

shb_l.a: [6]
    exit.o                             20
    -------------------------------------------------------
    Total:                             20

    Gaps                               24        2
    Linker created                              32    1 024
-----------------------------------------------------------
    Grand Total:                   17 870       58    1 672


*******************************************************************************
*** ENTRY LIST
***

Entry                      Address   Size  Type      Object
-----                      -------   ----  ----      ------
.iar.init_table$$Base   0x0800440c          --   Gb  - Linker created -
.iar.init_table$$Limit  0x0800442c          --   Gb  - Linker created -
?main                   0x08004449         Code  Gb  cmain.o [5]
AHBPrescTable           0x08004308   0x10  Data  Gb  system_stm32l4xx.o [1]
APBPrescTable           0x080044a8    0x8  Data  Gb  system_stm32l4xx.o [1]
BusFault_Handler        0x08004433    0x2  Code  Gb  stm32l4xx_it.o [1]
CSTACK$$Base            0x20000108          --   Gb  - Linker created -
CSTACK$$Limit           0x20000508          --   Gb  - Linker created -
DebugMon_Handler        0x08004437    0x2  Code  Gb  stm32l4xx_it.o [1]
Directions              0x08001bb1   0x62  Code  Gb  main.o [1]
GPSReceive              0x08001c1f   0x46  Code  Gb  main.o [1]
HAL_Delay               0x080008a3   0x16  Code  Wk  stm32l4xx_hal.o [1]
HAL_GPIO_Init           0x08000e55  0x1a4  Code  Gb  stm32l4xx_hal_gpio.o [1]
HAL_GPIO_TogglePin      0x08001003    0x8  Code  Gb  stm32l4xx_hal_gpio.o [1]
HAL_GPIO_WritePin       0x08000ff9    0xa  Code  Gb  stm32l4xx_hal_gpio.o [1]
HAL_GetTick             0x0800089d    0x6  Code  Wk  stm32l4xx_hal.o [1]
HAL_IncTick             0x08000893    0xa  Code  Wk  stm32l4xx_hal.o [1]
HAL_Init                0x0800087d   0x16  Code  Gb  stm32l4xx_hal.o [1]
HAL_InitTick            0x080008bd   0x66  Code  Gb  stm32l4xx_hal_timebase_TIM.o [1]
HAL_MspInit             0x08000a95   0x5c  Code  Gb  stm32l4xx_hal_msp.o [1]
HAL_NVIC_EnableIRQ      0x08000a1f    0xc  Code  Gb  stm32l4xx_hal_cortex.o [1]
HAL_NVIC_SetPriority    0x080009e5   0x3a  Code  Gb  stm32l4xx_hal_cortex.o [1]
HAL_NVIC_SetPriorityGrouping
                        0x080009cb   0x1a  Code  Gb  stm32l4xx_hal_cortex.o [1]
HAL_PWREx_ControlVoltageScaling
                        0x08000945   0x60  Code  Gb  stm32l4xx_hal_pwr_ex.o [1]
HAL_PWREx_GetVoltageRange
                        0x08000939    0xc  Code  Gb  stm32l4xx_hal_pwr_ex.o [1]
HAL_RCCEx_PeriphCLKConfig
                        0x08001da5  0x3ca  Code  Gb  stm32l4xx_hal_rcc_ex.o [1]
HAL_RCC_ClockConfig     0x08000577  0x122  Code  Gb  stm32l4xx_hal_rcc.o [1]
HAL_RCC_GetClockConfig  0x08000799   0x34  Code  Gb  stm32l4xx_hal_rcc.o [1]
HAL_RCC_GetHCLKFreq     0x0800076f    0x6  Code  Gb  stm32l4xx_hal_rcc.o [1]
HAL_RCC_GetPCLK1Freq    0x08000775   0x10  Code  Gb  stm32l4xx_hal_rcc.o [1]
HAL_RCC_GetPCLK2Freq    0x08000785    0xe  Code  Gb  stm32l4xx_hal_rcc.o [1]
HAL_RCC_GetSysClockFreq
                        0x080006c1   0xae  Code  Gb  stm32l4xx_hal_rcc.o [1]
HAL_RCC_OscConfig       0x08000189  0x3ae  Code  Gb  stm32l4xx_hal_rcc.o [1]
HAL_SPI_Init            0x08001cf1   0xb4  Code  Gb  stm32l4xx_hal_spi.o [1]
HAL_SPI_MspInit         0x08000af1   0x48  Code  Gb  stm32l4xx_hal_msp.o [1]
HAL_SYSTICK_CLKSourceConfig
                        0x08000a5b   0x16  Code  Gb  stm32l4xx_hal_cortex.o [1]
HAL_SYSTICK_Callback    0x08000a79    0x2  Code  Wk  stm32l4xx_hal_cortex.o [1]
HAL_SYSTICK_Config      0x08000a33   0x28  Code  Gb  stm32l4xx_hal_cortex.o [1]
HAL_SYSTICK_IRQHandler  0x08000a71    0x8  Code  Gb  stm32l4xx_hal_cortex.o [1]
HAL_TIMEx_BreakCallback
                        0x08001033    0x2  Code  Wk  stm32l4xx_hal_tim_ex.o [1]
HAL_TIMEx_CommutationCallback
                        0x08001031    0x2  Code  Wk  stm32l4xx_hal_tim_ex.o [1]
HAL_TIM_Base_Init       0x08000bf5   0x1a  Code  Gb  stm32l4xx_hal_tim.o [1]
HAL_TIM_Base_MspInit    0x08000c0f    0x2  Code  Wk  stm32l4xx_hal_tim.o [1]
HAL_TIM_Base_Start_IT   0x08000c11   0x16  Code  Gb  stm32l4xx_hal_tim.o [1]
HAL_TIM_IC_CaptureCallback
                        0x08000d8f    0x2  Code  Wk  stm32l4xx_hal_tim.o [1]
HAL_TIM_IRQHandler      0x08000c43  0x14a  Code  Gb  stm32l4xx_hal_tim.o [1]
HAL_TIM_OC_DelayElapsedCallback
                        0x08000d8d    0x2  Code  Wk  stm32l4xx_hal_tim.o [1]
HAL_TIM_PWM_PulseFinishedCallback
                        0x08000d91    0x2  Code  Wk  stm32l4xx_hal_tim.o [1]
HAL_TIM_PeriodElapsedCallback
                        0x08000935    0x4  Code  Gb  stm32l4xx_hal_timebase_TIM.o [1]
HAL_TIM_TriggerCallback
                        0x08000d93    0x2  Code  Wk  stm32l4xx_hal_tim.o [1]
HAL_UART_Init           0x08001035   0x30  Code  Gb  stm32l4xx_hal_uart.o [1]
HAL_UART_MspInit        0x08000b4b   0x6c  Code  Gb  stm32l4xx_hal_msp.o [1]
HAL_UART_Receive        0x0800114f   0xd0  Code  Gb  stm32l4xx_hal_uart.o [1]
HAL_UART_Transmit       0x080010b1   0x9e  Code  Gb  stm32l4xx_hal_uart.o [1]
HardFault_Handler       0x0800442f    0x2  Code  Gb  stm32l4xx_it.o [1]
MSIRangeTable           0x08004318   0x30  Data  Gb  system_stm32l4xx.o [1]
MemManage_Handler       0x08004431    0x2  Code  Gb  stm32l4xx_it.o [1]
NMI_Handler             0x0800442d    0x2  Code  Gb  stm32l4xx_it.o [1]
NVIC_SetPriority        0x080009b1   0x1a  Code  Lc  stm32l4xx_hal_cortex.o [1]
RCCEx_PLLSAI1_ConfigNP  0x08002199   0x48  Code  Lc  stm32l4xx_hal_rcc_ex.o [1]
RCCEx_PLLSAI1_ConfigNQ  0x08002201   0x54  Code  Lc  stm32l4xx_hal_rcc_ex.o [1]
RCCEx_PLLSAI2_ConfigNP  0x08002267   0x50  Code  Lc  stm32l4xx_hal_rcc_ex.o [1]
RCC_SetFlashLatencyFromMSIRange
                        0x080007cd   0x76  Code  Lc  stm32l4xx_hal_rcc.o [1]
Region$$Table$$Base     0x0800440c          --   Gb  - Linker created -
Region$$Table$$Limit    0x0800442c          --   Gb  - Linker created -
SysTick_Handler         0x08004439    0x4  Code  Gb  stm32l4xx_it.o [1]
SystemClock_Config      0x08001945   0xaa  Code  Gb  main.o [1]
SystemCoreClock         0x20000000    0x4  Data  Gb  system_stm32l4xx.o [1]
SystemInit              0x080042bd   0x3c  Code  Gb  system_stm32l4xx.o [1]
TIM1_UP_TIM16_IRQHandler
                        0x0800443d    0x6  Code  Gb  stm32l4xx_it.o [1]
TIM_Base_SetConfig      0x08000d95   0x9e  Code  Gb  stm32l4xx_hal_tim.o [1]
UART_AdvFeatureConfig   0x080014bf   0xc6  Code  Gb  stm32l4xx_hal_uart.o [1]
UART_CheckIdleState     0x08001585   0x4a  Code  Gb  stm32l4xx_hal_uart.o [1]
UART_SetConfig          0x08001225  0x260  Code  Gb  stm32l4xx_hal_uart.o [1]
UART_WaitOnFlagUntilTimeout
                        0x080015d1   0x8a  Code  Gb  stm32l4xx_hal_uart.o [1]
UsageFault_Handler      0x08004435    0x2  Code  Gb  stm32l4xx_it.o [1]
_IsdstStr               0x20000094    0x4  Data  Gb  setlocale.o [3]
_LocaleC_isalpha        0x08004291   0x16  Code  Gb  xlocale_c.o [3]
_LocaleC_isspace        0x080042a7   0x14  Code  Gb  xlocale_c.o [3]
_LocaleForCat           0x08004279   0x14  Code  Gb  setlocale.o [3]
_LocaleReturnString     0x200000b4   0x50  Data  Lc  setlocale.o [3]
_Locale_Profile         0x20000098   0x1c  Data  Gb  setlocale.o [3]
_Locale_aeabi_lconv     0x20000058   0x38  Data  Gb  localeconv.o [3]
_Locale_lconv           0x20000008   0x50  Data  Gb  localeconv.o [3]
_Stoflt                 0x08003799  0x1d0  Code  Gb  xstoflt.o [3]
_Stopfx                 0x08003677  0x122  Code  Gb  xstopfx.o [3]
_Stoxflt                0x08003b69  0x1fa  Code  Gb  xstoxflt.o [3]
_Stoxflt::digits        0x08003d6c   0x18  Data  Lc  xstoxflt.o [3]
_Stoxflt::vals          0x08003d84   0x18  Data  Lc  xstoxflt.o [3]
_TzoneStr               0x20000090    0x4  Data  Gb  setlocale.o [3]
__aeabi_cdcmpeq         0x08003f2d         Code  Gb  DblCmpEq.o [4]
__aeabi_cdcmple         0x08003229         Code  Gb  DblCmpLe.o [4]
__aeabi_cdrcmple        0x08003449         Code  Gb  DblCmpGe.o [4]
__aeabi_d2iz            0x080028fd         Code  Gb  DblToI32.o [4]
__aeabi_dadd            0x08002621         Code  Gb  DblAdd.o [4]
__aeabi_ddiv            0x08002f85         Code  Gb  DblDiv.o [4]
__aeabi_dmul            0x0800247d         Code  Gb  DblMul.o [4]
__aeabi_dsub            0x080022fd         Code  Gb  DblSub.o [4]
__aeabi_errno_addr      0x080034a5    0x6  Code  Gb  errno.o [3]
__aeabi_i2d             0x08003479         Code  Gb  I32ToDbl.o [4]
__aeabi_ldiv0           0x08001765         Code  Gb  I64DivZer.o [5]
__aeabi_uldivmod        0x08001675         Code  Gb  I64DivMod.o [5]
__cmain                 0x08004449         Code  Gb  cmain.o [5]
__exit                  0x08004479   0x14  Code  Gb  exit.o [6]
__iar_Atan              0x08003259  0x158  Code  Gb  xatan.o [4]
__iar_Dint              0x08003eb3   0x7a  Code  Gb  xdint.o [4]
__iar_Dnorm             0x08004189   0x44  Code  Gb  xdnorm.o [4]
__iar_Dscale            0x08003d9d  0x114  Code  Gb  xdscale.o [4]
__iar_Dtentox           0x080039c5  0x140  Code  Gb  xdtento.o [4]
__iar_Dtest             0x080031e9   0x30  Code  Gb  xdtest.o [4]
__iar_Dunscale          0x080041cd   0x52  Code  Gb  xdunscal.o [4]
__iar_Errno             0x20000004    0x4  Data  Gb  errno.o [3]
__iar_Locale_lconv_init
                        0x0800411d   0x3a  Code  Gb  localeconv.o [3]
__iar_Memchr            0x08004221         Code  Gb  memchr.o [5]
__iar_Memset_word       0x08003619         Code  Gb  ABImemset.o [5]
__iar_Quad              0x080034b1  0x12c  Code  Gb  xquad.o [4]
__iar_Sin               0x08002949  0x3ac  Code  Gb  xsin.o [4]
__iar_Stodx             0x08002e11  0x150  Code  Gb  xstod.o [4]
__iar_d2uiz             0x08002929         Code  Gb  DblToI32.o [4]
__iar_dadd              0x08002635         Code  Gb  DblAdd.o [4]
__iar_data_init3        0x080043c1   0x28  Code  Gb  data_init.o [5]
__iar_dlib_perthread_access
                        0x08003eb1    0x2  Code  Gb  xtls.o [3]
__iar_dsub              0x08002311         Code  Gb  DblSub.o [4]
__iar_dsubStart         0x08002323         Code  Gb  DblSub.o [4]
__iar_edom              0x080031dd         Code  Gb  iarEdom.o [5]
__iar_fmod              0x08003f4d         Code  Gb  fmod.o [4]
__iar_fmodl             0x08003f4d         Code  Gb  fmod.o [4]
__iar_init_vfp          0x080043e9         Code  Gb  fpinit_M.o [4]
__iar_packbits_init_single3
                        0x08004389   0x38  Code  Gb  packbits_init_single.o [5]
__iar_program_start     0x0800449d         Code  Gb  cstartup_M.o [5]
__iar_sqrt              0x08002719         Code  Gb  sqrt.o [4]
__iar_ui2d              0x0800348d         Code  Gb  I32ToDbl.o [4]
__iar_unaligned_strncpy
                        0x08002da5         Code  Gb  strncpy_unaligned.o [5]
__iar_vfp___iar_Sin     0x08002d91   0x12  Code  Gb  xsin.o [4]
__iar_vfp___iar_Stod    0x08002f75    0x4  Code  Gb  xstod.o [4]
__iar_vfp_atan2         0x080028e9   0x14  Code  Gb  atan2.o [4]
__iar_vfp_sqrt          0x08002709         Code  Gb  sqrt.o [4]
__iar_vfp_sqrtl         0x08002709         Code  Gb  sqrt.o [4]
__iar_zero_init3        0x08004349   0x40  Code  Gb  zero_init3.o [5]
__low_level_init        0x08004463    0x4  Code  Gb  low_level_init.o [3]
__vector_table          0x08000000         Data  Gb  startup_stm32l476xx.o [1]
_call_main              0x08004455         Code  Gb  cmain.o [5]
_exit                   0x0800446d         Code  Gb  cexit.o [5]
_main                   0x0800445f         Code  Gb  cmain.o [5]
a                       0x08003408   0x40  Data  Lc  xatan.o [4]
atan2                   0x08002809   0xd0  Code  Gb  atan2.o [4]
calculateditance        0x080019f1  0x116  Code  Gb  main.o [1]
dmul                    0x08003969   0x5a  Code  Lc  xdtento.o [4]
exit                    0x08004467    0x4  Code  Gb  exit.o [3]
fmod                    0x08003f4d         Code  Gb  fmod.o [4]
fmodl                   0x08003f4d         Code  Gb  fmod.o [4]
hspi2                   0x20000508   0x64  Data  Gb  main.o [1]
htim1                   0x2000064c   0x3c  Data  Gb  stm32l4xx_hal_timebase_TIM.o [1]
huart1                  0x200005dc   0x70  Data  Gb  main.o [1]
huart2                  0x2000056c   0x70  Data  Gb  main.o [1]
isalpha                 0x080040f5   0x14  Code  Gb  isxxx.o [3]
isspace                 0x08004109   0x14  Code  Gb  isxxx.o [3]
localeconv              0x08004157   0x16  Code  Gb  localeconv.o [3]
main                    0x08001769  0x1d0  Code  Gb  main.o [1]
memchr                  0x08004221         Code  Gb  memchr.o [5]
pows                    0x08003b20   0x48  Data  Lc  xdtento.o [4]
sqrt                    0x08002719         Code  Gb  sqrt.o [4]
sqrtl                   0x08002719         Code  Gb  sqrt.o [4]
uwTick                  0x20000688    0x4  Data  Gb  stm32l4xx_hal.o [1]


[1] = C:\Users\Benoit\Dev\Code\Benoit\SW9000GPS2\EWARM\SW9000GPS2\Obj
[2] = command line
[3] = dl7M_tlf.a
[4] = m7M_tls.a
[5] = rt7M_tl.a
[6] = shb_l.a

  17 870 bytes of readonly  code memory
      58 bytes of readonly  data memory
   1 672 bytes of readwrite data memory

Errors: none
Warnings: none
